../Core/Src/main.c:91:5:main	8	static
../Core/Src/main.c:149:6:SystemClock_Config	88	static
../Core/Src/main.c:195:13:MX_I2C1_Init	8	static
../Core/Src/main.c:229:13:MX_I2S3_Init	8	static
../Core/Src/main.c:263:13:MX_SPI1_Init	8	static
../Core/Src/main.c:301:13:MX_GPIO_Init	56	static
../Core/Src/main.c:406:5:Do_HighPass	24	static
../Core/Src/main.c:428:5:Do_PitchShift	48	static
../Core/Src/main.c:476:6:HAL_I2SEx_TxRxHalfCpltCallback	32	static
../Core/Src/main.c:493:6:HAL_I2SEx_TxRxCpltCallback	32	static
../Core/Src/main.c:515:6:Error_Handler	4	static,ignoring_inline_asm
