../Core/Src/main.c:97:9:Read_ADC	8	static
../Core/Src/main.c:113:5:main	8	static
../Core/Src/main.c:202:6:SystemClock_Config	88	static
../Core/Src/main.c:248:13:MX_ADC1_Init	24	static
../Core/Src/main.c:300:13:MX_I2C1_Init	8	static
../Core/Src/main.c:334:13:MX_I2S3_Init	8	static
../Core/Src/main.c:368:13:MX_SPI1_Init	8	static
../Core/Src/main.c:406:13:MX_TIM1_Init	80	static
../Core/Src/main.c:475:13:MX_USART2_UART_Init	8	static
../Core/Src/main.c:506:13:MX_DMA_Init	16	static
../Core/Src/main.c:527:13:MX_GPIO_Init	56	static
../Core/Src/main.c:637:6:StartDefaultTask	184	static
../Core/Src/main.c:723:6:Error_Handler	4	static,ignoring_inline_asm
