Component: Arm Compiler for Embedded 6.19 Tool: armlink [5e73cb00]

==============================================================================

Section Cross References

    startup_stm32f103xb.o(STACK) refers (Special) to heapauxi.o(.text) for __use_two_region_memory
    startup_stm32f103xb.o(HEAP) refers (Special) to heapauxi.o(.text) for __use_two_region_memory
    startup_stm32f103xb.o(RESET) refers (Special) to heapauxi.o(.text) for __use_two_region_memory
    startup_stm32f103xb.o(RESET) refers to startup_stm32f103xb.o(STACK) for __initial_sp
    startup_stm32f103xb.o(RESET) refers to startup_stm32f103xb.o(.text) for Reset_Handler
    startup_stm32f103xb.o(RESET) refers to stm32f1xx_it.o(.text.NMI_Handler) for NMI_Handler
    startup_stm32f103xb.o(RESET) refers to stm32f1xx_it.o(.text.HardFault_Handler) for HardFault_Handler
    startup_stm32f103xb.o(RESET) refers to stm32f1xx_it.o(.text.MemManage_Handler) for MemManage_Handler
    startup_stm32f103xb.o(RESET) refers to stm32f1xx_it.o(.text.BusFault_Handler) for BusFault_Handler
    startup_stm32f103xb.o(RESET) refers to stm32f1xx_it.o(.text.UsageFault_Handler) for UsageFault_Handler
    startup_stm32f103xb.o(RESET) refers to stm32f1xx_it.o(.text.SVC_Handler) for SVC_Handler
    startup_stm32f103xb.o(RESET) refers to stm32f1xx_it.o(.text.DebugMon_Handler) for DebugMon_Handler
    startup_stm32f103xb.o(RESET) refers to stm32f1xx_it.o(.text.PendSV_Handler) for PendSV_Handler
    startup_stm32f103xb.o(RESET) refers to stm32f1xx_it.o(.text.SysTick_Handler) for SysTick_Handler
    startup_stm32f103xb.o(.text) refers (Special) to heapauxi.o(.text) for __use_two_region_memory
    startup_stm32f103xb.o(.text) refers to system_stm32f1xx.o(.text.SystemInit) for SystemInit
    startup_stm32f103xb.o(.text) refers to __main.o(!!!main) for __main
    startup_stm32f103xb.o(.text) refers to startup_stm32f103xb.o(HEAP) for Heap_Mem
    startup_stm32f103xb.o(.text) refers to startup_stm32f103xb.o(STACK) for Stack_Mem
    dwt_delay.o(.ARM.exidx.text.DWT_Init) refers to dwt_delay.o(.text.DWT_Init) for [Anonymous Symbol]
    dwt_delay.o(.text.DWT_Delay) refers to system_stm32f1xx.o(.data.SystemCoreClock) for SystemCoreClock
    dwt_delay.o(.ARM.exidx.text.DWT_Delay) refers to dwt_delay.o(.text.DWT_Delay) for [Anonymous Symbol]
    lcd16x2.o(.text.lcd16x2_init_8bits) refers to lcd16x2.o(.bss..L_MergedGlobals) for .L_MergedGlobals
    lcd16x2.o(.text.lcd16x2_init_8bits) refers to lcd16x2.o(.data.FunctionSet) for FunctionSet
    lcd16x2.o(.text.lcd16x2_init_8bits) refers to stm32f1xx_hal.o(.text.HAL_Delay) for HAL_Delay
    lcd16x2.o(.text.lcd16x2_init_8bits) refers to stm32f1xx_hal_gpio.o(.text.HAL_GPIO_WritePin) for HAL_GPIO_WritePin
    lcd16x2.o(.text.lcd16x2_init_8bits) refers to lcd16x2.o(.text.lcd16x2_write) for lcd16x2_write
    lcd16x2.o(.ARM.exidx.text.lcd16x2_init_8bits) refers to lcd16x2.o(.text.lcd16x2_init_8bits) for [Anonymous Symbol]
    lcd16x2.o(.text.lcd16x2_init_4bits) refers to lcd16x2.o(.bss..L_MergedGlobals) for .L_MergedGlobals
    lcd16x2.o(.text.lcd16x2_init_4bits) refers to lcd16x2.o(.data.FunctionSet) for FunctionSet
    lcd16x2.o(.text.lcd16x2_init_4bits) refers to stm32f1xx_hal.o(.text.HAL_Delay) for HAL_Delay
    lcd16x2.o(.text.lcd16x2_init_4bits) refers to stm32f1xx_hal_gpio.o(.text.HAL_GPIO_WritePin) for HAL_GPIO_WritePin
    lcd16x2.o(.text.lcd16x2_init_4bits) refers to lcd16x2.o(.text.lcd16x2_enablePulse) for lcd16x2_enablePulse
    lcd16x2.o(.text.lcd16x2_init_4bits) refers to lcd16x2.o(.text.lcd16x2_write) for lcd16x2_write
    lcd16x2.o(.ARM.exidx.text.lcd16x2_init_4bits) refers to lcd16x2.o(.text.lcd16x2_init_4bits) for [Anonymous Symbol]
    lcd16x2.o(.text.lcd16x2_setCursor) refers to lcd16x2.o(.bss..L_MergedGlobals) for .L_MergedGlobals
    lcd16x2.o(.text.lcd16x2_setCursor) refers to stm32f1xx_hal_gpio.o(.text.HAL_GPIO_WritePin) for HAL_GPIO_WritePin
    lcd16x2.o(.text.lcd16x2_setCursor) refers to lcd16x2.o(.text.lcd16x2_write) for lcd16x2_write
    lcd16x2.o(.ARM.exidx.text.lcd16x2_setCursor) refers to lcd16x2.o(.text.lcd16x2_setCursor) for [Anonymous Symbol]
    lcd16x2.o(.text.lcd16x2_1stLine) refers to lcd16x2.o(.bss..L_MergedGlobals) for .L_MergedGlobals
    lcd16x2.o(.text.lcd16x2_1stLine) refers to stm32f1xx_hal_gpio.o(.text.HAL_GPIO_WritePin) for HAL_GPIO_WritePin
    lcd16x2.o(.text.lcd16x2_1stLine) refers to lcd16x2.o(.text.lcd16x2_write) for lcd16x2_write
    lcd16x2.o(.ARM.exidx.text.lcd16x2_1stLine) refers to lcd16x2.o(.text.lcd16x2_1stLine) for [Anonymous Symbol]
    lcd16x2.o(.text.lcd16x2_2ndLine) refers to lcd16x2.o(.bss..L_MergedGlobals) for .L_MergedGlobals
    lcd16x2.o(.text.lcd16x2_2ndLine) refers to stm32f1xx_hal_gpio.o(.text.HAL_GPIO_WritePin) for HAL_GPIO_WritePin
    lcd16x2.o(.text.lcd16x2_2ndLine) refers to lcd16x2.o(.text.lcd16x2_write) for lcd16x2_write
    lcd16x2.o(.ARM.exidx.text.lcd16x2_2ndLine) refers to lcd16x2.o(.text.lcd16x2_2ndLine) for [Anonymous Symbol]
[...]
    ../clib/printf_percent.s                 0x00000000   Number         0  _printf_ll.o ABSOLUTE
    ../clib/printf_percent.s                 0x00000000   Number         0  _printf_l.o ABSOLUTE
    ../clib/printf_percent.s                 0x00000000   Number         0  _printf_lc.o ABSOLUTE
    ../clib/printf_percent.s                 0x00000000   Number         0  _printf_ls.o ABSOLUTE
    ../clib/printf_percent.s                 0x00000000   Number         0  _printf_llo.o ABSOLUTE
    ../clib/printf_percent.s                 0x00000000   Number         0  _printf_llx.o ABSOLUTE
    ../clib/signal.c                         0x00000000   Number         0  defsig_rtmem_outer.o ABSOLUTE
    ../clib/signal.c                         0x00000000   Number         0  defsig_rtmem_formal.o ABSOLUTE
    ../clib/signal.c                         0x00000000   Number         0  defsig_exit.o ABSOLUTE
    ../clib/signal.c                         0x00000000   Number         0  defsig_rtmem_inner.o ABSOLUTE
    ../clib/signal.c                         0x00000000   Number         0  __raise.o ABSOLUTE
    ../clib/signal.c                         0x00000000   Number         0  defsig_general.o ABSOLUTE
    ../clib/signal.c                         0x00000000   Number         0  defsig_abrt_inner.o ABSOLUTE
    ../clib/signal.c                         0x00000000   Number         0  defsig_fpe_inner.o ABSOLUTE
    ../clib/signal.c                         0x00000000   Number         0  defsig_rtred_inner.o ABSOLUTE
    ../clib/signal.c                         0x00000000   Number         0  defsig_stak_inner.o ABSOLUTE
    ../clib/signal.c                         0x00000000   Number         0  defsig_pvfn_inner.o ABSOLUTE
    ../clib/signal.c                         0x00000000   Number         0  defsig_cppl_inner.o ABSOLUTE
    ../clib/signal.c                         0x00000000   Number         0  defsig_segv_inner.o ABSOLUTE
    ../clib/signal.c                         0x00000000   Number         0  defsig_other.o ABSOLUTE
    ../clib/signal.s                         0x00000000   Number         0  defsig.o ABSOLUTE
    ../clib/stdlib.c                         0x00000000   Number         0  exit.o ABSOLUTE
    ../clib/string.c                         0x00000000   Number         0  strlen.o ABSOLUTE
    ../fplib/d2f.s                           0x00000000   Number         0  d2f.o ABSOLUTE
    ../fplib/ddiv.s                          0x00000000   Number         0  ddiv.o ABSOLUTE
    ../fplib/dnaninf.s                       0x00000000   Number         0  dnaninf.o ABSOLUTE
    ../fplib/dretinf.s                       0x00000000   Number         0  dretinf.o ABSOLUTE
    ../fplib/f2d.s                           0x00000000   Number         0  f2d.o ABSOLUTE
    ../fplib/fflt.s                          0x00000000   Number         0  fflt_clz.o ABSOLUTE
    ../fplib/fnaninf.s                       0x00000000   Number         0  fnaninf.o ABSOLUTE
    ../fplib/fpinit.s                        0x00000000   Number         0  fpinit.o ABSOLUTE
    ../fplib/fpinit_empty.s                  0x00000000   Number         0  fpinit_empty.o ABSOLUTE
    ../fplib/fretinf.s                       0x00000000   Number         0  fretinf.o ABSOLUTE
    ../fplib/istatus.s                       0x00000000   Number         0  istatus.o ABSOLUTE
    ../fplib/printf1.s                       0x00000000   Number         0  printf1.o ABSOLUTE
    ../fplib/printf2.s                       0x00000000   Number         0  printf2.o ABSOLUTE
    ../fplib/printf2a.s                      0x00000000   Number         0  printf2a.o ABSOLUTE
    ../fplib/printf2b.s                      0x00000000   Number         0  printf2b.o ABSOLUTE
    ../fplib/usenofp.s                       0x00000000   Number         0  usenofp.o ABSOLUTE
    ../mathlib/fpclassify.c                  0x00000000   Number         0  fpclassify.o ABSOLUTE
    dc.s                                     0x00000000   Number         0  dc.o ABSOLUTE
    dwt_delay.c                              0x00000000   Number         0  dwt_delay.o ABSOLUTE
    lcd16x2.c                                0x00000000   Number         0  lcd16x2.o ABSOLUTE
    main.c                                   0x00000000   Number         0  main.o ABSOLUTE
    startup_stm32f103xb.s                    0x00000000   Number         0  startup_stm32f103xb.o ABSOLUTE
    stm32f1xx_hal.c                          0x00000000   Number         0  stm32f1xx_hal.o ABSOLUTE
    stm32f1xx_hal_cortex.c                   0x00000000   Number         0  stm32f1xx_hal_cortex.o ABSOLUTE
    stm32f1xx_hal_dma.c                      0x00000000   Number         0  stm32f1xx_hal_dma.o ABSOLUTE
    stm32f1xx_hal_exti.c                     0x00000000   Number         0  stm32f1xx_hal_exti.o ABSOLUTE
    stm32f1xx_hal_flash.c                    0x00000000   Number         0  stm32f1xx_hal_flash.o ABSOLUTE
    stm32f1xx_hal_flash_ex.c                 0x00000000   Number         0  stm32f1xx_hal_flash_ex.o ABSOLUTE
    stm32f1xx_hal_gpio.c                     0x00000000   Number         0  stm32f1xx_hal_gpio.o ABSOLUTE
    stm32f1xx_hal_gpio_ex.c                  0x00000000   Number         0  stm32f1xx_hal_gpio_ex.o ABSOLUTE
    stm32f1xx_hal_msp.c                      0x00000000   Number         0  stm32f1xx_hal_msp.o ABSOLUTE
    stm32f1xx_hal_pwr.c                      0x00000000   Number         0  stm32f1xx_hal_pwr.o ABSOLUTE
    stm32f1xx_hal_rcc.c                      0x00000000   Number         0  stm32f1xx_hal_rcc.o ABSOLUTE
    stm32f1xx_hal_rcc_ex.c                   0x00000000   Number         0  stm32f1xx_hal_rcc_ex.o ABSOLUTE
    stm32f1xx_hal_tim.c                      0x00000000   Number         0  stm32f1xx_hal_tim.o ABSOLUTE
    stm32f1xx_hal_tim_ex.c                   0x00000000   Number         0  stm32f1xx_hal_tim_ex.o ABSOLUTE
    stm32f1xx_it.c                           0x00000000   Number         0  stm32f1xx_it.o ABSOLUTE
    system_stm32f1xx.c                       0x00000000   Number         0  system_stm32f1xx.o ABSOLUTE
    RESET                                    0x08000000   Section      236  startup_stm32f103xb.o(RESET)
    !!!main                                  0x080000ec   Section        8  __main.o(!!!main)
    !!!scatter                               0x080000f4   Section       52  __scatter.o(!!!scatter)
    !!handler_copy                           0x08000128   Section       26  __scatter_copy.o(!!handler_copy)
    !!handler_zi                             0x08000144   Section       28  __scatter_zi.o(!!handler_zi)
    .ARM.Collect$$_printf_percent$$00000000  0x08000160   Section        0  _printf_percent.o(.ARM.Collect$$_printf_percent$$00000000)
    .ARM.Collect$$_printf_percent$$00000001  0x08000160   Section        6  _printf_n.o(.ARM.Collect$$_printf_percent$$00000001)
    .ARM.Collect$$_printf_percent$$00000002  0x08000166   Section        6  _printf_p.o(.ARM.Collect$$_printf_percent$$00000002)
    .ARM.Collect$$_printf_percent$$00000003  0x0800016c   Section        6  _printf_f.o(.ARM.Collect$$_printf_percent$$00000003)
    .ARM.Collect$$_printf_percent$$00000004  0x08000172   Section        6  _printf_e.o(.ARM.Collect$$_printf_percent$$00000004)
    .ARM.Collect$$_printf_percent$$00000005  0x08000178   Section        6  _printf_g.o(.ARM.Collect$$_printf_percent$$00000005)
    .ARM.Collect$$_printf_percent$$00000006  0x0800017e   Section        6  _printf_a.o(.ARM.Collect$$_printf_percent$$00000006)
    .ARM.Collect$$_printf_percent$$00000007  0x08000184   Section       10  _printf_ll.o(.ARM.Collect$$_printf_percent$$00000007)
    .ARM.Collect$$_printf_percent$$00000008  0x0800018e   Section        6  _printf_i.o(.ARM.Collect$$_printf_percent$$00000008)
    .ARM.Collect$$_printf_percent$$00000009  0x08000194   Section        6  _printf_d.o(.ARM.Collect$$_printf_percent$$00000009)
    .ARM.Collect$$_printf_percent$$0000000A  0x0800019a   Section        6  _printf_u.o(.ARM.Collect$$_printf_percent$$0000000A)
    .ARM.Collect$$_printf_percent$$0000000B  0x080001a0   Section        6  _printf_o.o(.ARM.Collect$$_printf_percent$$0000000B)
    .ARM.Collect$$_printf_percent$$0000000C  0x080001a6   Section        6  _printf_x.o(.ARM.Collect$$_printf_percent$$0000000C)
    .ARM.Collect$$_printf_percent$$0000000D  0x080001ac   Section        6  _printf_lli.o(.ARM.Collect$$_printf_percent$$0000000D)
    .ARM.Collect$$_printf_percent$$0000000E  0x080001b2   Section        6  _printf_lld.o(.ARM.Collect$$_printf_percent$$0000000E)
    .ARM.Collect$$_printf_percent$$0000000F  0x080001b8   Section        6  _printf_llu.o(.ARM.Collect$$_printf_percent$$0000000F)
    .ARM.Collect$$_printf_percent$$00000010  0x080001be   Section        6  _printf_llo.o(.ARM.Collect$$_printf_percent$$00000010)
    .ARM.Collect$$_printf_percent$$00000011  0x080001c4   Section        6  _printf_llx.o(.ARM.Collect$$_printf_percent$$00000011)
    .ARM.Collect$$_printf_percent$$00000012  0x080001ca   Section       10  _printf_l.o(.ARM.Collect$$_printf_percent$$00000012)
    .ARM.Collect$$_printf_percent$$00000013  0x080001d4   Section        6  _printf_c.o(.ARM.Collect$$_printf_percent$$00000013)
    .ARM.Collect$$_printf_percent$$00000014  0x080001da   Section        6  _printf_s.o(.ARM.Collect$$_printf_percent$$00000014)
    .ARM.Collect$$_printf_percent$$00000015  0x080001e0   Section        6  _printf_lc.o(.ARM.Collect$$_printf_percent$$00000015)
    .ARM.Collect$$_printf_percent$$00000016  0x080001e6   Section        6  _printf_ls.o(.ARM.Collect$$_printf_percent$$00000016)
    .ARM.Collect$$_printf_percent$$00000017  0x080001ec   Section        4  _printf_percent_end.o(.ARM.Collect$$_printf_percent$$00000017)
    .ARM.Collect$$libinit$$00000000          0x080001f0   Section        2  libinit.o(.ARM.Collect$$libinit$$00000000)
    .ARM.Collect$$libinit$$00000002          0x080001f2   Section        0  libinit2.o(.ARM.Collect$$libinit$$00000002)
    .ARM.Collect$$libinit$$00000004          0x080001f2   Section        0  libinit2.o(.ARM.Collect$$libinit$$00000004)
    .ARM.Collect$$libinit$$00000006          0x080001f2   Section        0  libinit2.o(.ARM.Collect$$libinit$$00000006)
    .ARM.Collect$$libinit$$0000000C          0x080001f2   Section        0  libinit2.o(.ARM.Collect$$libinit$$0000000C)
    .ARM.Collect$$libinit$$0000000E          0x080001f2   Section        0  libinit2.o(.ARM.Collect$$libinit$$0000000E)
    .ARM.Collect$$libinit$$00000010          0x080001f2   Section        0  libinit2.o(.ARM.Collect$$libinit$$00000010)
    .ARM.Collect$$libinit$$00000011          0x080001f2   Section        6  libinit2.o(.ARM.Collect$$libinit$$00000011)
    .ARM.Collect$$libinit$$00000013          0x080001f8   Section        0  libinit2.o(.ARM.Collect$$libinit$$00000013)
    .ARM.Collect$$libinit$$00000014          0x080001f8   Section       12  libinit2.o(.ARM.Collect$$libinit$$00000014)
    .ARM.Collect$$libinit$$00000015          0x08000204   Section        0  libinit2.o(.ARM.Collect$$libinit$$00000015)
    .ARM.Collect$$libinit$$00000017          0x08000204   Section        0  libinit2.o(.ARM.Collect$$libinit$$00000017)
    .ARM.Collect$$libinit$$00000018          0x08000204   Section       10  libinit2.o(.ARM.Collect$$libinit$$00000018)
    .ARM.Collect$$libinit$$00000019          0x0800020e   Section        0  libinit2.o(.ARM.Collect$$libinit$$00000019)
    .ARM.Collect$$libinit$$0000001B          0x0800020e   Section        0  libinit2.o(.ARM.Collect$$libinit$$0000001B)
    .ARM.Collect$$libinit$$0000001D          0x0800020e   Section        0  libinit2.o(.ARM.Collect$$libinit$$0000001D)
    .ARM.Collect$$libinit$$0000001F          0x0800020e   Section        0  libinit2.o(.ARM.Collect$$libinit$$0000001F)
    .ARM.Collect$$libinit$$00000021          0x0800020e   Section        0  libinit2.o(.ARM.Collect$$libinit$$00000021)
    .ARM.Collect$$libinit$$00000023          0x0800020e   Section        0  libinit2.o(.ARM.Collect$$libinit$$00000023)
    .ARM.Collect$$libinit$$00000025          0x0800020e   Section        0  libinit2.o(.ARM.Collect$$libinit$$00000025)
    .ARM.Collect$$libinit$$00000027          0x0800020e   Section        0  libinit2.o(.ARM.Collect$$libinit$$00000027)
    .ARM.Collect$$libinit$$0000002E          0x0800020e   Section        0  libinit2.o(.ARM.Collect$$libinit$$0000002E)
    .ARM.Collect$$libinit$$00000030          0x0800020e   Section        0  libinit2.o(.ARM.Collect$$libinit$$00000030)
    .ARM.Collect$$libinit$$00000032          0x0800020e   Section        0  libinit2.o(.ARM.Collect$$libinit$$00000032)
    .ARM.Collect$$libinit$$00000034          0x0800020e   Section        0  libinit2.o(.ARM.Collect$$libinit$$00000034)
    .ARM.Collect$$libinit$$00000035          0x0800020e   Section        2  libinit2.o(.ARM.Collect$$libinit$$00000035)
    .ARM.Collect$$libshutdown$$00000000      0x08000210   Section        2  libshutdown.o(.ARM.Collect$$libshutdown$$00000000)
    .ARM.Collect$$libshutdown$$00000002      0x08000212   Section        0  libshutdown2.o(.ARM.Collect$$libshutdown$$00000002)
    .ARM.Collect$$libshutdown$$00000004      0x08000212   Section        0  libshutdown2.o(.ARM.Collect$$libshutdown$$00000004)
    .ARM.Collect$$libshutdown$$00000007      0x08000212   Section        0  libshutdown2.o(.ARM.Collect$$libshutdown$$00000007)
    .ARM.Collect$$libshutdown$$0000000A      0x08000212   Section        0  libshutdown2.o(.ARM.Collect$$libshutdown$$0000000A)
    .ARM.Collect$$libshutdown$$0000000C      0x08000212   Section        0  libshutdown2.o(.ARM.Collect$$libshutdown$$0000000C)
    .ARM.Collect$$libshutdown$$0000000F      0x08000212   Section        0  libshutdown2.o(.ARM.Collect$$libshutdown$$0000000F)
    .ARM.Collect$$libshutdown$$00000010      0x08000212   Section        2  libshutdown2.o(.ARM.Collect$$libshutdown$$00000010)
    .ARM.Collect$$rtentry$$00000000          0x08000214   Section        0  __rtentry.o(.ARM.Collect$$rtentry$$00000000)
    .ARM.Collect$$rtentry$$00000002          0x08000214   Section        0  __rtentry2.o(.ARM.Collect$$rtentry$$00000002)
    .ARM.Collect$$rtentry$$00000004          0x08000214   Section        6  __rtentry4.o(.ARM.Collect$$rtentry$$00000004)
    .ARM.Collect$$rtentry$$00000009          0x0800021a   Section        0  __rtentry2.o(.ARM.Collect$$rtentry$$00000009)
    .ARM.Collect$$rtentry$$0000000A          0x0800021a   Section        4  __rtentry2.o(.ARM.Collect$$rtentry$$0000000A)
    .ARM.Collect$$rtentry$$0000000C          0x0800021e   Section        0  __rtentry2.o(.ARM.Collect$$rtentry$$0000000C)
    .ARM.Collect$$rtentry$$0000000D          0x0800021e   Section        8  __rtentry2.o(.ARM.Collect$$rtentry$$0000000D)
    .ARM.Collect$$rtexit$$00000000           0x08000226   Section        2  rtexit.o(.ARM.Collect$$rtexit$$00000000)
    .ARM.Collect$$rtexit$$00000002           0x08000228   Section        0  rtexit2.o(.ARM.Collect$$rtexit$$00000002)
    .ARM.Collect$$rtexit$$00000003           0x08000228   Section        4  rtexit2.o(.ARM.Collect$$rtexit$$00000003)
    .ARM.Collect$$rtexit$$00000004           0x0800022c   Section        6  rtexit2.o(.ARM.Collect$$rtexit$$00000004)
    .text                                    0x08000234   Section       64  startup_stm32f103xb.o(.text)
    .text                                    0x08000274   Section        0  vsprintf.o(.text)
    .text                                    0x08000298   Section        0  __2sprintf.o(.text)
    .text                                    0x080002c4   Section        0  __printf_flags_ss_wp.o(.text)
    .text                                    0x0800044c   Section        0  strlen.o(.text)
    .text                                    0x0800048a   Section        0  heapauxi.o(.text)
    .text                                    0x08000490   Section        0  _printf_pad.o(.text)
    .text                                    0x080004de   Section        0  _printf_truncate.o(.text)
    .text                                    0x08000502   Section        0  _printf_str.o(.text)
    .text                                    0x08000554   Section        0  _printf_dec.o(.text)
    .text                                    0x080005cc   Section        0  _printf_charcount.o(.text)
    _fp_digits                               0x080005f5   Thumb Code   432  _printf_fp_dec.o(.text)
    .text                                    0x080005f4   Section        0  _printf_fp_dec.o(.text)
    _printf_input_char                       0x08000a11   Thumb Code    10  _printf_char_common.o(.text)
    .text                                    0x08000a10   Section        0  _printf_char_common.o(.text)
    .text                                    0x08000a40   Section        0  _sputc.o(.text)
    .text                                    0x08000a4c   Section        0  _printf_wctomb.o(.text)
    .text                                    0x08000b08   Section        0  _printf_longlong_dec.o(.text)
    _printf_longlong_oct_internal            0x08000b85   Thumb Code     0  _printf_oct_int_ll.o(.text)
    .text                                    0x08000b84   Section        0  _printf_oct_int_ll.o(.text)
    _printf_hex_common                       0x08000bf5   Thumb Code     0  _printf_hex_int_ll_ptr.o(.text)
    .text                                    0x08000bf4   Section        0  _printf_hex_int_ll_ptr.o(.text)
    .text                                    0x08000c88   Section        8  rt_locale_intlibspace.o(.text)
    .text                                    0x08000c90   Section      138  lludiv10.o(.text)
    .text                                    0x08000d1a   Section        0  _printf_intcommon.o(.text)
    .text                                    0x08000dcc   Section        0  _printf_fp_hex.o(.text)
    .text                                    0x080010c8   Section        0  _printf_fp_infnan.o(.text)
    .text                                    0x08001148   Section        0  _printf_char.o(.text)
    .text                                    0x08001174   Section        0  _printf_wchar.o(.text)
    .text                                    0x080011a0   Section        0  bigflt0.o(.text)
    .text                                    0x08001284   Section        0  _c16rtomb.o(.text)
    .text                                    0x080012cc   Section        8  libspace.o(.text)
    .text                                    0x080012d4   Section       74  sys_stackheap_outer.o(.text)
    .text                                    0x08001320   Section       16  rt_ctype_table.o(.text)
    .text                                    0x08001330   Section        0  exit.o(.text)
    .text                                    0x08001344   Section      128  strcmpv7m.o(.text)
    .text                                    0x080013c4   Section        0  sys_exit.o(.text)
    .text                                    0x080013d0   Section        2  use_no_semi.o(.text)
    .text                                    0x080013d2   Section        0  indicate_semi.o(.text)
    [Anonymous Symbol]                       0x080013d4   Section        0  stm32f1xx_it.o(.text.BusFault_Handler)
    [Anonymous Symbol]                       0x080013d8   Section        0  dwt_delay.o(.text.DWT_Delay)
    [Anonymous Symbol]                       0x08001428   Section        0  stm32f1xx_it.o(.text.DebugMon_Handler)
    [Anonymous Symbol]                       0x0800142c   Section        0  stm32f1xx_hal.o(.text.HAL_Delay)
    [Anonymous Symbol]                       0x08001454   Section        0  stm32f1xx_hal_gpio.o(.text.HAL_GPIO_Init)
    [Anonymous Symbol]                       0x08001670   Section        0  stm32f1xx_hal_gpio.o(.text.HAL_GPIO_ReadPin)
    [Anonymous Symbol]                       0x0800167c   Section        0  stm32f1xx_hal_gpio.o(.text.HAL_GPIO_WritePin)
    [Anonymous Symbol]                       0x08001688   Section        0  stm32f1xx_hal.o(.text.HAL_GetTick)
    [Anonymous Symbol]                       0x08001694   Section        0  stm32f1xx_hal.o(.text.HAL_IncTick)
    [Anonymous Symbol]                       0x080016b0   Section        0  stm32f1xx_hal.o(.text.HAL_Init)
    [Anonymous Symbol]                       0x080016d8   Section        0  stm32f1xx_hal.o(.text.HAL_InitTick)
    [Anonymous Symbol]                       0x08001720   Section        0  stm32f1xx_hal_msp.o(.text.HAL_MspInit)
    [Anonymous Symbol]                       0x08001764   Section        0  stm32f1xx_hal_cortex.o(.text.HAL_NVIC_SetPriority)
    [Anonymous Symbol]                       0x080017bc   Section        0  stm32f1xx_hal_cortex.o(.text.HAL_NVIC_SetPriorityGrouping)
    [Anonymous Symbol]                       0x080017dc   Section        0  stm32f1xx_hal_rcc.o(.text.HAL_RCC_ClockConfig)
    [Anonymous Symbol]                       0x0800199c   Section        0  stm32f1xx_hal_rcc.o(.text.HAL_RCC_GetHCLKFreq)
    [Anonymous Symbol]                       0x080019a8   Section        0  stm32f1xx_hal_rcc.o(.text.HAL_RCC_OscConfig)
    [Anonymous Symbol]                       0x08001d5c   Section        0  stm32f1xx_hal_cortex.o(.text.HAL_SYSTICK_Config)
    [Anonymous Symbol]                       0x08001d88   Section        0  stm32f1xx_it.o(.text.HardFault_Handler)
    [Anonymous Symbol]                       0x08001d8c   Section        0  stm32f1xx_it.o(.text.MemManage_Handler)
    [Anonymous Symbol]                       0x08001d90   Section        0  stm32f1xx_it.o(.text.NMI_Handler)
    [Anonymous Symbol]                       0x08001d94   Section        0  stm32f1xx_it.o(.text.PendSV_Handler)
    [Anonymous Symbol]                       0x08001d98   Section        0  stm32f1xx_it.o(.text.SVC_Handler)
    [Anonymous Symbol]                       0x08001d9c   Section        0  main.o(.text.Sensor_Read)
    [Anonymous Symbol]                       0x08001e38   Section        0  stm32f1xx_it.o(.text.SysTick_Handler)
    [Anonymous Symbol]                       0x08001e3c   Section        0  system_stm32f1xx.o(.text.SystemInit)
    [Anonymous Symbol]                       0x08001e40   Section        0  stm32f1xx_it.o(.text.UsageFault_Handler)
    [Anonymous Symbol]                       0x08001e44   Section        0  lcd16x2.o(.text.lcd16x2_1stLine)
    lcd16x2_enablePulse                      0x08001e65   Thumb Code   176  lcd16x2.o(.text.lcd16x2_enablePulse)
    [Anonymous Symbol]                       0x08001e64   Section        0  lcd16x2.o(.text.lcd16x2_enablePulse)
    [Anonymous Symbol]                       0x08001f14   Section        0  lcd16x2.o(.text.lcd16x2_init_4bits)
    [Anonymous Symbol]                       0x080020bc   Section        0  lcd16x2.o(.text.lcd16x2_printf)
    lcd16x2_write                            0x080022d5   Thumb Code   180  lcd16x2.o(.text.lcd16x2_write)
    [Anonymous Symbol]                       0x080022d4   Section        0  lcd16x2.o(.text.lcd16x2_write)
    [Anonymous Symbol]                       0x08002388   Section        0  main.o(.text.main)
    CL$$btod_d2e                             0x080024ec   Section       62  btod.o(CL$$btod_d2e)
    CL$$btod_d2e_denorm_low                  0x0800252a   Section       70  btod.o(CL$$btod_d2e_denorm_low)
    CL$$btod_d2e_norm_op1                    0x08002570   Section       96  btod.o(CL$$btod_d2e_norm_op1)
    CL$$btod_div_common                      0x080025d0   Section      824  btod.o(CL$$btod_div_common)
    CL$$btod_e2e                             0x08002908   Section      220  btod.o(CL$$btod_e2e)
    CL$$btod_ediv                            0x080029e4   Section       42  btod.o(CL$$btod_ediv)
    CL$$btod_emul                            0x08002a0e   Section       42  btod.o(CL$$btod_emul)
    CL$$btod_mult_common                     0x08002a38   Section      580  btod.o(CL$$btod_mult_common)
    i.__ARM_fpclassify                       0x08002c7c   Section        0  fpclassify.o(i.__ARM_fpclassify)
    i._is_digit                              0x08002ca4   Section        0  __printf_wp.o(i._is_digit)
    locale$$code                             0x08002cb4   Section       44  lc_numeric_c.o(locale$$code)
    locale$$code                             0x08002ce0   Section       44  lc_ctype_c.o(locale$$code)
    x$fpl$d2f                                0x08002d0c   Section       98  d2f.o(x$fpl$d2f)
    x$fpl$ddiv                               0x08002d70   Section      692  ddiv.o(x$fpl$ddiv)
    ddiv_entry                               0x08002d77   Thumb Code     0  ddiv.o(x$fpl$ddiv)
    x$fpl$dnaninf                            0x08003024   Section      156  dnaninf.o(x$fpl$dnaninf)
    x$fpl$dretinf                            0x080030c0   Section       12  dretinf.o(x$fpl$dretinf)
    x$fpl$f2d                                0x080030cc   Section       86  f2d.o(x$fpl$f2d)
    x$fpl$ffltu                              0x08003124   Section       38  fflt_clz.o(x$fpl$ffltu)
    x$fpl$fnaninf                            0x0800314a   Section      140  fnaninf.o(x$fpl$fnaninf)
    x$fpl$fretinf                            0x080031d6   Section       10  fretinf.o(x$fpl$fretinf)
    x$fpl$printf1                            0x080031e0   Section        4  printf1.o(x$fpl$printf1)
    x$fpl$printf2                            0x080031e4   Section        4  printf2.o(x$fpl$printf2)
    maptable                                 0x080031e8   Data          17  __printf_flags_ss_wp.o(.constdata)
    .constdata                               0x080031e8   Section       17  __printf_flags_ss_wp.o(.constdata)
    x$fpl$usenofp                            0x080031e8   Section        0  usenofp.o(x$fpl$usenofp)
    initial_mbstate                          0x080031fc   Data           8  _printf_wctomb.o(.constdata)
    .constdata                               0x080031fc   Section        8  _printf_wctomb.o(.constdata)
    uc_hextab                                0x08003204   Data          20  _printf_hex_int_ll_ptr.o(.constdata)
    .constdata                               0x08003204   Section       40  _printf_hex_int_ll_ptr.o(.constdata)
    lc_hextab                                0x08003218   Data          20  _printf_hex_int_ll_ptr.o(.constdata)
    lc_hextab                                0x0800322c   Data          19  _printf_fp_hex.o(.constdata)
    .constdata                               0x0800322c   Section       38  _printf_fp_hex.o(.constdata)
    uc_hextab                                0x0800323f   Data          19  _printf_fp_hex.o(.constdata)
    tenpwrs_x                                0x08003254   Data          60  bigflt0.o(.constdata)
    .constdata                               0x08003254   Section      148  bigflt0.o(.constdata)
    tenpwrs_i                                0x08003290   Data          64  bigflt0.o(.constdata)
    .L__const.HAL_RCC_GetSysClockFreq.aPredivFactorTable 0x080032e8   Data           2  stm32f1xx_hal_rcc.o(.rodata..L__const.HAL_RCC_GetSysClockFreq.aPredivFactorTable)
    .L__const.HAL_RCC_GetSysClockFreq.aPLLMULFactorTable 0x080032fa   Data          16  stm32f1xx_hal_rcc.o(.rodata.cst16)
    locale$$data                             0x0800332c   Section       28  lc_numeric_c.o(locale$$data)
    __lcnum_c_name                           0x08003330   Data           2  lc_numeric_c.o(locale$$data)
    __lcnum_c_start                          0x08003338   Data           0  lc_numeric_c.o(locale$$data)
    __lcnum_c_point                          0x08003344   Data           0  lc_numeric_c.o(locale$$data)
    __lcnum_c_thousands                      0x08003346   Data           0  lc_numeric_c.o(locale$$data)
    __lcnum_c_grouping                       0x08003347   Data           0  lc_numeric_c.o(locale$$data)
    __lcnum_c_end                            0x08003348   Data           0  lc_numeric_c.o(locale$$data)
    locale$$data                             0x08003348   Section      272  lc_ctype_c.o(locale$$data)
    __lcctype_c_name                         0x0800334c   Data           2  lc_ctype_c.o(locale$$data)
    __lcctype_c_start                        0x08003354   Data           0  lc_ctype_c.o(locale$$data)
    __lcctype_c_end                          0x08003458   Data           0  lc_ctype_c.o(locale$$data)
    .L_MergedGlobals                         0x20000000   Data           8  stm32f1xx_hal.o(.data..L_MergedGlobals)
    [Anonymous Symbol]                       0x20000000   Section        0  stm32f1xx_hal.o(.data..L_MergedGlobals)
    FunctionSet                              0x20000008   Data           1  lcd16x2.o(.data.FunctionSet)
    [Anonymous Symbol]                       0x20000008   Section        0  lcd16x2.o(.data.FunctionSet)
    .bss                                     0x20000010   Section       96  libspace.o(.bss)
    .L_MergedGlobals                         0x20000070   Data          36  lcd16x2.o(.bss..L_MergedGlobals)
    is8BitsMode                              0x20000070   Data           1  lcd16x2.o(.bss..L_MergedGlobals)
    [Anonymous Symbol]                       0x20000070   Section        0  lcd16x2.o(.bss..L_MergedGlobals)
    PIN_RS                                   0x20000072   Data           2  lcd16x2.o(.bss..L_MergedGlobals)
    PIN_E                                    0x20000074   Data           2  lcd16x2.o(.bss..L_MergedGlobals)
    D0_PIN                                   0x20000076   Data           2  lcd16x2.o(.bss..L_MergedGlobals)
    D1_PIN                                   0x20000078   Data           2  lcd16x2.o(.bss..L_MergedGlobals)
    D2_PIN                                   0x2000007a   Data           2  lcd16x2.o(.bss..L_MergedGlobals)
    D3_PIN                                   0x2000007c   Data           2  lcd16x2.o(.bss..L_MergedGlobals)
    D4_PIN                                   0x2000007e   Data           2  lcd16x2.o(.bss..L_MergedGlobals)
    D5_PIN                                   0x20000080   Data           2  lcd16x2.o(.bss..L_MergedGlobals)
    D6_PIN                                   0x20000082   Data           2  lcd16x2.o(.bss..L_MergedGlobals)
    D7_PIN                                   0x20000084   Data           2  lcd16x2.o(.bss..L_MergedGlobals)
    PORT_RS_and_E                            0x20000088   Data           4  lcd16x2.o(.bss..L_MergedGlobals)
    PORT_LSB                                 0x2000008c   Data           4  lcd16x2.o(.bss..L_MergedGlobals)
    PORT_MSB                                 0x20000090   Data           4  lcd16x2.o(.bss..L_MergedGlobals)
    .L_MergedGlobals                         0x20000094   Data          36  main.o(.bss..L_MergedGlobals)
    [Anonymous Symbol]                       0x20000094   Section        0  main.o(.bss..L_MergedGlobals)
    Heap_Mem                                 0x200000c0   Data         512  startup_stm32f103xb.o(HEAP)
    HEAP                                     0x200000c0   Section      512  startup_stm32f103xb.o(HEAP)
    Stack_Mem                                0x200002c0   Data        1024  startup_stm32f103xb.o(STACK)
    STACK                                    0x200002c0   Section     1024  startup_stm32f103xb.o(STACK)
    __initial_sp                             0x200006c0   Data           0  startup_stm32f103xb.o(STACK)

    Global Symbols

    Symbol Name                              Value     Ov Type        Size  Object(Section)

    BuildAttributes$$THM_ISAv4$P$D$K$B$S$PE$A:L22UL41UL21$X:L11$S22US41US21$IEEE1$IW$~IW$USESV6$~STKCKD$USESV7$~SHL$OTIME$ROPI$IEEEJ$EBA8$UX$STANDARDLIB$REQ8$PRES8$EABIv2 0x00000000   Number         0  anon$$obj.o ABSOLUTE
    __fp_init_empty                          0x00000000   Number         0  fpinit_empty.o ABSOLUTE
    _printf_flags                            0x00000000   Number         0  printf_stubs.o ABSOLUTE
    _printf_return_value                     0x00000000   Number         0  printf_stubs.o ABSOLUTE
    _printf_sizespec                         0x00000000   Number         0  printf_stubs.o ABSOLUTE
    _printf_widthprec                        0x00000000   Number         0  printf_stubs.o ABSOLUTE
    __ARM_exceptions_init                     - Undefined Weak Reference
    __alloca_initialize                       - Undefined Weak Reference
    __arm_preinit_                            - Undefined Weak Reference
    __arm_relocate_pie_                       - Undefined Weak Reference
    __cpp_initialize__aeabi_                  - Undefined Weak Reference
    __cxa_finalize                            - Undefined Weak Reference
    __sigvec_lookup                           - Undefined Weak Reference
    _atexit_init                              - Undefined Weak Reference
    _call_atexit_fns                          - Undefined Weak Reference
    _clock_init                               - Undefined Weak Reference
    _fp_trap_init                             - Undefined Weak Reference
    _fp_trap_shutdown                         - Undefined Weak Reference
    _get_lc_collate                           - Undefined Weak Reference
    _get_lc_monetary                          - Undefined Weak Reference
    _get_lc_time                              - Undefined Weak Reference
    _getenv_init                              - Undefined Weak Reference
    _handle_redirection                       - Undefined Weak Reference
    _init_alloc                               - Undefined Weak Reference
    _init_user_alloc                          - Undefined Weak Reference
    _initio                                   - Undefined Weak Reference
    _printf_mbtowc                            - Undefined Weak Reference
    _printf_wc                                - Undefined Weak Reference
    _rand_init                                - Undefined Weak Reference
    _signal_finish                            - Undefined Weak Reference
    _signal_init                              - Undefined Weak Reference
    _terminate_alloc                          - Undefined Weak Reference
    _terminate_user_alloc                     - Undefined Weak Reference
    _terminateio                              - Undefined Weak Reference
    __Vectors_Size                           0x000000ec   Number         0  startup_stm32f103xb.o ABSOLUTE
    __Vectors                                0x08000000   Data           4  startup_stm32f103xb.o(RESET)
    __Vectors_End                            0x080000ec   Data           0  startup_stm32f103xb.o(RESET)
    __main                                   0x080000ed   Thumb Code     8  __main.o(!!!main)
    __scatterload                            0x080000f5   Thumb Code     0  __scatter.o(!!!scatter)
    __scatterload_rt2                        0x080000f5   Thumb Code    44  __scatter.o(!!!scatter)
    __scatterload_rt2_thumb_only             0x080000f5   Thumb Code     0  __scatter.o(!!!scatter)
    __scatterload_null                       0x08000103   Thumb Code     0  __scatter.o(!!!scatter)
    __scatterload_copy                       0x08000129   Thumb Code    26  __scatter_copy.o(!!handler_copy)
    __scatterload_zeroinit                   0x08000145   Thumb Code    28  __scatter_zi.o(!!handler_zi)
    _printf_n                                0x08000161   Thumb Code     0  _printf_n.o(.ARM.Collect$$_printf_percent$$00000001)
    _printf_percent                          0x08000161   Thumb Code     0  _printf_percent.o(.ARM.Collect$$_printf_percent$$00000000)
    _printf_p                                0x08000167   Thumb Code     0  _printf_p.o(.ARM.Collect$$_printf_percent$$00000002)
    _printf_f                                0x0800016d   Thumb Code     0  _printf_f.o(.ARM.Collect$$_printf_percent$$00000003)
    _printf_e                                0x08000173   Thumb Code     0  _printf_e.o(.ARM.Collect$$_printf_percent$$00000004)
    _printf_g                                0x08000179   Thumb Code     0  _printf_g.o(.ARM.Collect$$_printf_percent$$00000005)
    _printf_a                                0x0800017f   Thumb Code     0  _printf_a.o(.ARM.Collect$$_printf_percent$$00000006)
    _printf_ll                               0x08000185   Thumb Code     0  _printf_ll.o(.ARM.Collect$$_printf_percent$$00000007)
    _printf_i                                0x0800018f   Thumb Code     0  _printf_i.o(.ARM.Collect$$_printf_percent$$00000008)
    _printf_d                                0x08000195   Thumb Code     0  _printf_d.o(.ARM.Collect$$_printf_percent$$00000009)
    _printf_u                                0x0800019b   Thumb Code     0  _printf_u.o(.ARM.Collect$$_printf_percent$$0000000A)
    _printf_o                                0x080001a1   Thumb Code     0  _printf_o.o(.ARM.Collect$$_printf_percent$$0000000B)
    _printf_x                                0x080001a7   Thumb Code     0  _printf_x.o(.ARM.Collect$$_printf_percent$$0000000C)
    _printf_lli                              0x080001ad   Thumb Code     0  _printf_lli.o(.ARM.Collect$$_printf_percent$$0000000D)
    _printf_lld                              0x080001b3   Thumb Code     0  _printf_lld.o(.ARM.Collect$$_printf_percent$$0000000E)
    _printf_llu                              0x080001b9   Thumb Code     0  _printf_llu.o(.ARM.Collect$$_printf_percent$$0000000F)
    _printf_llo                              0x080001bf   Thumb Code     0  _printf_llo.o(.ARM.Collect$$_printf_percent$$00000010)
    _printf_llx                              0x080001c5   Thumb Code     0  _printf_llx.o(.ARM.Collect$$_printf_percent$$00000011)
    _printf_l                                0x080001cb   Thumb Code     0  _printf_l.o(.ARM.Collect$$_printf_percent$$00000012)
    _printf_c                                0x080001d5   Thumb Code     0  _printf_c.o(.ARM.Collect$$_printf_percent$$00000013)
    _printf_s                                0x080001db   Thumb Code     0  _printf_s.o(.ARM.Collect$$_printf_percent$$00000014)
    _printf_lc                               0x080001e1   Thumb Code     0  _printf_lc.o(.ARM.Collect$$_printf_percent$$00000015)
    _printf_ls                               0x080001e7   Thumb Code     0  _printf_ls.o(.ARM.Collect$$_printf_percent$$00000016)
    _printf_percent_end                      0x080001ed   Thumb Code     0  _printf_percent_end.o(.ARM.Collect$$_printf_percent$$00000017)
    __rt_lib_init                            0x080001f1   Thumb Code     0  libinit.o(.ARM.Collect$$libinit$$00000000)
    __rt_lib_init_fp_1                       0x080001f3   Thumb Code     0  libinit2.o(.ARM.Collect$$libinit$$00000002)
    __rt_lib_init_heap_1                     0x080001f3   Thumb Code     0  libinit2.o(.ARM.Collect$$libinit$$0000000C)
    __rt_lib_init_lc_common                  0x080001f3   Thumb Code     0  libinit2.o(.ARM.Collect$$libinit$$00000011)
    __rt_lib_init_preinit_1                  0x080001f3   Thumb Code     0  libinit2.o(.ARM.Collect$$libinit$$00000006)
    __rt_lib_init_rand_1                     0x080001f3   Thumb Code     0  libinit2.o(.ARM.Collect$$libinit$$00000010)
    __rt_lib_init_relocate_pie_1             0x080001f3   Thumb Code     0  libinit2.o(.ARM.Collect$$libinit$$00000004)
    __rt_lib_init_user_alloc_1               0x080001f3   Thumb Code     0  libinit2.o(.ARM.Collect$$libinit$$0000000E)
    __rt_lib_init_lc_collate_1               0x080001f9   Thumb Code     0  libinit2.o(.ARM.Collect$$libinit$$00000013)
    __rt_lib_init_lc_ctype_2                 0x080001f9   Thumb Code     0  libinit2.o(.ARM.Collect$$libinit$$00000014)
    __rt_lib_init_lc_ctype_1                 0x08000205   Thumb Code     0  libinit2.o(.ARM.Collect$$libinit$$00000015)
    __rt_lib_init_lc_monetary_1              0x08000205   Thumb Code     0  libinit2.o(.ARM.Collect$$libinit$$00000017)
    __rt_lib_init_lc_numeric_2               0x08000205   Thumb Code     0  libinit2.o(.ARM.Collect$$libinit$$00000018)
    __rt_lib_init_alloca_1                   0x0800020f   Thumb Code     0  libinit2.o(.ARM.Collect$$libinit$$00000030)
    __rt_lib_init_argv_1                     0x0800020f   Thumb Code     0  libinit2.o(.ARM.Collect$$libinit$$0000002E)
    __rt_lib_init_atexit_1                   0x0800020f   Thumb Code     0  libinit2.o(.ARM.Collect$$libinit$$0000001D)
    __rt_lib_init_clock_1                    0x0800020f   Thumb Code     0  libinit2.o(.ARM.Collect$$libinit$$00000023)
    __rt_lib_init_cpp_1                      0x0800020f   Thumb Code     0  libinit2.o(.ARM.Collect$$libinit$$00000034)
    __rt_lib_init_exceptions_1               0x0800020f   Thumb Code     0  libinit2.o(.ARM.Collect$$libinit$$00000032)
    __rt_lib_init_fp_trap_1                  0x0800020f   Thumb Code     0  libinit2.o(.ARM.Collect$$libinit$$00000021)
    __rt_lib_init_getenv_1                   0x0800020f   Thumb Code     0  libinit2.o(.ARM.Collect$$libinit$$00000025)
    __rt_lib_init_lc_numeric_1               0x0800020f   Thumb Code     0  libinit2.o(.ARM.Collect$$libinit$$00000019)
    __rt_lib_init_lc_time_1                  0x0800020f   Thumb Code     0  libinit2.o(.ARM.Collect$$libinit$$0000001B)
    __rt_lib_init_return                     0x0800020f   Thumb Code     0  libinit2.o(.ARM.Collect$$libinit$$00000035)
    __rt_lib_init_signal_1                   0x0800020f   Thumb Code     0  libinit2.o(.ARM.Collect$$libinit$$0000001F)
    __rt_lib_init_stdio_1                    0x0800020f   Thumb Code     0  libinit2.o(.ARM.Collect$$libinit$$00000027)
    __rt_lib_shutdown                        0x08000211   Thumb Code     0  libshutdown.o(.ARM.Collect$$libshutdown$$00000000)
    __rt_lib_shutdown_cpp_1                  0x08000213   Thumb Code     0  libshutdown2.o(.ARM.Collect$$libshutdown$$00000002)
    __rt_lib_shutdown_fp_trap_1              0x08000213   Thumb Code     0  libshutdown2.o(.ARM.Collect$$libshutdown$$00000007)
    __rt_lib_shutdown_heap_1                 0x08000213   Thumb Code     0  libshutdown2.o(.ARM.Collect$$libshutdown$$0000000F)
    __rt_lib_shutdown_return                 0x08000213   Thumb Code     0  libshutdown2.o(.ARM.Collect$$libshutdown$$00000010)
    __rt_lib_shutdown_signal_1               0x08000213   Thumb Code     0  libshutdown2.o(.ARM.Collect$$libshutdown$$0000000A)
    __rt_lib_shutdown_stdio_1                0x08000213   Thumb Code     0  libshutdown2.o(.ARM.Collect$$libshutdown$$00000004)
    __rt_lib_shutdown_user_alloc_1           0x08000213   Thumb Code     0  libshutdown2.o(.ARM.Collect$$libshutdown$$0000000C)
    __rt_entry                               0x08000215   Thumb Code     0  __rtentry.o(.ARM.Collect$$rtentry$$00000000)
    __rt_entry_presh_1                       0x08000215   Thumb Code     0  __rtentry2.o(.ARM.Collect$$rtentry$$00000002)
    __rt_entry_sh                            0x08000215   Thumb Code     0  __rtentry4.o(.ARM.Collect$$rtentry$$00000004)
    __rt_entry_li                            0x0800021b   Thumb Code     0  __rtentry2.o(.ARM.Collect$$rtentry$$0000000A)
    __rt_entry_postsh_1                      0x0800021b   Thumb Code     0  __rtentry2.o(.ARM.Collect$$rtentry$$00000009)
    __rt_entry_main                          0x0800021f   Thumb Code     0  __rtentry2.o(.ARM.Collect$$rtentry$$0000000D)
    __rt_entry_postli_1                      0x0800021f   Thumb Code     0  __rtentry2.o(.ARM.Collect$$rtentry$$0000000C)
    __rt_exit                                0x08000227   Thumb Code     0  rtexit.o(.ARM.Collect$$rtexit$$00000000)
    __rt_exit_ls                             0x08000229   Thumb Code     0  rtexit2.o(.ARM.Collect$$rtexit$$00000003)
    __rt_exit_prels_1                        0x08000229   Thumb Code     0  rtexit2.o(.ARM.Collect$$rtexit$$00000002)
    __rt_exit_exit                           0x0800022d   Thumb Code     0  rtexit2.o(.ARM.Collect$$rtexit$$00000004)
    Reset_Handler                            0x08000235   Thumb Code     8  startup_stm32f103xb.o(.text)
    ADC1_2_IRQHandler                        0x0800024f   Thumb Code     0  startup_stm32f103xb.o(.text)
    CAN1_RX1_IRQHandler                      0x0800024f   Thumb Code     0  startup_stm32f103xb.o(.text)
    CAN1_SCE_IRQHandler                      0x0800024f   Thumb Code     0  startup_stm32f103xb.o(.text)
    DMA1_Channel1_IRQHandler                 0x0800024f   Thumb Code     0  startup_stm32f103xb.o(.text)
    DMA1_Channel2_IRQHandler                 0x0800024f   Thumb Code     0  startup_stm32f103xb.o(.text)
    DMA1_Channel3_IRQHandler                 0x0800024f   Thumb Code     0  startup_stm32f103xb.o(.text)
    DMA1_Channel4_IRQHandler                 0x0800024f   Thumb Code     0  startup_stm32f103xb.o(.text)
    DMA1_Channel5_IRQHandler                 0x0800024f   Thumb Code     0  startup_stm32f103xb.o(.text)
    DMA1_Channel6_IRQHandler                 0x0800024f   Thumb Code     0  startup_stm32f103xb.o(.text)
    DMA1_Channel7_IRQHandler                 0x0800024f   Thumb Code     0  startup_stm32f103xb.o(.text)
    EXTI0_IRQHandler                         0x0800024f   Thumb Code     0  startup_stm32f103xb.o(.text)
    EXTI15_10_IRQHandler                     0x0800024f   Thumb Code     0  startup_stm32f103xb.o(.text)
    EXTI1_IRQHandler                         0x0800024f   Thumb Code     0  startup_stm32f103xb.o(.text)
    EXTI2_IRQHandler                         0x0800024f   Thumb Code     0  startup_stm32f103xb.o(.text)
    EXTI3_IRQHandler                         0x0800024f   Thumb Code     0  startup_stm32f103xb.o(.text)
    EXTI4_IRQHandler                         0x0800024f   Thumb Code     0  startup_stm32f103xb.o(.text)
    EXTI9_5_IRQHandler                       0x0800024f   Thumb Code     0  startup_stm32f103xb.o(.text)
    FLASH_IRQHandler                         0x0800024f   Thumb Code     0  startup_stm32f103xb.o(.text)
    I2C1_ER_IRQHandler                       0x0800024f   Thumb Code     0  startup_stm32f103xb.o(.text)
    I2C1_EV_IRQHandler                       0x0800024f   Thumb Code     0  startup_stm32f103xb.o(.text)
    I2C2_ER_IRQHandler                       0x0800024f   Thumb Code     0  startup_stm32f103xb.o(.text)
    I2C2_EV_IRQHandler                       0x0800024f   Thumb Code     0  startup_stm32f103xb.o(.text)
    PVD_IRQHandler                           0x0800024f   Thumb Code     0  startup_stm32f103xb.o(.text)
    RCC_IRQHandler                           0x0800024f   Thumb Code     0  startup_stm32f103xb.o(.text)
    RTC_Alarm_IRQHandler                     0x0800024f   Thumb Code     0  startup_stm32f103xb.o(.text)
    RTC_IRQHandler                           0x0800024f   Thumb Code     0  startup_stm32f103xb.o(.text)
    SPI1_IRQHandler                          0x0800024f   Thumb Code     0  startup_stm32f103xb.o(.text)
    SPI2_IRQHandler                          0x0800024f   Thumb Code     0  startup_stm32f103xb.o(.text)
    TAMPER_IRQHandler                        0x0800024f   Thumb Code     0  startup_stm32f103xb.o(.text)
    TIM1_BRK_IRQHandler                      0x0800024f   Thumb Code     0  startup_stm32f103xb.o(.text)
    TIM1_CC_IRQHandler                       0x0800024f   Thumb Code     0  startup_stm32f103xb.o(.text)
    TIM1_TRG_COM_IRQHandler                  0x0800024f   Thumb Code     0  startup_stm32f103xb.o(.text)
    TIM1_UP_IRQHandler                       0x0800024f   Thumb Code     0  startup_stm32f103xb.o(.text)
    TIM2_IRQHandler                          0x0800024f   Thumb Code     0  startup_stm32f103xb.o(.text)
    TIM3_IRQHandler                          0x0800024f   Thumb Code     0  startup_stm32f103xb.o(.text)
    TIM4_IRQHandler                          0x0800024f   Thumb Code     0  startup_stm32f103xb.o(.text)
    USART1_IRQHandler                        0x0800024f   Thumb Code     0  startup_stm32f103xb.o(.text)
    USART2_IRQHandler                        0x0800024f   Thumb Code     0  startup_stm32f103xb.o(.text)
    USART3_IRQHandler                        0x0800024f   Thumb Code     0  startup_stm32f103xb.o(.text)
    USBWakeUp_IRQHandler                     0x0800024f   Thumb Code     0  startup_stm32f103xb.o(.text)
    USB_HP_CAN1_TX_IRQHandler                0x0800024f   Thumb Code     0  startup_stm32f103xb.o(.text)
    USB_LP_CAN1_RX0_IRQHandler               0x0800024f   Thumb Code     0  startup_stm32f103xb.o(.text)
    WWDG_IRQHandler                          0x0800024f   Thumb Code     0  startup_stm32f103xb.o(.text)
    __user_initial_stackheap                 0x08000251   Thumb Code     0  startup_stm32f103xb.o(.text)
    vsprintf                                 0x08000275   Thumb Code    32  vsprintf.o(.text)
    __2sprintf                               0x08000299   Thumb Code    38  __2sprintf.o(.text)
    __printf                                 0x080002c5   Thumb Code   388  __printf_flags_ss_wp.o(.text)
    strlen                                   0x0800044d   Thumb Code    62  strlen.o(.text)
    __use_two_region_memory                  0x0800048b   Thumb Code     2  heapauxi.o(.text)
    __rt_heap_escrow$2region                 0x0800048d   Thumb Code     2  heapauxi.o(.text)
    __rt_heap_expand$2region                 0x0800048f   Thumb Code     2  heapauxi.o(.text)
    _printf_pre_padding                      0x08000491   Thumb Code    44  _printf_pad.o(.text)
    _printf_post_padding                     0x080004bd   Thumb Code    34  _printf_pad.o(.text)
    _printf_truncate_signed                  0x080004df   Thumb Code    18  _printf_truncate.o(.text)
    _printf_truncate_unsigned                0x080004f1   Thumb Code    18  _printf_truncate.o(.text)
    _printf_str                              0x08000503   Thumb Code    82  _printf_str.o(.text)
    _printf_int_dec                          0x08000555   Thumb Code   104  _printf_dec.o(.text)
    _printf_charcount                        0x080005cd   Thumb Code    40  _printf_charcount.o(.text)
    _printf_fp_dec_real                      0x080007a5   Thumb Code   620  _printf_fp_dec.o(.text)
    _printf_char_common                      0x08000a1b   Thumb Code    32  _printf_char_common.o(.text)
    _sputc                                   0x08000a41   Thumb Code    10  _sputc.o(.text)
    _printf_wctomb                           0x08000a4d   Thumb Code   182  _printf_wctomb.o(.text)
    _printf_longlong_dec                     0x08000b09   Thumb Code   108  _printf_longlong_dec.o(.text)
    _printf_longlong_oct                     0x08000b85   Thumb Code    68  _printf_oct_int_ll.o(.text)
    _printf_int_oct                          0x08000bc9   Thumb Code    24  _printf_oct_int_ll.o(.text)
    _printf_ll_oct                           0x08000be1   Thumb Code    12  _printf_oct_int_ll.o(.text)
    _printf_longlong_hex                     0x08000bf5   Thumb Code    86  _printf_hex_int_ll_ptr.o(.text)
    _printf_int_hex                          0x08000c4b   Thumb Code    28  _printf_hex_int_ll_ptr.o(.text)
    _printf_ll_hex                           0x08000c67   Thumb Code    12  _printf_hex_int_ll_ptr.o(.text)
    _printf_hex_ptr                          0x08000c73   Thumb Code    18  _printf_hex_int_ll_ptr.o(.text)
    __rt_locale                              0x08000c89   Thumb Code     8  rt_locale_intlibspace.o(.text)
    _ll_udiv10                               0x08000c91   Thumb Code   138  lludiv10.o(.text)
    _printf_int_common                       0x08000d1b   Thumb Code   178  _printf_intcommon.o(.text)
    _printf_fp_hex_real                      0x08000dcd   Thumb Code   756  _printf_fp_hex.o(.text)
    _printf_fp_infnan                        0x080010c9   Thumb Code   112  _printf_fp_infnan.o(.text)
    _printf_cs_common                        0x08001149   Thumb Code    20  _printf_char.o(.text)
    _printf_char                             0x0800115d   Thumb Code    16  _printf_char.o(.text)
    _printf_string                           0x0800116d   Thumb Code     8  _printf_char.o(.text)
    _printf_lcs_common                       0x08001175   Thumb Code    20  _printf_wchar.o(.text)
    _printf_wchar                            0x08001189   Thumb Code    16  _printf_wchar.o(.text)
    _printf_wstring                          0x08001199   Thumb Code     8  _printf_wchar.o(.text)
    _btod_etento                             0x080011a1   Thumb Code   224  bigflt0.o(.text)
    _c16rtomb                                0x08001285   Thumb Code    72  _c16rtomb.o(.text)
    _wcrtomb                                 0x08001285   Thumb Code     0  _c16rtomb.o(.text)
    __user_libspace                          0x080012cd   Thumb Code     8  libspace.o(.text)
    __user_perproc_libspace                  0x080012cd   Thumb Code     0  libspace.o(.text)
    __user_perthread_libspace                0x080012cd   Thumb Code     0  libspace.o(.text)
    __user_setup_stackheap                   0x080012d5   Thumb Code    74  sys_stackheap_outer.o(.text)
    __rt_ctype_table                         0x08001321   Thumb Code    16  rt_ctype_table.o(.text)
    exit                                     0x08001331   Thumb Code    18  exit.o(.text)
    strcmp                                   0x08001345   Thumb Code   128  strcmpv7m.o(.text)
    _sys_exit                                0x080013c5   Thumb Code     8  sys_exit.o(.text)
    __I$use$semihosting                      0x080013d1   Thumb Code     0  use_no_semi.o(.text)
    __use_no_semihosting_swi                 0x080013d1   Thumb Code     2  use_no_semi.o(.text)
    __semihosting_library_function           0x080013d3   Thumb Code     0  indicate_semi.o(.text)
    BusFault_Handler                         0x080013d5   Thumb Code     2  stm32f1xx_it.o(.text.BusFault_Handler)
    DWT_Delay                                0x080013d9   Thumb Code    80  dwt_delay.o(.text.DWT_Delay)
    DebugMon_Handler                         0x08001429   Thumb Code     2  stm32f1xx_it.o(.text.DebugMon_Handler)
    HAL_Delay                                0x0800142d   Thumb Code    40  stm32f1xx_hal.o(.text.HAL_Delay)
    HAL_GPIO_Init                            0x08001455   Thumb Code   538  stm32f1xx_hal_gpio.o(.text.HAL_GPIO_Init)
    HAL_GPIO_ReadPin                         0x08001671   Thumb Code    10  stm32f1xx_hal_gpio.o(.text.HAL_GPIO_ReadPin)
    HAL_GPIO_WritePin                        0x0800167d   Thumb Code    10  stm32f1xx_hal_gpio.o(.text.HAL_GPIO_WritePin)
    HAL_GetTick                              0x08001689   Thumb Code    12  stm32f1xx_hal.o(.text.HAL_GetTick)
    HAL_IncTick                              0x08001695   Thumb Code    26  stm32f1xx_hal.o(.text.HAL_IncTick)
    HAL_Init                                 0x080016b1   Thumb Code    38  stm32f1xx_hal.o(.text.HAL_Init)
    HAL_InitTick                             0x080016d9   Thumb Code    72  stm32f1xx_hal.o(.text.HAL_InitTick)
    HAL_MspInit                              0x08001721   Thumb Code    66  stm32f1xx_hal_msp.o(.text.HAL_MspInit)
    HAL_NVIC_SetPriority                     0x08001765   Thumb Code    86  stm32f1xx_hal_cortex.o(.text.HAL_NVIC_SetPriority)
    HAL_NVIC_SetPriorityGrouping             0x080017bd   Thumb Code    32  stm32f1xx_hal_cortex.o(.text.HAL_NVIC_SetPriorityGrouping)
    HAL_RCC_ClockConfig                      0x080017dd   Thumb Code   446  stm32f1xx_hal_rcc.o(.text.HAL_RCC_ClockConfig)
    HAL_RCC_GetHCLKFreq                      0x0800199d   Thumb Code    12  stm32f1xx_hal_rcc.o(.text.HAL_RCC_GetHCLKFreq)
    HAL_RCC_OscConfig                        0x080019a9   Thumb Code   948  stm32f1xx_hal_rcc.o(.text.HAL_RCC_OscConfig)
    HAL_SYSTICK_Config                       0x08001d5d   Thumb Code    44  stm32f1xx_hal_cortex.o(.text.HAL_SYSTICK_Config)
    HardFault_Handler                        0x08001d89   Thumb Code     2  stm32f1xx_it.o(.text.HardFault_Handler)
    MemManage_Handler                        0x08001d8d   Thumb Code     2  stm32f1xx_it.o(.text.MemManage_Handler)
    NMI_Handler                              0x08001d91   Thumb Code     2  stm32f1xx_it.o(.text.NMI_Handler)
    PendSV_Handler                           0x08001d95   Thumb Code     2  stm32f1xx_it.o(.text.PendSV_Handler)
    SVC_Handler                              0x08001d99   Thumb Code     2  stm32f1xx_it.o(.text.SVC_Handler)
    Sensor_Read                              0x08001d9d   Thumb Code   156  main.o(.text.Sensor_Read)
    SysTick_Handler                          0x08001e39   Thumb Code     4  stm32f1xx_it.o(.text.SysTick_Handler)
    SystemInit                               0x08001e3d   Thumb Code     2  system_stm32f1xx.o(.text.SystemInit)
    UsageFault_Handler                       0x08001e41   Thumb Code     2  stm32f1xx_it.o(.text.UsageFault_Handler)
    lcd16x2_1stLine                          0x08001e45   Thumb Code    30  lcd16x2.o(.text.lcd16x2_1stLine)
    lcd16x2_init_4bits                       0x08001f15   Thumb Code   422  lcd16x2.o(.text.lcd16x2_init_4bits)
    lcd16x2_printf                           0x080020bd   Thumb Code   536  lcd16x2.o(.text.lcd16x2_printf)
    main                                     0x08002389   Thumb Code   344  main.o(.text.main)
    _btod_d2e                                0x080024ed   Thumb Code    62  btod.o(CL$$btod_d2e)
    _d2e_denorm_low                          0x0800252b   Thumb Code    70  btod.o(CL$$btod_d2e_denorm_low)
    _d2e_norm_op1                            0x08002571   Thumb Code    96  btod.o(CL$$btod_d2e_norm_op1)
    __btod_div_common                        0x080025d1   Thumb Code   696  btod.o(CL$$btod_div_common)
    _e2e                                     0x08002909   Thumb Code   220  btod.o(CL$$btod_e2e)
    _btod_ediv                               0x080029e5   Thumb Code    42  btod.o(CL$$btod_ediv)
    _btod_emul                               0x08002a0f   Thumb Code    42  btod.o(CL$$btod_emul)
    __btod_mult_common                       0x08002a39   Thumb Code   580  btod.o(CL$$btod_mult_common)
    __ARM_fpclassify                         0x08002c7d   Thumb Code    40  fpclassify.o(i.__ARM_fpclassify)
    _is_digit                                0x08002ca5   Thumb Code    14  __printf_wp.o(i._is_digit)
    _get_lc_numeric                          0x08002cb5   Thumb Code    44  lc_numeric_c.o(locale$$code)
    _get_lc_ctype                            0x08002ce1   Thumb Code    44  lc_ctype_c.o(locale$$code)
    __aeabi_d2f                              0x08002d0d   Thumb Code     0  d2f.o(x$fpl$d2f)
    _d2f                                     0x08002d0d   Thumb Code    98  d2f.o(x$fpl$d2f)
    __aeabi_ddiv                             0x08002d71   Thumb Code     0  ddiv.o(x$fpl$ddiv)
    _ddiv                                    0x08002d71   Thumb Code   556  ddiv.o(x$fpl$ddiv)
    __fpl_dnaninf                            0x08003025   Thumb Code   156  dnaninf.o(x$fpl$dnaninf)
    __fpl_dretinf                            0x080030c1   Thumb Code    12  dretinf.o(x$fpl$dretinf)
    __aeabi_f2d                              0x080030cd   Thumb Code     0  f2d.o(x$fpl$f2d)
    _f2d                                     0x080030cd   Thumb Code    86  f2d.o(x$fpl$f2d)
    __aeabi_ui2f                             0x08003125   Thumb Code     0  fflt_clz.o(x$fpl$ffltu)
    _ffltu                                   0x08003125   Thumb Code    38  fflt_clz.o(x$fpl$ffltu)
    __fpl_fnaninf                            0x0800314b   Thumb Code   140  fnaninf.o(x$fpl$fnaninf)
    __fpl_fretinf                            0x080031d7   Thumb Code    10  fretinf.o(x$fpl$fretinf)
    _printf_fp_dec                           0x080031e1   Thumb Code     4  printf1.o(x$fpl$printf1)
    _printf_fp_hex                           0x080031e5   Thumb Code     4  printf2.o(x$fpl$printf2)
    __I$use$fp                               0x080031e8   Number         0  usenofp.o(x$fpl$usenofp)
    AHBPrescTable                            0x080032ea   Data          16  system_stm32f1xx.o(.rodata.AHBPrescTable)
    Region$$Table$$Base                      0x0800330c   Number         0  anon$$obj.o(Region$$Table)
    Region$$Table$$Limit                     0x0800332c   Number         0  anon$$obj.o(Region$$Table)
    __ctype                                  0x08003355   Data           0  lc_ctype_c.o(locale$$data)
    uwTickFreq                               0x20000000   Data           1  stm32f1xx_hal.o(.data..L_MergedGlobals)
    uwTickPrio                               0x20000004   Data           4  stm32f1xx_hal.o(.data..L_MergedGlobals)
    SystemCoreClock                          0x2000000c   Data           4  system_stm32f1xx.o(.data.SystemCoreClock)
    __libspace_start                         0x20000010   Data          96  libspace.o(.bss)
    __temporary_stack_top$libspace           0x20000070   Data           0  libspace.o(.bss)
    distance                                 0x20000094   Data           4  main.o(.bss..L_MergedGlobals)
    line                                     0x20000098   Data          32  main.o(.bss..L_MergedGlobals)
    uwTick                                   0x200000b8   Data           4  stm32f1xx_hal.o(.bss.uwTick)



==============================================================================

Memory Map of the image

  Image Entry point : 0x080000ed

  Load Region LR_IROM1 (Base: 0x08000000, Size: 0x00003468, Max: 0x00010000, ABSOLUTE)

    Execution Region ER_IROM1 (Exec base: 0x08000000, Load base: 0x08000000, Size: 0x00003458, Max: 0x00010000, ABSOLUTE)

    Exec Addr    Load Addr    Size         Type   Attr      Idx    E Section Name        Object

    0x08000000   0x08000000   0x000000ec   Data   RO            3    RESET               startup_stm32f103xb.o
    0x080000ec   0x080000ec   0x00000008   Code   RO          515  * !!!main             c_w.l(__main.o)
    0x080000f4   0x080000f4   0x00000034   Code   RO          850    !!!scatter          c_w.l(__scatter.o)
    0x08000128   0x08000128   0x0000001a   Code   RO          852    !!handler_copy      c_w.l(__scatter_copy.o)
    0x08000142   0x08000142   0x00000002   PAD
    0x08000144   0x08000144   0x0000001c   Code   RO          854    !!handler_zi        c_w.l(__scatter_zi.o)
    0x08000160   0x08000160   0x00000000   Code   RO          510    .ARM.Collect$$_printf_percent$$00000000  c_w.l(_printf_percent.o)
    0x08000160   0x08000160   0x00000006   Code   RO          586    .ARM.Collect$$_printf_percent$$00000001  c_w.l(_printf_n.o)
    0x08000166   0x08000166   0x00000006   Code   RO          588    .ARM.Collect$$_printf_percent$$00000002  c_w.l(_printf_p.o)
    0x0800016c   0x0800016c   0x00000006   Code   RO          509    .ARM.Collect$$_printf_percent$$00000003  c_w.l(_printf_f.o)
    0x08000172   0x08000172   0x00000006   Code   RO          593    .ARM.Collect$$_printf_percent$$00000004  c_w.l(_printf_e.o)
    0x08000178   0x08000178   0x00000006   Code   RO          594    .ARM.Collect$$_printf_percent$$00000005  c_w.l(_printf_g.o)
    0x0800017e   0x0800017e   0x00000006   Code   RO          595    .ARM.Collect$$_printf_percent$$00000006  c_w.l(_printf_a.o)
    0x08000184   0x08000184   0x0000000a   Code   RO          600    .ARM.Collect$$_printf_percent$$00000007  c_w.l(_printf_ll.o)
    0x0800018e   0x0800018e   0x00000006   Code   RO          590    .ARM.Collect$$_printf_percent$$00000008  c_w.l(_printf_i.o)
    0x08000194   0x08000194   0x00000006   Code   RO          591    .ARM.Collect$$_printf_percent$$00000009  c_w.l(_printf_d.o)
    0x0800019a   0x0800019a   0x00000006   Code   RO          592    .ARM.Collect$$_printf_percent$$0000000A  c_w.l(_printf_u.o)
    0x080001a0   0x080001a0   0x00000006   Code   RO          589    .ARM.Collect$$_printf_percent$$0000000B  c_w.l(_printf_o.o)
    0x080001a6   0x080001a6   0x00000006   Code   RO          587    .ARM.Collect$$_printf_percent$$0000000C  c_w.l(_printf_x.o)
    0x080001ac   0x080001ac   0x00000006   Code   RO          597    .ARM.Collect$$_printf_percent$$0000000D  c_w.l(_printf_lli.o)
    0x080001b2   0x080001b2   0x00000006   Code   RO          598    .ARM.Collect$$_printf_percent$$0000000E  c_w.l(_printf_lld.o)
    0x080001b8   0x080001b8   0x00000006   Code   RO          599    .ARM.Collect$$_printf_percent$$0000000F  c_w.l(_printf_llu.o)
    0x080001be   0x080001be   0x00000006   Code   RO          604    .ARM.Collect$$_printf_percent$$00000010  c_w.l(_printf_llo.o)
    0x080001c4   0x080001c4   0x00000006   Code   RO          605    .ARM.Collect$$_printf_percent$$00000011  c_w.l(_printf_llx.o)
    0x080001ca   0x080001ca   0x0000000a   Code   RO          601    .ARM.Collect$$_printf_percent$$00000012  c_w.l(_printf_l.o)
    0x080001d4   0x080001d4   0x00000006   Code   RO          584    .ARM.Collect$$_printf_percent$$00000013  c_w.l(_printf_c.o)
    0x080001da   0x080001da   0x00000006   Code   RO          585    .ARM.Collect$$_printf_percent$$00000014  c_w.l(_printf_s.o)
    0x080001e0   0x080001e0   0x00000006   Code   RO          602    .ARM.Collect$$_printf_percent$$00000015  c_w.l(_printf_lc.o)
    0x080001e6   0x080001e6   0x00000006   Code   RO          603    .ARM.Collect$$_printf_percent$$00000016  c_w.l(_printf_ls.o)
    0x080001ec   0x080001ec   0x00000004   Code   RO          596    .ARM.Collect$$_printf_percent$$00000017  c_w.l(_printf_percent_end.o)
    0x080001f0   0x080001f0   0x00000002   Code   RO          710    .ARM.Collect$$libinit$$00000000  c_w.l(libinit.o)
    0x080001f2   0x080001f2   0x00000000   Code   RO          712    .ARM.Collect$$libinit$$00000002  c_w.l(libinit2.o)
    0x080001f2   0x080001f2   0x00000000   Code   RO          714    .ARM.Collect$$libinit$$00000004  c_w.l(libinit2.o)
    0x080001f2   0x080001f2   0x00000000   Code   RO          716    .ARM.Collect$$libinit$$00000006  c_w.l(libinit2.o)
    0x080001f2   0x080001f2   0x00000000   Code   RO          719    .ARM.Collect$$libinit$$0000000C  c_w.l(libinit2.o)
    0x080001f2   0x080001f2   0x00000000   Code   RO          721    .ARM.Collect$$libinit$$0000000E  c_w.l(libinit2.o)
    0x080001f2   0x080001f2   0x00000000   Code   RO          723    .ARM.Collect$$libinit$$00000010  c_w.l(libinit2.o)
    0x080001f2   0x080001f2   0x00000006   Code   RO          724    .ARM.Collect$$libinit$$00000011  c_w.l(libinit2.o)
    0x080001f8   0x080001f8   0x00000000   Code   RO          726    .ARM.Collect$$libinit$$00000013  c_w.l(libinit2.o)
    0x080001f8   0x080001f8   0x0000000c   Code   RO          727    .ARM.Collect$$libinit$$00000014  c_w.l(libinit2.o)
    0x08000204   0x08000204   0x00000000   Code   RO          728    .ARM.Collect$$libinit$$00000015  c_w.l(libinit2.o)
    0x08000204   0x08000204   0x00000000   Code   RO          730    .ARM.Collect$$libinit$$00000017  c_w.l(libinit2.o)
    0x08000204   0x08000204   0x0000000a   Code   RO          731    .ARM.Collect$$libinit$$00000018  c_w.l(libinit2.o)
    0x0800020e   0x0800020e   0x00000000   Code   RO          732    .ARM.Collect$$libinit$$00000019  c_w.l(libinit2.o)
    0x0800020e   0x0800020e   0x00000000   Code   RO          734    .ARM.Collect$$libinit$$0000001B  c_w.l(libinit2.o)
    0x0800020e   0x0800020e   0x00000000   Code   RO          736    .ARM.Collect$$libinit$$0000001D  c_w.l(libinit2.o)
    0x0800020e   0x0800020e   0x00000000   Code   RO          738    .ARM.Collect$$libinit$$0000001F  c_w.l(libinit2.o)
    0x0800020e   0x0800020e   0x00000000   Code   RO          740    .ARM.Collect$$libinit$$00000021  c_w.l(libinit2.o)
    0x0800020e   0x0800020e   0x00000000   Code   RO          742    .ARM.Collect$$libinit$$00000023  c_w.l(libinit2.o)
    0x0800020e   0x0800020e   0x00000000   Code   RO          744    .ARM.Collect$$libinit$$00000025  c_w.l(libinit2.o)
    0x0800020e   0x0800020e   0x00000000   Code   RO          746    .ARM.Collect$$libinit$$00000027  c_w.l(libinit2.o)
    0x0800020e   0x0800020e   0x00000000   Code   RO          750    .ARM.Collect$$libinit$$0000002E  c_w.l(libinit2.o)
    0x0800020e   0x0800020e   0x00000000   Code   RO          752    .ARM.Collect$$libinit$$00000030  c_w.l(libinit2.o)
    0x0800020e   0x0800020e   0x00000000   Code   RO          754    .ARM.Collect$$libinit$$00000032  c_w.l(libinit2.o)
    0x0800020e   0x0800020e   0x00000000   Code   RO          756    .ARM.Collect$$libinit$$00000034  c_w.l(libinit2.o)
    0x0800020e   0x0800020e   0x00000002   Code   RO          757    .ARM.Collect$$libinit$$00000035  c_w.l(libinit2.o)
    0x08000210   0x08000210   0x00000002   Code   RO          796    .ARM.Collect$$libshutdown$$00000000  c_w.l(libshutdown.o)
    0x08000212   0x08000212   0x00000000   Code   RO          807    .ARM.Collect$$libshutdown$$00000002  c_w.l(libshutdown2.o)
    0x08000212   0x08000212   0x00000000   Code   RO          809    .ARM.Collect$$libshutdown$$00000004  c_w.l(libshutdown2.o)
    0x08000212   0x08000212   0x00000000   Code   RO          812    .ARM.Collect$$libshutdown$$00000007  c_w.l(libshutdown2.o)
    0x08000212   0x08000212   0x00000000   Code   RO          815    .ARM.Collect$$libshutdown$$0000000A  c_w.l(libshutdown2.o)
    0x08000212   0x08000212   0x00000000   Code   RO          817    .ARM.Collect$$libshutdown$$0000000C  c_w.l(libshutdown2.o)
    0x08000212   0x08000212   0x00000000   Code   RO          820    .ARM.Collect$$libshutdown$$0000000F  c_w.l(libshutdown2.o)
    0x08000212   0x08000212   0x00000002   Code   RO          821    .ARM.Collect$$libshutdown$$00000010  c_w.l(libshutdown2.o)
    0x08000214   0x08000214   0x00000000   Code   RO          533    .ARM.Collect$$rtentry$$00000000  c_w.l(__rtentry.o)
    0x08000214   0x08000214   0x00000000   Code   RO          622    .ARM.Collect$$rtentry$$00000002  c_w.l(__rtentry2.o)
    0x08000214   0x08000214   0x00000006   Code   RO          634    .ARM.Collect$$rtentry$$00000004  c_w.l(__rtentry4.o)
    0x0800021a   0x0800021a   0x00000000   Code   RO          624    .ARM.Collect$$rtentry$$00000009  c_w.l(__rtentry2.o)
    0x0800021a   0x0800021a   0x00000004   Code   RO          625    .ARM.Collect$$rtentry$$0000000A  c_w.l(__rtentry2.o)
    0x0800021e   0x0800021e   0x00000000   Code   RO          627    .ARM.Collect$$rtentry$$0000000C  c_w.l(__rtentry2.o)
    0x0800021e   0x0800021e   0x00000008   Code   RO          628    .ARM.Collect$$rtentry$$0000000D  c_w.l(__rtentry2.o)
    0x08000226   0x08000226   0x00000002   Code   RO          758    .ARM.Collect$$rtexit$$00000000  c_w.l(rtexit.o)
    0x08000228   0x08000228   0x00000000   Code   RO          770    .ARM.Collect$$rtexit$$00000002  c_w.l(rtexit2.o)
    0x08000228   0x08000228   0x00000004   Code   RO          771    .ARM.Collect$$rtexit$$00000003  c_w.l(rtexit2.o)
    0x0800022c   0x0800022c   0x00000006   Code   RO          772    .ARM.Collect$$rtexit$$00000004  c_w.l(rtexit2.o)
    0x08000232   0x08000232   0x00000002   PAD
    0x08000234   0x08000234   0x00000040   Code   RO            4    .text               startup_stm32f103xb.o
    0x08000274   0x08000274   0x00000024   Code   RO          481    .text               c_w.l(vsprintf.o)
    0x08000298   0x08000298   0x0000002c   Code   RO          483    .text               c_w.l(__2sprintf.o)
    0x080002c4   0x080002c4   0x00000188   Code   RO          506    .text               c_w.l(__printf_flags_ss_wp.o)
    0x0800044c   0x0800044c   0x0000003e   Code   RO          511    .text               c_w.l(strlen.o)
    0x0800048a   0x0800048a   0x00000006   Code   RO          513    .text               c_w.l(heapauxi.o)
    0x08000490   0x08000490   0x0000004e   Code   RO          534    .text               c_w.l(_printf_pad.o)
    0x080004de   0x080004de   0x00000024   Code   RO          536    .text               c_w.l(_printf_truncate.o)
    0x08000502   0x08000502   0x00000052   Code   RO          538    .text               c_w.l(_printf_str.o)
    0x08000554   0x08000554   0x00000078   Code   RO          540    .text               c_w.l(_printf_dec.o)
    0x080005cc   0x080005cc   0x00000028   Code   RO          542    .text               c_w.l(_printf_charcount.o)
    0x080005f4   0x080005f4   0x0000041c   Code   RO          544    .text               c_w.l(_printf_fp_dec.o)
    0x08000a10   0x08000a10   0x00000030   Code   RO          548    .text               c_w.l(_printf_char_common.o)
    0x08000a40   0x08000a40   0x0000000a   Code   RO          550    .text               c_w.l(_sputc.o)
    0x08000a4a   0x08000a4a   0x00000002   PAD
    0x08000a4c   0x08000a4c   0x000000bc   Code   RO          552    .text               c_w.l(_printf_wctomb.o)
    0x08000b08   0x08000b08   0x0000007c   Code   RO          555    .text               c_w.l(_printf_longlong_dec.o)
    0x08000b84   0x08000b84   0x00000070   Code   RO          561    .text               c_w.l(_printf_oct_int_ll.o)
    0x08000bf4   0x08000bf4   0x00000094   Code   RO          581    .text               c_w.l(_printf_hex_int_ll_ptr.o)
    0x08000c88   0x08000c88   0x00000008   Code   RO          639    .text               c_w.l(rt_locale_intlibspace.o)
    0x08000c90   0x08000c90   0x0000008a   Code   RO          641    .text               c_w.l(lludiv10.o)
    0x08000d1a   0x08000d1a   0x000000b2   Code   RO          643    .text               c_w.l(_printf_intcommon.o)
    0x08000dcc   0x08000dcc   0x000002fc   Code   RO          645    .text               c_w.l(_printf_fp_hex.o)
    0x080010c8   0x080010c8   0x00000080   Code   RO          648    .text               c_w.l(_printf_fp_infnan.o)
    0x08001148   0x08001148   0x0000002c   Code   RO          652    .text               c_w.l(_printf_char.o)
    0x08001174   0x08001174   0x0000002c   Code   RO          654    .text               c_w.l(_printf_wchar.o)
    0x080011a0   0x080011a0   0x000000e4   Code   RO          656    .text               c_w.l(bigflt0.o)
    0x08001284   0x08001284   0x00000048   Code   RO          683    .text               c_w.l(_c16rtomb.o)
    0x080012cc   0x080012cc   0x00000008   Code   RO          692    .text               c_w.l(libspace.o)
    0x080012d4   0x080012d4   0x0000004a   Code   RO          695    .text               c_w.l(sys_stackheap_outer.o)
    0x0800131e   0x0800131e   0x00000002   PAD
    0x08001320   0x08001320   0x00000010   Code   RO          697    .text               c_w.l(rt_ctype_table.o)
    0x08001330   0x08001330   0x00000012   Code   RO          701    .text               c_w.l(exit.o)
    0x08001342   0x08001342   0x00000002   PAD
    0x08001344   0x08001344   0x00000080   Code   RO          703    .text               c_w.l(strcmpv7m.o)
    0x080013c4   0x080013c4   0x0000000c   Code   RO          782    .text               c_w.l(sys_exit.o)
    0x080013d0   0x080013d0   0x00000002   Code   RO          797    .text               c_w.l(use_no_semi.o)
    0x080013d2   0x080013d2   0x00000000   Code   RO          799    .text               c_w.l(indicate_semi.o)
    0x080013d2   0x080013d2   0x00000002   PAD
    0x080013d4   0x080013d4   0x00000002   Code   RO           88    .text.BusFault_Handler  stm32f1xx_it.o
    0x080013d6   0x080013d6   0x00000002   PAD
    0x080013d8   0x080013d8   0x00000050   Code   RO           13    .text.DWT_Delay     dwt_delay.o
    0x08001428   0x08001428   0x00000002   Code   RO           94    .text.DebugMon_Handler  stm32f1xx_it.o
    0x0800142a   0x0800142a   0x00000002   PAD
    0x0800142c   0x0800142c   0x00000028   Code   RO          152    .text.HAL_Delay     stm32f1xx_hal.o
    0x08001454   0x08001454   0x0000021a   Code   RO          244    .text.HAL_GPIO_Init  stm32f1xx_hal_gpio.o
    0x0800166e   0x0800166e   0x00000002   PAD
    0x08001670   0x08001670   0x0000000a   Code   RO          248    .text.HAL_GPIO_ReadPin  stm32f1xx_hal_gpio.o
    0x0800167a   0x0800167a   0x00000002   PAD
    0x0800167c   0x0800167c   0x0000000a   Code   RO          250    .text.HAL_GPIO_WritePin  stm32f1xx_hal_gpio.o
    0x08001686   0x08001686   0x00000002   PAD
    0x08001688   0x08001688   0x0000000c   Code   RO          144    .text.HAL_GetTick   stm32f1xx_hal.o
    0x08001694   0x08001694   0x0000001a   Code   RO          142    .text.HAL_IncTick   stm32f1xx_hal.o
    0x080016ae   0x080016ae   0x00000002   PAD
    0x080016b0   0x080016b0   0x00000026   Code   RO          132    .text.HAL_Init      stm32f1xx_hal.o
    0x080016d6   0x080016d6   0x00000002   PAD
    0x080016d8   0x080016d8   0x00000048   Code   RO          134    .text.HAL_InitTick  stm32f1xx_hal.o
    0x08001720   0x08001720   0x00000042   Code   RO          107    .text.HAL_MspInit   stm32f1xx_hal_msp.o
    0x08001762   0x08001762   0x00000002   PAD
    0x08001764   0x08001764   0x00000056   Code   RO          302    .text.HAL_NVIC_SetPriority  stm32f1xx_hal_cortex.o
    0x080017ba   0x080017ba   0x00000002   PAD
    0x080017bc   0x080017bc   0x00000020   Code   RO          300    .text.HAL_NVIC_SetPriorityGrouping  stm32f1xx_hal_cortex.o
    0x080017dc   0x080017dc   0x000001be   Code   RO          196    .text.HAL_RCC_ClockConfig  stm32f1xx_hal_rcc.o
    0x0800199a   0x0800199a   0x00000002   PAD
    0x0800199c   0x0800199c   0x0000000c   Code   RO          206    .text.HAL_RCC_GetHCLKFreq  stm32f1xx_hal_rcc.o
    0x080019a8   0x080019a8   0x000003b4   Code   RO          194    .text.HAL_RCC_OscConfig  stm32f1xx_hal_rcc.o
    0x08001d5c   0x08001d5c   0x0000002c   Code   RO          312    .text.HAL_SYSTICK_Config  stm32f1xx_hal_cortex.o
    0x08001d88   0x08001d88   0x00000002   Code   RO           84    .text.HardFault_Handler  stm32f1xx_it.o
    0x08001d8a   0x08001d8a   0x00000002   PAD
    0x08001d8c   0x08001d8c   0x00000002   Code   RO           86    .text.MemManage_Handler  stm32f1xx_it.o
    0x08001d8e   0x08001d8e   0x00000002   PAD
    0x08001d90   0x08001d90   0x00000002   Code   RO           82    .text.NMI_Handler   stm32f1xx_it.o
    0x08001d92   0x08001d92   0x00000002   PAD
    0x08001d94   0x08001d94   0x00000002   Code   RO           96    .text.PendSV_Handler  stm32f1xx_it.o
    0x08001d96   0x08001d96   0x00000002   PAD
    0x08001d98   0x08001d98   0x00000002   Code   RO           92    .text.SVC_Handler   stm32f1xx_it.o
    0x08001d9a   0x08001d9a   0x00000002   PAD
    0x08001d9c   0x08001d9c   0x0000009c   Code   RO           64    .text.Sensor_Read   main.o
    0x08001e38   0x08001e38   0x00000004   Code   RO           98    .text.SysTick_Handler  stm32f1xx_it.o
    0x08001e3c   0x08001e3c   0x00000002   Code   RO          465    .text.SystemInit    system_stm32f1xx.o
    0x08001e3e   0x08001e3e   0x00000002   PAD
    0x08001e40   0x08001e40   0x00000002   Code   RO           90    .text.UsageFault_Handler  stm32f1xx_it.o
    0x08001e42   0x08001e42   0x00000002   PAD
    0x08001e44   0x08001e44   0x0000001e   Code   RO           29    .text.lcd16x2_1stLine  lcd16x2.o
    0x08001e62   0x08001e62   0x00000002   PAD
    0x08001e64   0x08001e64   0x000000b0   Code   RO           51    .text.lcd16x2_enablePulse  lcd16x2.o
    0x08001f14   0x08001f14   0x000001a6   Code   RO           25    .text.lcd16x2_init_4bits  lcd16x2.o
    0x080020ba   0x080020ba   0x00000002   PAD
    0x080020bc   0x080020bc   0x00000218   Code   RO           47    .text.lcd16x2_printf  lcd16x2.o
    0x080022d4   0x080022d4   0x000000b4   Code   RO           49    .text.lcd16x2_write  lcd16x2.o
    0x08002388   0x08002388   0x00000164   Code   RO           66    .text.main          main.o
    0x080024ec   0x080024ec   0x0000003e   Code   RO          659    CL$$btod_d2e        c_w.l(btod.o)
    0x0800252a   0x0800252a   0x00000046   Code   RO          661    CL$$btod_d2e_denorm_low  c_w.l(btod.o)
    0x08002570   0x08002570   0x00000060   Code   RO          660    CL$$btod_d2e_norm_op1  c_w.l(btod.o)
    0x080025d0   0x080025d0   0x00000338   Code   RO          669    CL$$btod_div_common  c_w.l(btod.o)
    0x08002908   0x08002908   0x000000dc   Code   RO          666    CL$$btod_e2e        c_w.l(btod.o)
    0x080029e4   0x080029e4   0x0000002a   Code   RO          663    CL$$btod_ediv       c_w.l(btod.o)
    0x08002a0e   0x08002a0e   0x0000002a   Code   RO          662    CL$$btod_emul       c_w.l(btod.o)
    0x08002a38   0x08002a38   0x00000244   Code   RO          668    CL$$btod_mult_common  c_w.l(btod.o)
    0x08002c7c   0x08002c7c   0x00000028   Code   RO          690    i.__ARM_fpclassify  m_ws.l(fpclassify.o)
    0x08002ca4   0x08002ca4   0x0000000e   Code   RO          499    i._is_digit         c_w.l(__printf_wp.o)
    0x08002cb2   0x08002cb2   0x00000002   PAD
    0x08002cb4   0x08002cb4   0x0000002c   Code   RO          686    locale$$code        c_w.l(lc_numeric_c.o)
    0x08002ce0   0x08002ce0   0x0000002c   Code   RO          763    locale$$code        c_w.l(lc_ctype_c.o)
    0x08002d0c   0x08002d0c   0x00000062   Code   RO          517    x$fpl$d2f           fz_ws.l(d2f.o)
    0x08002d6e   0x08002d6e   0x00000002   PAD
    0x08002d70   0x08002d70   0x000002b4   Code   RO          520    x$fpl$ddiv          fz_ws.l(ddiv.o)
    0x08003024   0x08003024   0x0000009c   Code   RO          606    x$fpl$dnaninf       fz_ws.l(dnaninf.o)
    0x080030c0   0x080030c0   0x0000000c   Code   RO          608    x$fpl$dretinf       fz_ws.l(dretinf.o)
    0x080030cc   0x080030cc   0x00000056   Code   RO          523    x$fpl$f2d           fz_ws.l(f2d.o)
    0x08003122   0x08003122   0x00000002   PAD
    0x08003124   0x08003124   0x00000026   Code   RO          525    x$fpl$ffltu         fz_ws.l(fflt_clz.o)
    0x0800314a   0x0800314a   0x0000008c   Code   RO          610    x$fpl$fnaninf       fz_ws.l(fnaninf.o)
    0x080031d6   0x080031d6   0x0000000a   Code   RO          612    x$fpl$fretinf       fz_ws.l(fretinf.o)
    0x080031e0   0x080031e0   0x00000004   Code   RO          531    x$fpl$printf1       fz_ws.l(printf1.o)
    0x080031e4   0x080031e4   0x00000004   Code   RO          614    x$fpl$printf2       fz_ws.l(printf2.o)
    0x080031e8   0x080031e8   0x00000000   Code   RO          620    x$fpl$usenofp       fz_ws.l(usenofp.o)
    0x080031e8   0x080031e8   0x00000011   Data   RO          507    .constdata          c_w.l(__printf_flags_ss_wp.o)
    0x080031f9   0x080031f9   0x00000003   PAD
    0x080031fc   0x080031fc   0x00000008   Data   RO          553    .constdata          c_w.l(_printf_wctomb.o)
    0x08003204   0x08003204   0x00000028   Data   RO          582    .constdata          c_w.l(_printf_hex_int_ll_ptr.o)
    0x0800322c   0x0800322c   0x00000026   Data   RO          646    .constdata          c_w.l(_printf_fp_hex.o)
    0x08003252   0x08003252   0x00000002   PAD
    0x08003254   0x08003254   0x00000094   Data   RO          657    .constdata          c_w.l(bigflt0.o)
    0x080032e8   0x080032e8   0x00000002   Data   RO          221    .rodata..L__const.HAL_RCC_GetSysClockFreq.aPredivFactorTable  stm32f1xx_hal_rcc.o
    0x080032ea   0x080032ea   0x00000010   Data   RO          470    .rodata.AHBPrescTable  system_stm32f1xx.o
    0x080032fa   0x080032fa   0x00000010   Data   RO          220    .rodata.cst16       stm32f1xx_hal_rcc.o
    0x0800330a   0x0800330a   0x00000002   PAD
    0x0800330c   0x0800330c   0x00000020   Data   RO          849    Region$$Table       anon$$obj.o
    0x0800332c   0x0800332c   0x0000001c   Data   RO          685    locale$$data        c_w.l(lc_numeric_c.o)
    0x08003348   0x08003348   0x00000110   Data   RO          762    locale$$data        c_w.l(lc_ctype_c.o)


    Execution Region RW_IRAM1 (Exec base: 0x20000000, Load base: 0x08003458, Size: 0x000006c0, Max: 0x00005000, ABSOLUTE)

    Exec Addr    Load Addr    Size         Type   Attr      Idx    E Section Name        Object

    0x20000000   0x08003458   0x00000008   Data   RW          183    .data..L_MergedGlobals  stm32f1xx_hal.o
    0x20000008   0x08003460   0x00000001   Data   RW           53    .data.FunctionSet   lcd16x2.o
    0x20000009   0x08003461   0x00000003   PAD
    0x2000000c   0x08003464   0x00000004   Data   RW          469    .data.SystemCoreClock  system_stm32f1xx.o
    0x20000010        -       0x00000060   Zero   RW          693    .bss                c_w.l(libspace.o)
    0x20000070        -       0x00000024   Zero   RW           55    .bss..L_MergedGlobals  lcd16x2.o
    0x20000094        -       0x00000024   Zero   RW           73    .bss..L_MergedGlobals  main.o
    0x200000b8        -       0x00000004   Zero   RW          182    .bss.uwTick         stm32f1xx_hal.o
    0x200000bc   0x08003468   0x00000004   PAD
    0x200000c0        -       0x00000200   Zero   RW            2    HEAP                startup_stm32f103xb.o
    0x200002c0        -       0x00000400   Zero   RW            1    STACK               startup_stm32f103xb.o


==============================================================================

Image component sizes


      Code (inc. data)   RO Data    RW Data    ZI Data      Debug   Object Name

        80          0          0          0          0       1661   dwt_delay.o
      1344          0          0          1         36      10068   lcd16x2.o
       512         12          0          0         36       3449   main.o
        64         26        236          0       1536        788   startup_stm32f103xb.o
       188          0          0          8          4       5734   stm32f1xx_hal.o
       162          0          0          0          0       8492   stm32f1xx_hal_cortex.o
       558         22          0          0          0       4537   stm32f1xx_hal_gpio.o
        66          0          0          0          0       1188   stm32f1xx_hal_msp.o
      1406          0         18          0          0       7655   stm32f1xx_hal_rcc.o
        20          0          0          0          0       1141   stm32f1xx_it.o
         2          0         16          4          0       1614   system_stm32f1xx.o

    ----------------------------------------------------------------------
      4440         60        304         16       1616      46327   Object Totals
         0          0         32          0          0          0   (incl. Generated)
        38          0          2          3          4          0   (incl. Padding)

    ----------------------------------------------------------------------

      Code (inc. data)   RO Data    RW Data    ZI Data      Debug   Library Member Name

        44          6          0          0          0         84   __2sprintf.o
         8          0          0          0          0         68   __main.o
       392          4         17          0          0         92   __printf_flags_ss_wp.o
        14          0          0          0          0         68   __printf_wp.o
         0          0          0          0          0          0   __rtentry.o
        12          0          0          0          0          0   __rtentry2.o
         6          0          0          0          0          0   __rtentry4.o
        52          8          0          0          0          0   __scatter.o
        26          0          0          0          0          0   __scatter_copy.o
        28          0          0          0          0          0   __scatter_zi.o
        72          0          0          0          0         96   _c16rtomb.o
         6          0          0          0          0          0   _printf_a.o
         6          0          0          0          0          0   _printf_c.o
        44          0          0          0          0        108   _printf_char.o
        48          6          0          0          0         96   _printf_char_common.o
        40          0          0          0          0         68   _printf_charcount.o
         6          0          0          0          0          0   _printf_d.o
       120         16          0          0          0         92   _printf_dec.o
         6          0          0          0          0          0   _printf_e.o
         6          0          0          0          0          0   _printf_f.o
      1052          0          0          0          0        148   _printf_fp_dec.o
       764          8         38          0          0        100   _printf_fp_hex.o
       128         16          0          0          0         84   _printf_fp_infnan.o
         6          0          0          0          0          0   _printf_g.o
       148          4         40          0          0        160   _printf_hex_int_ll_ptr.o
         6          0          0          0          0          0   _printf_i.o
       178          0          0          0          0         88   _printf_intcommon.o
        10          0          0          0          0          0   _printf_l.o
         6          0          0          0          0          0   _printf_lc.o
        10          0          0          0          0          0   _printf_ll.o
         6          0          0          0          0          0   _printf_lld.o
         6          0          0          0          0          0   _printf_lli.o
         6          0          0          0          0          0   _printf_llo.o
         6          0          0          0          0          0   _printf_llu.o
         6          0          0          0          0          0   _printf_llx.o
       124         16          0          0          0         92   _printf_longlong_dec.o
         6          0          0          0          0          0   _printf_ls.o
         6          0          0          0          0          0   _printf_n.o
         6          0          0          0          0          0   _printf_o.o
       112          8          0          0          0        124   _printf_oct_int_ll.o
         6          0          0          0          0          0   _printf_p.o
        78          0          0          0          0        108   _printf_pad.o
         0          0          0          0          0          0   _printf_percent.o
         4          0          0          0          0          0   _printf_percent_end.o
         6          0          0          0          0          0   _printf_s.o
        82          0          0          0          0         80   _printf_str.o
        36          0          0          0          0         84   _printf_truncate.o
         6          0          0          0          0          0   _printf_u.o
        44          0          0          0          0        108   _printf_wchar.o
       188          6          8          0          0         92   _printf_wctomb.o
         6          0          0          0          0          0   _printf_x.o
        10          0          0          0          0         68   _sputc.o
       228          4        148          0          0         96   bigflt0.o
      1936        128          0          0          0        668   btod.o
        18          0          0          0          0         80   exit.o
         6          0          0          0          0        152   heapauxi.o
         0          0          0          0          0          0   indicate_semi.o
        44         10        272          0          0         76   lc_ctype_c.o
        44         10         28          0          0         76   lc_numeric_c.o
         2          0          0          0          0          0   libinit.o
        30          0          0          0          0          0   libinit2.o
         2          0          0          0          0          0   libshutdown.o
         2          0          0          0          0          0   libshutdown2.o
         8          4          0          0         96         68   libspace.o
       138          0          0          0          0         80   lludiv10.o
        16          4          0          0          0         76   rt_ctype_table.o
         8          4          0          0          0         68   rt_locale_intlibspace.o
         2          0          0          0          0          0   rtexit.o
        10          0          0          0          0          0   rtexit2.o
       128          0          0          0          0         68   strcmpv7m.o
        62          0          0          0          0         76   strlen.o
        12          4          0          0          0         68   sys_exit.o
        74          0          0          0          0         80   sys_stackheap_outer.o
         2          0          0          0          0         68   use_no_semi.o
        36          4          0          0          0         76   vsprintf.o
        98          4          0          0          0         92   d2f.o
       692        140          0          0          0        216   ddiv.o
       156          4          0          0          0         92   dnaninf.o
        12          0          0          0          0         68   dretinf.o
        86          4          0          0          0         84   f2d.o
        38          0          0          0          0         68   fflt_clz.o
       140          4          0          0          0         84   fnaninf.o
        10          0          0          0          0         68   fretinf.o
         4          0          0          0          0         68   printf1.o
         4          0          0          0          0         68   printf2.o
         0          0          0          0          0          0   usenofp.o
        40          0          0          0          0         68   fpclassify.o

    ----------------------------------------------------------------------
      8100        426        556          0         96       4960   Library Totals
        18          0          5          0          0          0   (incl. Padding)

    ----------------------------------------------------------------------

      Code (inc. data)   RO Data    RW Data    ZI Data      Debug   Library Name

      6802        270        551          0         96       3984   c_w.l
      1240        156          0          0          0        908   fz_ws.l
        40          0          0          0          0         68   m_ws.l

    ----------------------------------------------------------------------
      8100        426        556          0         96       4960   Library Totals

    ----------------------------------------------------------------------

==============================================================================


      Code (inc. data)   RO Data    RW Data    ZI Data      Debug   

     12540        486        860         16       1712      48451   Grand Totals
     12540        486        860         16       1712      48451   ELF Image Totals
     12540        486        860         16          0          0   ROM Totals

==============================================================================

    Total RO  Size (Code + RO Data)                13400 (  13.09kB)
    Total RW  Size (RW Data + ZI Data)              1728 (   1.69kB)
    Total ROM Size (Code + RO Data + RW Data)      13416 (  13.10kB)

==============================================================================

