../Core/Src/main.c:78:6:Read_ADC	16	static
../Core/Src/main.c:87:6:HAL_ADC_ConvCpltCallback	24	static
../Core/Src/main.c:112:5:main	8	static
../Core/Src/main.c:173:6:SystemClock_Config	88	static
../Core/Src/main.c:219:13:MX_ADC1_Init	24	static
../Core/Src/main.c:280:13:MX_ADC2_Init	24	static
../Core/Src/main.c:332:13:MX_I2C1_Init	8	static
../Core/Src/main.c:366:13:MX_I2S3_Init	8	static
../Core/Src/main.c:400:13:MX_SPI1_Init	8	static
../Core/Src/main.c:436:13:MX_DMA_Init	16	static
../Core/Src/main.c:457:13:MX_GPIO_Init	56	static
../Core/Src/main.c:569:6:Error_Handler	4	static,ignoring_inline_asm
