Archive member included to satisfy reference by file (symbol)

../micro_ros_stm32cubemx_utils/microros_static_library_ide/libmicroros/libmicroros.a(librcl-publisher.c.obj)
                              ./Core/Src/main.o (rcl_publish)
../micro_ros_stm32cubemx_utils/microros_static_library_ide/libmicroros/libmicroros.a(librclc-init.c.obj)
                              ./Core/Src/main.o (rclc_support_init)
../micro_ros_stm32cubemx_utils/microros_static_library_ide/libmicroros/libmicroros.a(librclc-node.c.obj)
                              ./Core/Src/main.o (rclc_node_init_default)
../micro_ros_stm32cubemx_utils/microros_static_library_ide/libmicroros/libmicroros.a(librclc-publisher.c.obj)
                              ./Core/Src/main.o (rclc_publisher_init_default)
../micro_ros_stm32cubemx_utils/microros_static_library_ide/libmicroros/libmicroros.a(librcutils-allocator.c.obj)
                              ./Core/Src/main.o (rcutils_get_zero_initialized_allocator)
../micro_ros_stm32cubemx_utils/microros_static_library_ide/libmicroros/libmicroros.a(librcutils-error_handling.c.obj)
                              ../micro_ros_stm32cubemx_utils/microros_static_library_ide/libmicroros/libmicroros.a(librclc-init.c.obj) (rcutils_reset_error)
../micro_ros_stm32cubemx_utils/microros_static_library_ide/libmicroros/libmicroros.a(librmw-publisher_options.c.obj)
                              ../micro_ros_stm32cubemx_utils/microros_static_library_ide/libmicroros/libmicroros.a(librcl-publisher.c.obj) (rmw_get_default_publisher_options)
../micro_ros_stm32cubemx_utils/microros_static_library_ide/libmicroros/libmicroros.a(librmw_microxrcedds-custom_transport.c.obj)
                              ./Core/Src/main.o (rmw_uros_set_custom_transport)
../micro_ros_stm32cubemx_utils/microros_static_library_ide/libmicroros/libmicroros.a(librmw_microxrcedds-rmw_publish.c.obj)
                              ../micro_ros_stm32cubemx_utils/microros_static_library_ide/libmicroros/libmicroros.a(librcl-publisher.c.obj) (rmw_publish)
../micro_ros_stm32cubemx_utils/microros_static_library_ide/libmicroros/libmicroros.a(librmw_microxrcedds-rmw_publisher.c.obj)
                              ../micro_ros_stm32cubemx_utils/microros_static_library_ide/libmicroros/libmicroros.a(librcl-publisher.c.obj) (rmw_create_publisher)
../micro_ros_stm32cubemx_utils/microros_static_library_ide/libmicroros/libmicroros.a(librmw_microxrcedds-types.c.obj)
                              ../micro_ros_stm32cubemx_utils/microros_static_library_ide/libmicroros/libmicroros.a(librmw_microxrcedds-rmw_publisher.c.obj) (rmw_uxrce_fini_publisher_memory)
../micro_ros_stm32cubemx_utils/microros_static_library_ide/libmicroros/libmicroros.a(librmw_microxrcedds-utils.c.obj)
                              ../micro_ros_stm32cubemx_utils/microros_static_library_ide/libmicroros/libmicroros.a(librmw_microxrcedds-rmw_publisher.c.obj) (run_xrce_session)
../micro_ros_stm32cubemx_utils/microros_static_library_ide/libmicroros/libmicroros.a(librosidl_runtime_c-message_type_support.c.obj)
                              ../micro_ros_stm32cubemx_utils/microros_static_library_ide/libmicroros/libmicroros.a(librmw_microxrcedds-rmw_publisher.c.obj) (get_message_typesupport_handle)
../micro_ros_stm32cubemx_utils/microros_static_library_ide/libmicroros/libmicroros.a(libstd_msgs__rosidl_typesupport_c-int32__type_support.cpp.obj)
                              ./Core/Src/main.o (rosidl_typesupport_c__get_message_type_support_handle__std_msgs__msg__Int32)
../micro_ros_stm32cubemx_utils/microros_static_library_ide/libmicroros/libmicroros.a(libstd_msgs__rosidl_typesupport_introspection_c-int32__type_support.c.obj)
                              ../micro_ros_stm32cubemx_utils/microros_static_library_ide/libmicroros/libmicroros.a(libstd_msgs__rosidl_typesupport_c-int32__type_support.cpp.obj) (rosidl_typesupport_introspection_c__get_message_type_support_handle__std_msgs__msg__Int32)
../micro_ros_stm32cubemx_utils/microros_static_library_ide/libmicroros/libmicroros.a(libstd_msgs__rosidl_typesupport_microxrcedds_c-int32__type_support_c.c.obj)
                              ../micro_ros_stm32cubemx_utils/microros_static_library_ide/libmicroros/libmicroros.a(libstd_msgs__rosidl_typesupport_c-int32__type_support.cpp.obj) (rosidl_typesupport_microxrcedds_c__get_message_type_support_handle__std_msgs__msg__Int32)
../micro_ros_stm32cubemx_utils/microros_static_library_ide/libmicroros/libmicroros.a(libmicrocdr-basic.c.obj)
                              ../micro_ros_stm32cubemx_utils/microros_static_library_ide/libmicroros/libmicroros.a(libstd_msgs__rosidl_typesupport_microxrcedds_c-int32__type_support_c.c.obj) (ucdr_serialize_int32_t)
../micro_ros_stm32cubemx_utils/microros_static_library_ide/libmicroros/libmicroros.a(libmicrocdr-common.c.obj)
                              ../micro_ros_stm32cubemx_utils/microros_static_library_ide/libmicroros/libmicroros.a(libmicrocdr-basic.c.obj) (ucdr_check_buffer_available_for)
[...]
Memory Configuration

Name             Origin             Length             Attributes
CCMRAM           0x0000000010000000 0x0000000000010000 xrw
RAM              0x0000000020000000 0x0000000000020000 xrw
FLASH            0x0000000008000000 0x0000000000100000 xr
*default*        0x0000000000000000 0xffffffffffffffff

Linker script and memory map

LOAD /opt/st/stm32cubeide_1.13.1/plugins/com.st.stm32cube.ide.mcu.externaltools.gnu-tools-for-stm32.11.3.rel1.linux64_1.1.0.202305231506/tools/bin/../lib/gcc/arm-none-eabi/11.3.1/thumb/v7e-m+fp/hard/crti.o
LOAD /opt/st/stm32cubeide_1.13.1/plugins/com.st.stm32cube.ide.mcu.externaltools.gnu-tools-for-stm32.11.3.rel1.linux64_1.1.0.202305231506/tools/bin/../lib/gcc/arm-none-eabi/11.3.1/thumb/v7e-m+fp/hard/crtbegin.o
LOAD /opt/st/stm32cubeide_1.13.1/plugins/com.st.stm32cube.ide.mcu.externaltools.gnu-tools-for-stm32.11.3.rel1.linux64_1.1.0.202305231506/tools/bin/../lib/gcc/arm-none-eabi/11.3.1/../../../../arm-none-eabi/lib/thumb/v7e-m+fp/hard/crt0.o
LOAD ./Core/Src/custom_memory_manager.o
LOAD ./Core/Src/freertos.o
LOAD ./Core/Src/main.o
LOAD ./Core/Src/microros_allocators.o
LOAD ./Core/Src/microros_time.o
LOAD ./Core/Src/stm32f4xx_hal_msp.o
LOAD ./Core/Src/stm32f4xx_it.o
LOAD ./Core/Src/syscalls.o
LOAD ./Core/Src/sysmem.o
LOAD ./Core/Src/system_stm32f4xx.o
LOAD ./Core/Src/microros_transports/dma_transport.o
LOAD ./Core/Startup/startup_stm32f407vgtx.o
LOAD ./Drivers/STM32F4xx_HAL_Driver/Src/stm32f4xx_hal.o
LOAD ./Drivers/STM32F4xx_HAL_Driver/Src/stm32f4xx_hal_cortex.o
LOAD ./Drivers/STM32F4xx_HAL_Driver/Src/stm32f4xx_hal_dma.o
LOAD ./Drivers/STM32F4xx_HAL_Driver/Src/stm32f4xx_hal_dma_ex.o
LOAD ./Drivers/STM32F4xx_HAL_Driver/Src/stm32f4xx_hal_exti.o
LOAD ./Drivers/STM32F4xx_HAL_Driver/Src/stm32f4xx_hal_flash.o
LOAD ./Drivers/STM32F4xx_HAL_Driver/Src/stm32f4xx_hal_flash_ex.o
LOAD ./Drivers/STM32F4xx_HAL_Driver/Src/stm32f4xx_hal_flash_ramfunc.o
LOAD ./Drivers/STM32F4xx_HAL_Driver/Src/stm32f4xx_hal_gpio.o
LOAD ./Drivers/STM32F4xx_HAL_Driver/Src/stm32f4xx_hal_pwr.o
LOAD ./Drivers/STM32F4xx_HAL_Driver/Src/stm32f4xx_hal_pwr_ex.o
LOAD ./Drivers/STM32F4xx_HAL_Driver/Src/stm32f4xx_hal_rcc.o
LOAD ./Drivers/STM32F4xx_HAL_Driver/Src/stm32f4xx_hal_rcc_ex.o
LOAD ./Drivers/STM32F4xx_HAL_Driver/Src/stm32f4xx_hal_tim.o
LOAD ./Drivers/STM32F4xx_HAL_Driver/Src/stm32f4xx_hal_tim_ex.o
LOAD ./Drivers/STM32F4xx_HAL_Driver/Src/stm32f4xx_hal_uart.o
LOAD ./Middlewares/Third_Party/FreeRTOS/Source/CMSIS_RTOS_V2/cmsis_os2.o
LOAD ./Middlewares/Third_Party/FreeRTOS/Source/croutine.o
LOAD ./Middlewares/Third_Party/FreeRTOS/Source/event_groups.o
LOAD ./Middlewares/Third_Party/FreeRTOS/Source/list.o
LOAD ./Middlewares/Third_Party/FreeRTOS/Source/queue.o
LOAD ./Middlewares/Third_Party/FreeRTOS/Source/stream_buffer.o
LOAD ./Middlewares/Third_Party/FreeRTOS/Source/tasks.o
LOAD ./Middlewares/Third_Party/FreeRTOS/Source/timers.o
LOAD ./Middlewares/Third_Party/FreeRTOS/Source/portable/GCC/ARM_CM4F/port.o
LOAD ./Middlewares/Third_Party/FreeRTOS/Source/portable/MemMang/heap_4.o
LOAD ../micro_ros_stm32cubemx_utils/microros_static_library_ide/libmicroros/libmicroros.a
START GROUP
LOAD /opt/st/stm32cubeide_1.13.1/plugins/com.st.stm32cube.ide.mcu.externaltools.gnu-tools-for-stm32.11.3.rel1.linux64_1.1.0.202305231506/tools/bin/../lib/gcc/arm-none-eabi/11.3.1/../../../../arm-none-eabi/lib/thumb/v7e-m+fp/hard/libc_nano.a
LOAD /opt/st/stm32cubeide_1.13.1/plugins/com.st.stm32cube.ide.mcu.externaltools.gnu-tools-for-stm32.11.3.rel1.linux64_1.1.0.202305231506/tools/bin/../lib/gcc/arm-none-eabi/11.3.1/../../../../arm-none-eabi/lib/thumb/v7e-m+fp/hard/libm.a
END GROUP
START GROUP
LOAD /opt/st/stm32cubeide_1.13.1/plugins/com.st.stm32cube.ide.mcu.externaltools.gnu-tools-for-stm32.11.3.rel1.linux64_1.1.0.202305231506/tools/bin/../lib/gcc/arm-none-eabi/11.3.1/thumb/v7e-m+fp/hard/libgcc.a
LOAD /opt/st/stm32cubeide_1.13.1/plugins/com.st.stm32cube.ide.mcu.externaltools.gnu-tools-for-stm32.11.3.rel1.linux64_1.1.0.202305231506/tools/bin/../lib/gcc/arm-none-eabi/11.3.1/../../../../arm-none-eabi/lib/thumb/v7e-m+fp/hard/libc_nano.a
END GROUP
START GROUP
LOAD /opt/st/stm32cubeide_1.13.1/plugins/com.st.stm32cube.ide.mcu.externaltools.gnu-tools-for-stm32.11.3.rel1.linux64_1.1.0.202305231506/tools/bin/../lib/gcc/arm-none-eabi/11.3.1/thumb/v7e-m+fp/hard/libgcc.a
LOAD /opt/st/stm32cubeide_1.13.1/plugins/com.st.stm32cube.ide.mcu.externaltools.gnu-tools-for-stm32.11.3.rel1.linux64_1.1.0.202305231506/tools/bin/../lib/gcc/arm-none-eabi/11.3.1/../../../../arm-none-eabi/lib/thumb/v7e-m+fp/hard/libc_nano.a
LOAD /opt/st/stm32cubeide_1.13.1/plugins/com.st.stm32cube.ide.mcu.externaltools.gnu-tools-for-stm32.11.3.rel1.linux64_1.1.0.202305231506/tools/bin/../lib/gcc/arm-none-eabi/11.3.1/../../../../arm-none-eabi/lib/thumb/v7e-m+fp/hard/libnosys.a
END GROUP
START GROUP
LOAD /opt/st/stm32cubeide_1.13.1/plugins/com.st.stm32cube.ide.mcu.externaltools.gnu-tools-for-stm32.11.3.rel1.linux64_1.1.0.202305231506/tools/bin/../lib/gcc/arm-none-eabi/11.3.1/thumb/v7e-m+fp/hard/libgcc.a
LOAD /opt/st/stm32cubeide_1.13.1/plugins/com.st.stm32cube.ide.mcu.externaltools.gnu-tools-for-stm32.11.3.rel1.linux64_1.1.0.202305231506/tools/bin/../lib/gcc/arm-none-eabi/11.3.1/../../../../arm-none-eabi/lib/thumb/v7e-m+fp/hard/libc_nano.a
LOAD /opt/st/stm32cubeide_1.13.1/plugins/com.st.stm32cube.ide.mcu.externaltools.gnu-tools-for-stm32.11.3.rel1.linux64_1.1.0.202305231506/tools/bin/../lib/gcc/arm-none-eabi/11.3.1/../../../../arm-none-eabi/lib/thumb/v7e-m+fp/hard/libnosys.a
END GROUP
LOAD /opt/st/stm32cubeide_1.13.1/plugins/com.st.stm32cube.ide.mcu.externaltools.gnu-tools-for-stm32.11.3.rel1.linux64_1.1.0.202305231506/tools/bin/../lib/gcc/arm-none-eabi/11.3.1/thumb/v7e-m+fp/hard/crtend.o
LOAD /opt/st/stm32cubeide_1.13.1/plugins/com.st.stm32cube.ide.mcu.externaltools.gnu-tools-for-stm32.11.3.rel1.linux64_1.1.0.202305231506/tools/bin/../lib/gcc/arm-none-eabi/11.3.1/thumb/v7e-m+fp/hard/crtn.o
                0x0000000020020000                _estack = (ORIGIN (RAM) + LENGTH (RAM))
                0x0000000000000200                _Min_Heap_Size = 0x200
                0x0000000000000400                _Min_Stack_Size = 0x400

.isr_vector     0x0000000008000000      0x188
                0x0000000008000000                . = ALIGN (0x4)
 *(.isr_vector)
 .isr_vector    0x0000000008000000      0x188 ./Core/Startup/startup_stm32f407vgtx.o
                0x0000000008000000                g_pfnVectors
                0x0000000008000188                . = ALIGN (0x4)

.text           0x0000000008000190    0x11034
                0x0000000008000190                . = ALIGN (0x4)
 *(.text)
 .text          0x0000000008000190       0x40 /opt/st/stm32cubeide_1.13.1/plugins/com.st.stm32cube.ide.mcu.externaltools.gnu-tools-for-stm32.11.3.rel1.linux64_1.1.0.202305231506/tools/bin/../lib/gcc/arm-none-eabi/11.3.1/thumb/v7e-m+fp/hard/crtbegin.o
 .text          0x00000000080001d0       0x14 /opt/st/stm32cubeide_1.13.1/plugins/com.st.stm32cube.ide.mcu.externaltools.gnu-tools-for-stm32.11.3.rel1.linux64_1.1.0.202305231506/tools/bin/../lib/gcc/arm-none-eabi/11.3.1/../../../../arm-none-eabi/lib/thumb/v7e-m+fp/hard/libc_nano.a(libc_a-strcmp.o)
                0x00000000080001d0                strcmp
 .text          0x00000000080001e4       0x10 /opt/st/stm32cubeide_1.13.1/plugins/com.st.stm32cube.ide.mcu.externaltools.gnu-tools-for-stm32.11.3.rel1.linux64_1.1.0.202305231506/tools/bin/../lib/gcc/arm-none-eabi/11.3.1/../../../../arm-none-eabi/lib/thumb/v7e-m+fp/hard/libc_nano.a(libc_a-strlen.o)
                0x00000000080001e4                strlen
 *fill*         0x00000000080001f4        0xc 
 .text          0x0000000008000200       0xa0 /opt/st/stm32cubeide_1.13.1/plugins/com.st.stm32cube.ide.mcu.externaltools.gnu-tools-for-stm32.11.3.rel1.linux64_1.1.0.202305231506/tools/bin/../lib/gcc/arm-none-eabi/11.3.1/../../../../arm-none-eabi/lib/thumb/v7e-m+fp/hard/libc_nano.a(libc_a-memchr.o)
                0x0000000008000200                memchr
 .text          0x00000000080002a0       0xa0 /opt/st/stm32cubeide_1.13.1/plugins/com.st.stm32cube.ide.mcu.externaltools.gnu-tools-for-stm32.11.3.rel1.linux64_1.1.0.202305231506/tools/bin/../lib/gcc/arm-none-eabi/11.3.1/thumb/v7e-m+fp/hard/libgcc.a(_aeabi_ldivmod.o)
                0x00000000080002a0                __aeabi_ldivmod
 .text          0x0000000008000340       0x30 /opt/st/stm32cubeide_1.13.1/plugins/com.st.stm32cube.ide.mcu.externaltools.gnu-tools-for-stm32.11.3.rel1.linux64_1.1.0.202305231506/tools/bin/../lib/gcc/arm-none-eabi/11.3.1/thumb/v7e-m+fp/hard/libgcc.a(_aeabi_uldivmod.o)
                0x0000000008000340                __aeabi_uldivmod
 .text          0x0000000008000370      0x2c8 /opt/st/stm32cubeide_1.13.1/plugins/com.st.stm32cube.ide.mcu.externaltools.gnu-tools-for-stm32.11.3.rel1.linux64_1.1.0.202305231506/tools/bin/../lib/gcc/arm-none-eabi/11.3.1/thumb/v7e-m+fp/hard/libgcc.a(_udivmoddi4.o)
                0x0000000008000370                __udivmoddi4
 .text          0x0000000008000638        0x4 /opt/st/stm32cubeide_1.13.1/plugins/com.st.stm32cube.ide.mcu.externaltools.gnu-tools-for-stm32.11.3.rel1.linux64_1.1.0.202305231506/tools/bin/../lib/gcc/arm-none-eabi/11.3.1/thumb/v7e-m+fp/hard/libgcc.a(_dvmd_tls.o)
                0x0000000008000638                __aeabi_ldiv0
                0x0000000008000638                __aeabi_idiv0
 *(.text*)
 .text.pvPortMallocMicroROS
                0x000000000800063c      0x188 ./Core/Src/custom_memory_manager.o
                0x000000000800063c                pvPortMallocMicroROS
 .text.vPortFreeMicroROS
                0x00000000080007c4       0xb4 ./Core/Src/custom_memory_manager.o
                0x00000000080007c4                vPortFreeMicroROS
 .text.getBlockSize
                0x0000000008000878       0x3c ./Core/Src/custom_memory_manager.o
                0x0000000008000878                getBlockSize
 .text.pvPortReallocMicroROS
                0x00000000080008b4       0x5a ./Core/Src/custom_memory_manager.o
                0x00000000080008b4                pvPortReallocMicroROS
 .text.pvPortCallocMicroROS
                0x000000000800090e       0x48 ./Core/Src/custom_memory_manager.o
                0x000000000800090e                pvPortCallocMicroROS
 *fill*         0x0000000008000956        0x2 
 .text.prvHeapInit
                0x0000000008000958       0xc4 ./Core/Src/custom_memory_manager.o
 .text.prvInsertBlockIntoFreeList
                0x0000000008000a1c       0xb4 ./Core/Src/custom_memory_manager.o
 .text.main     0x0000000008000ad0       0x40 ./Core/Src/main.o
                0x0000000008000ad0                main
 .text.SystemClock_Config
                0x0000000008000b10       0xd4 ./Core/Src/main.o
                0x0000000008000b10                SystemClock_Config
 .text.MX_USART2_UART_Init
                0x0000000008000be4       0x54 ./Core/Src/main.o
 .text.MX_DMA_Init
                0x0000000008000c38       0x50 ./Core/Src/main.o
 .text.MX_GPIO_Init
                0x0000000008000c88       0x6c ./Core/Src/main.o
 .text.StartDefaultTask
                0x0000000008000cf4      0x130 ./Core/Src/main.o
                0x0000000008000cf4                StartDefaultTask
 .text.Error_Handler
                0x0000000008000e24        0xa ./Core/Src/main.o
                0x0000000008000e24                Error_Handler
 *fill*         0x0000000008000e2e        0x2 
 .text.microros_allocate
                0x0000000008000e30       0x44 ./Core/Src/microros_allocators.o
                0x0000000008000e30                microros_allocate
 .text.microros_deallocate
                0x0000000008000e74       0x38 ./Core/Src/microros_allocators.o
                0x0000000008000e74                microros_deallocate
 .text.microros_reallocate
                0x0000000008000eac       0x6c ./Core/Src/microros_allocators.o
                0x0000000008000eac                microros_reallocate
 .text.microros_zero_allocate
                0x0000000008000f18       0x50 ./Core/Src/microros_allocators.o
                0x0000000008000f18                microros_zero_allocate
 .text.UTILS_NanosecondsToTimespec
                0x0000000008000f68       0xa0 ./Core/Src/microros_time.o
                0x0000000008000f68                UTILS_NanosecondsToTimespec
 .text.clock_gettime
                0x0000000008001008       0xee ./Core/Src/microros_time.o
                0x0000000008001008                clock_gettime
 *fill*         0x00000000080010f6        0x2 
 .text.HAL_MspInit
                0x00000000080010f8       0x68 ./Core/Src/stm32f4xx_hal_msp.o
                0x00000000080010f8                HAL_MspInit
 .text.HAL_UART_MspInit
                0x0000000008001160      0x16c ./Core/Src/stm32f4xx_hal_msp.o
                0x0000000008001160                HAL_UART_MspInit
 .text.NMI_Handler
                0x00000000080012cc        0x6 ./Core/Src/stm32f4xx_it.o
                0x00000000080012cc                NMI_Handler
 .text.HardFault_Handler
                0x00000000080012d2        0x6 ./Core/Src/stm32f4xx_it.o
                0x00000000080012d2                HardFault_Handler
 .text.MemManage_Handler
                0x00000000080012d8        0x6 ./Core/Src/stm32f4xx_it.o
                0x00000000080012d8                MemManage_Handler
 .text.BusFault_Handler
                0x00000000080012de        0x6 ./Core/Src/stm32f4xx_it.o
                0x00000000080012de                BusFault_Handler
 .text.UsageFault_Handler
                0x00000000080012e4        0x6 ./Core/Src/stm32f4xx_it.o
                0x00000000080012e4                UsageFault_Handler
 .text.DebugMon_Handler
                0x00000000080012ea        0xe ./Core/Src/stm32f4xx_it.o
                0x00000000080012ea                DebugMon_Handler
 .text.SysTick_Handler
                0x00000000080012f8       0x1a ./Core/Src/stm32f4xx_it.o
                0x00000000080012f8                SysTick_Handler
 .text.RCC_IRQHandler
                0x0000000008001312        0xe ./Core/Src/stm32f4xx_it.o
                0x0000000008001312                RCC_IRQHandler
 .text.DMA1_Stream5_IRQHandler
                0x0000000008001320       0x14 ./Core/Src/stm32f4xx_it.o
                0x0000000008001320                DMA1_Stream5_IRQHandler
 .text.DMA1_Stream6_IRQHandler
                0x0000000008001334       0x14 ./Core/Src/stm32f4xx_it.o
                0x0000000008001334                DMA1_Stream6_IRQHandler
 .text.USART2_IRQHandler
                0x0000000008001348       0x14 ./Core/Src/stm32f4xx_it.o
                0x0000000008001348                USART2_IRQHandler
 .text._getpid  0x000000000800135c       0x10 ./Core/Src/syscalls.o
                0x000000000800135c                _getpid
 .text._kill    0x000000000800136c       0x20 ./Core/Src/syscalls.o
                0x000000000800136c                _kill
 .text._exit    0x000000000800138c       0x14 ./Core/Src/syscalls.o
                0x000000000800138c                _exit
 .text._read    0x00000000080013a0       0x3a ./Core/Src/syscalls.o
                0x00000000080013a0                _read
 .text._write   0x00000000080013da       0x38 ./Core/Src/syscalls.o
                0x00000000080013da                _write
 .text._close   0x0000000008001412       0x18 ./Core/Src/syscalls.o
                0x0000000008001412                _close
 .text._fstat   0x000000000800142a       0x20 ./Core/Src/syscalls.o
                0x000000000800142a                _fstat
 .text._isatty  0x000000000800144a       0x16 ./Core/Src/syscalls.o
                0x000000000800144a                _isatty
 .text._lseek   0x0000000008001460       0x1a ./Core/Src/syscalls.o
                0x0000000008001460                _lseek
 *fill*         0x000000000800147a        0x2 
 .text._sbrk    0x000000000800147c       0x6c ./Core/Src/sysmem.o
                0x000000000800147c                _sbrk
 .text.SystemInit
                0x00000000080014e8       0x24 ./Core/Src/system_stm32f4xx.o
                0x00000000080014e8                SystemInit
 .text.cubemx_transport_open
                0x000000000800150c       0x2c ./Core/Src/microros_transports/dma_transport.o
                0x000000000800150c                cubemx_transport_open
 .text.cubemx_transport_close
                0x0000000008001538       0x20 ./Core/Src/microros_transports/dma_transport.o
                0x0000000008001538                cubemx_transport_close
 .text.cubemx_transport_write
                0x0000000008001558       0x66 ./Core/Src/microros_transports/dma_transport.o
                0x0000000008001558                cubemx_transport_write
 *fill*         0x00000000080015be        0x2 
 .text.cubemx_transport_read
                0x00000000080015c0       0xa8 ./Core/Src/microros_transports/dma_transport.o
                0x00000000080015c0                cubemx_transport_read
 .text.Reset_Handler
                0x0000000008001668       0x50 ./Core/Startup/startup_stm32f407vgtx.o
                0x0000000008001668                Reset_Handler
 .text.Default_Handler
                0x00000000080016b8        0x2 ./Core/Startup/startup_stm32f407vgtx.o
                0x00000000080016b8                RTC_Alarm_IRQHandler
                0x00000000080016b8                HASH_RNG_IRQHandler
                0x00000000080016b8                EXTI2_IRQHandler
                0x00000000080016b8                TIM8_CC_IRQHandler
                0x00000000080016b8                TIM1_CC_IRQHandler
                0x00000000080016b8                DMA2_Stream5_IRQHandler
                0x00000000080016b8                PVD_IRQHandler
                0x00000000080016b8                SDIO_IRQHandler
                0x00000000080016b8                TAMP_STAMP_IRQHandler
                0x00000000080016b8                CAN2_RX1_IRQHandler
                0x00000000080016b8                EXTI3_IRQHandler
                0x00000000080016b8                TIM8_TRG_COM_TIM14_IRQHandler
                0x00000000080016b8                TIM1_UP_TIM10_IRQHandler
                0x00000000080016b8                TIM8_UP_TIM13_IRQHandler
                0x00000000080016b8                I2C3_ER_IRQHandler
                0x00000000080016b8                EXTI0_IRQHandler
                0x00000000080016b8                I2C2_EV_IRQHandler
                0x00000000080016b8                DMA1_Stream2_IRQHandler
                0x00000000080016b8                CAN1_RX0_IRQHandler
                0x00000000080016b8                FPU_IRQHandler
                0x00000000080016b8                OTG_HS_WKUP_IRQHandler
                0x00000000080016b8                CAN2_SCE_IRQHandler
                0x00000000080016b8                DMA2_Stream2_IRQHandler
                0x00000000080016b8                SPI1_IRQHandler
                0x00000000080016b8                TIM6_DAC_IRQHandler
                0x00000000080016b8                TIM1_BRK_TIM9_IRQHandler
                0x00000000080016b8                DCMI_IRQHandler
                0x00000000080016b8                CAN2_RX0_IRQHandler
                0x00000000080016b8                DMA2_Stream3_IRQHandler
                0x00000000080016b8                USART6_IRQHandler
                0x00000000080016b8                USART3_IRQHandler
                0x00000000080016b8                CAN1_RX1_IRQHandler
                0x00000000080016b8                UART5_IRQHandler
                0x00000000080016b8                DMA2_Stream0_IRQHandler
                0x00000000080016b8                TIM4_IRQHandler
                0x00000000080016b8                I2C1_EV_IRQHandler
                0x00000000080016b8                DMA1_Stream1_IRQHandler
                0x00000000080016b8                UART4_IRQHandler
                0x00000000080016b8                TIM3_IRQHandler
                0x00000000080016b8                TIM8_BRK_TIM12_IRQHandler
                0x00000000080016b8                Default_Handler
                0x00000000080016b8                EXTI15_10_IRQHandler
                0x00000000080016b8                ADC_IRQHandler
                0x00000000080016b8                DMA1_Stream7_IRQHandler
                0x00000000080016b8                TIM7_IRQHandler
                0x00000000080016b8                CAN2_TX_IRQHandler
                0x00000000080016b8                TIM5_IRQHandler
                0x00000000080016b8                DMA2_Stream7_IRQHandler
                0x00000000080016b8                I2C3_EV_IRQHandler
                0x00000000080016b8                EXTI9_5_IRQHandler
                0x00000000080016b8                RTC_WKUP_IRQHandler
                0x00000000080016b8                ETH_WKUP_IRQHandler
                0x00000000080016b8                SPI2_IRQHandler
                0x00000000080016b8                OTG_HS_EP1_IN_IRQHandler
                0x00000000080016b8                DMA1_Stream0_IRQHandler
                0x00000000080016b8                CAN1_TX_IRQHandler
                0x00000000080016b8                EXTI4_IRQHandler
                0x00000000080016b8                FSMC_IRQHandler
                0x00000000080016b8                ETH_IRQHandler
                0x00000000080016b8                OTG_HS_EP1_OUT_IRQHandler
                0x00000000080016b8                WWDG_IRQHandler
                0x00000000080016b8                TIM2_IRQHandler
                0x00000000080016b8                OTG_FS_WKUP_IRQHandler
                0x00000000080016b8                TIM1_TRG_COM_TIM11_IRQHandler
                0x00000000080016b8                OTG_HS_IRQHandler
                0x00000000080016b8                EXTI1_IRQHandler
                0x00000000080016b8                I2C2_ER_IRQHandler
                0x00000000080016b8                DMA2_Stream1_IRQHandler
                0x00000000080016b8                CAN1_SCE_IRQHandler
                0x00000000080016b8                FLASH_IRQHandler
                0x00000000080016b8                DMA2_Stream4_IRQHandler
                0x00000000080016b8                USART1_IRQHandler
                0x00000000080016b8                OTG_FS_IRQHandler
                0x00000000080016b8                SPI3_IRQHandler
                0x00000000080016b8                DMA1_Stream4_IRQHandler
                0x00000000080016b8                I2C1_ER_IRQHandler
                0x00000000080016b8                DMA2_Stream6_IRQHandler
                0x00000000080016b8                DMA1_Stream3_IRQHandler
 *fill*         0x00000000080016ba        0x2 
 .text.HAL_Init
                0x00000000080016bc       0x44 ./Drivers/STM32F4xx_HAL_Driver/Src/stm32f4xx_hal.o
                0x00000000080016bc                HAL_Init
 .text.HAL_InitTick
                0x0000000008001700       0x60 ./Drivers/STM32F4xx_HAL_Driver/Src/stm32f4xx_hal.o
                0x0000000008001700                HAL_InitTick
 .text.HAL_IncTick
                0x0000000008001760       0x28 ./Drivers/STM32F4xx_HAL_Driver/Src/stm32f4xx_hal.o
                0x0000000008001760                HAL_IncTick
 .text.HAL_GetTick
                0x0000000008001788       0x18 ./Drivers/STM32F4xx_HAL_Driver/Src/stm32f4xx_hal.o
                0x0000000008001788                HAL_GetTick
 .text.__NVIC_SetPriorityGrouping
                0x00000000080017a0       0x48 ./Drivers/STM32F4xx_HAL_Driver/Src/stm32f4xx_hal_cortex.o
 .text.__NVIC_GetPriorityGrouping
                0x00000000080017e8       0x1c ./Drivers/STM32F4xx_HAL_Driver/Src/stm32f4xx_hal_cortex.o
 .text.__NVIC_EnableIRQ
                0x0000000008001804       0x3c ./Drivers/STM32F4xx_HAL_Driver/Src/stm32f4xx_hal_cortex.o
 .text.__NVIC_SetPriority
                0x0000000008001840       0x54 ./Drivers/STM32F4xx_HAL_Driver/Src/stm32f4xx_hal_cortex.o
 .text.NVIC_EncodePriority
                0x0000000008001894       0x66 ./Drivers/STM32F4xx_HAL_Driver/Src/stm32f4xx_hal_cortex.o
 *fill*         0x00000000080018fa        0x2 
 .text.SysTick_Config
                0x00000000080018fc       0x44 ./Drivers/STM32F4xx_HAL_Driver/Src/stm32f4xx_hal_cortex.o
 .text.HAL_NVIC_SetPriorityGrouping
                0x0000000008001940       0x16 ./Drivers/STM32F4xx_HAL_Driver/Src/stm32f4xx_hal_cortex.o
                0x0000000008001940                HAL_NVIC_SetPriorityGrouping
 .text.HAL_NVIC_SetPriority
                0x0000000008001956       0x38 ./Drivers/STM32F4xx_HAL_Driver/Src/stm32f4xx_hal_cortex.o
                0x0000000008001956                HAL_NVIC_SetPriority
 .text.HAL_NVIC_EnableIRQ
                0x000000000800198e       0x1c ./Drivers/STM32F4xx_HAL_Driver/Src/stm32f4xx_hal_cortex.o
                0x000000000800198e                HAL_NVIC_EnableIRQ
 .text.HAL_SYSTICK_Config
                0x00000000080019aa       0x18 ./Drivers/STM32F4xx_HAL_Driver/Src/stm32f4xx_hal_cortex.o
                0x00000000080019aa                HAL_SYSTICK_Config
 *fill*         0x00000000080019c2        0x2 
 .text.HAL_DMA_Init
                0x00000000080019c4      0x15c ./Drivers/STM32F4xx_HAL_Driver/Src/stm32f4xx_hal_dma.o
                0x00000000080019c4                HAL_DMA_Init
 .text.HAL_DMA_Start_IT
                0x0000000008001b20       0xb0 ./Drivers/STM32F4xx_HAL_Driver/Src/stm32f4xx_hal_dma.o
                0x0000000008001b20                HAL_DMA_Start_IT
 .text.HAL_DMA_Abort
                0x0000000008001bd0       0xe0 ./Drivers/STM32F4xx_HAL_Driver/Src/stm32f4xx_hal_dma.o
                0x0000000008001bd0                HAL_DMA_Abort
 .text.HAL_DMA_Abort_IT
                0x0000000008001cb0       0x44 ./Drivers/STM32F4xx_HAL_Driver/Src/stm32f4xx_hal_dma.o
                0x0000000008001cb0                HAL_DMA_Abort_IT
 .text.HAL_DMA_IRQHandler
                0x0000000008001cf4      0x314 ./Drivers/STM32F4xx_HAL_Driver/Src/stm32f4xx_hal_dma.o
                0x0000000008001cf4                HAL_DMA_IRQHandler
 .text.DMA_SetConfig
                0x0000000008002008       0x5c ./Drivers/STM32F4xx_HAL_Driver/Src/stm32f4xx_hal_dma.o
 .text.DMA_CalcBaseAndBitshift
                0x0000000008002064       0x6c ./Drivers/STM32F4xx_HAL_Driver/Src/stm32f4xx_hal_dma.o
 .text.DMA_CheckFifoParam
                0x00000000080020d0       0xf8 ./Drivers/STM32F4xx_HAL_Driver/Src/stm32f4xx_hal_dma.o
 .text.HAL_GPIO_Init
                0x00000000080021c8      0x338 ./Drivers/STM32F4xx_HAL_Driver/Src/stm32f4xx_hal_gpio.o
                0x00000000080021c8                HAL_GPIO_Init
 .text.HAL_RCC_OscConfig
                0x0000000008002500      0x4f0 ./Drivers/STM32F4xx_HAL_Driver/Src/stm32f4xx_hal_rcc.o
                0x0000000008002500                HAL_RCC_OscConfig
 .text.HAL_RCC_ClockConfig
                0x00000000080029f0      0x1cc ./Drivers/STM32F4xx_HAL_Driver/Src/stm32f4xx_hal_rcc.o
                0x00000000080029f0                HAL_RCC_ClockConfig
 .text.HAL_RCC_GetSysClockFreq
                0x0000000008002bbc      0x20c ./Drivers/STM32F4xx_HAL_Driver/Src/stm32f4xx_hal_rcc.o
                0x0000000008002bbc                HAL_RCC_GetSysClockFreq
 .text.HAL_RCC_GetHCLKFreq
                0x0000000008002dc8       0x18 ./Drivers/STM32F4xx_HAL_Driver/Src/stm32f4xx_hal_rcc.o
                0x0000000008002dc8                HAL_RCC_GetHCLKFreq
 .text.HAL_RCC_GetPCLK1Freq
                0x0000000008002de0       0x28 ./Drivers/STM32F4xx_HAL_Driver/Src/stm32f4xx_hal_rcc.o
                0x0000000008002de0                HAL_RCC_GetPCLK1Freq
 .text.HAL_RCC_GetPCLK2Freq
                0x0000000008002e08       0x28 ./Drivers/STM32F4xx_HAL_Driver/Src/stm32f4xx_hal_rcc.o
                0x0000000008002e08                HAL_RCC_GetPCLK2Freq
 .text.HAL_UART_Init
                0x0000000008002e30       0x9a ./Drivers/STM32F4xx_HAL_Driver/Src/stm32f4xx_hal_uart.o
                0x0000000008002e30                HAL_UART_Init
 *fill*         0x0000000008002eca        0x2 
 .text.HAL_UART_Transmit_DMA
                0x0000000008002ecc       0xfc ./Drivers/STM32F4xx_HAL_Driver/Src/stm32f4xx_hal_uart.o
                0x0000000008002ecc                HAL_UART_Transmit_DMA
 .text.HAL_UART_Receive_DMA
                0x0000000008002fc8       0x60 ./Drivers/STM32F4xx_HAL_Driver/Src/stm32f4xx_hal_uart.o
                0x0000000008002fc8                HAL_UART_Receive_DMA
 .text.HAL_UART_DMAStop
                0x0000000008003028       0xfe ./Drivers/STM32F4xx_HAL_Driver/Src/stm32f4xx_hal_uart.o
                0x0000000008003028                HAL_UART_DMAStop
 *fill*         0x0000000008003126        0x2 
 .text.HAL_UART_IRQHandler
                0x0000000008003128      0x51c ./Drivers/STM32F4xx_HAL_Driver/Src/stm32f4xx_hal_uart.o
                0x0000000008003128                HAL_UART_IRQHandler
 .text.HAL_UART_TxCpltCallback
                0x0000000008003644       0x14 ./Drivers/STM32F4xx_HAL_Driver/Src/stm32f4xx_hal_uart.o
                0x0000000008003644                HAL_UART_TxCpltCallback
 .text.HAL_UART_TxHalfCpltCallback
                0x0000000008003658       0x14 ./Drivers/STM32F4xx_HAL_Driver/Src/stm32f4xx_hal_uart.o
                0x0000000008003658                HAL_UART_TxHalfCpltCallback
 .text.HAL_UART_RxCpltCallback
                0x000000000800366c       0x14 ./Drivers/STM32F4xx_HAL_Driver/Src/stm32f4xx_hal_uart.o
                0x000000000800366c                HAL_UART_RxCpltCallback
 .text.HAL_UART_RxHalfCpltCallback
                0x0000000008003680       0x14 ./Drivers/STM32F4xx_HAL_Driver/Src/stm32f4xx_hal_uart.o
                0x0000000008003680                HAL_UART_RxHalfCpltCallback
 .text.HAL_UART_ErrorCallback
                0x0000000008003694       0x14 ./Drivers/STM32F4xx_HAL_Driver/Src/stm32f4xx_hal_uart.o
                0x0000000008003694                HAL_UART_ErrorCallback
 .text.HAL_UARTEx_RxEventCallback
                0x00000000080036a8       0x18 ./Drivers/STM32F4xx_HAL_Driver/Src/stm32f4xx_hal_uart.o
                0x00000000080036a8                HAL_UARTEx_RxEventCallback
 .text.UART_DMATransmitCplt
                0x00000000080036c0       0x9a ./Drivers/STM32F4xx_HAL_Driver/Src/stm32f4xx_hal_uart.o
 .text.UART_DMATxHalfCplt
                0x000000000800375a       0x1c ./Drivers/STM32F4xx_HAL_Driver/Src/stm32f4xx_hal_uart.o
 .text.UART_DMAReceiveCplt
                0x0000000008003776      0x126 ./Drivers/STM32F4xx_HAL_Driver/Src/stm32f4xx_hal_uart.o
 .text.UART_DMARxHalfCplt
                0x000000000800389c       0x36 ./Drivers/STM32F4xx_HAL_Driver/Src/stm32f4xx_hal_uart.o
 .text.UART_DMAError
                0x00000000080038d2       0x94 ./Drivers/STM32F4xx_HAL_Driver/Src/stm32f4xx_hal_uart.o
 *fill*         0x0000000008003966        0x2 
 .text.UART_Start_Receive_DMA
                0x0000000008003968      0x13c ./Drivers/STM32F4xx_HAL_Driver/Src/stm32f4xx_hal_uart.o
                0x0000000008003968                UART_Start_Receive_DMA
 .text.UART_EndTxTransfer
                0x0000000008003aa4       0x50 ./Drivers/STM32F4xx_HAL_Driver/Src/stm32f4xx_hal_uart.o
 .text.UART_EndRxTransfer
                0x0000000008003af4       0xc6 ./Drivers/STM32F4xx_HAL_Driver/Src/stm32f4xx_hal_uart.o
 .text.UART_DMAAbortOnError
                0x0000000008003bba       0x28 ./Drivers/STM32F4xx_HAL_Driver/Src/stm32f4xx_hal_uart.o
 .text.UART_Transmit_IT
                0x0000000008003be2       0xa0 ./Drivers/STM32F4xx_HAL_Driver/Src/stm32f4xx_hal_uart.o
 .text.UART_EndTransmit_IT
                0x0000000008003c82       0x30 ./Drivers/STM32F4xx_HAL_Driver/Src/stm32f4xx_hal_uart.o
 .text.UART_Receive_IT
                0x0000000008003cb2      0x176 ./Drivers/STM32F4xx_HAL_Driver/Src/stm32f4xx_hal_uart.o
 .text.UART_SetConfig
                0x0000000008003e28      0x4e8 ./Drivers/STM32F4xx_HAL_Driver/Src/stm32f4xx_hal_uart.o
 .text.__NVIC_SetPriority
                0x0000000008004310       0x54 ./Middlewares/Third_Party/FreeRTOS/Source/CMSIS_RTOS_V2/cmsis_os2.o
 .text.SVC_Setup
                0x0000000008004364       0x12 ./Middlewares/Third_Party/FreeRTOS/Source/CMSIS_RTOS_V2/cmsis_os2.o
 *fill*         0x0000000008004376        0x2 
 .text.osKernelInitialize
                0x0000000008004378       0x48 ./Middlewares/Third_Party/FreeRTOS/Source/CMSIS_RTOS_V2/cmsis_os2.o
                0x0000000008004378                osKernelInitialize
 .text.osKernelStart
                0x00000000080043c0       0x4c ./Middlewares/Third_Party/FreeRTOS/Source/CMSIS_RTOS_V2/cmsis_os2.o
                0x00000000080043c0                osKernelStart
 .text.osThreadNew
                0x000000000800440c      0x124 ./Middlewares/Third_Party/FreeRTOS/Source/CMSIS_RTOS_V2/cmsis_os2.o
                0x000000000800440c                osThreadNew
 .text.osDelay  0x0000000008004530       0x36 ./Middlewares/Third_Party/FreeRTOS/Source/CMSIS_RTOS_V2/cmsis_os2.o
                0x0000000008004530                osDelay
 *fill*         0x0000000008004566        0x2 
 .text.vApplicationGetIdleTaskMemory
                0x0000000008004568       0x34 ./Middlewares/Third_Party/FreeRTOS/Source/CMSIS_RTOS_V2/cmsis_os2.o
                0x0000000008004568                vApplicationGetIdleTaskMemory
 .text.vApplicationGetTimerTaskMemory
                0x000000000800459c       0x34 ./Middlewares/Third_Party/FreeRTOS/Source/CMSIS_RTOS_V2/cmsis_os2.o
                0x000000000800459c                vApplicationGetTimerTaskMemory
 .text.vListInitialise
                0x00000000080045d0       0x40 ./Middlewares/Third_Party/FreeRTOS/Source/list.o
                0x00000000080045d0                vListInitialise
 .text.vListInitialiseItem
                0x0000000008004610       0x1a ./Middlewares/Third_Party/FreeRTOS/Source/list.o
                0x0000000008004610                vListInitialiseItem
 .text.vListInsertEnd
                0x000000000800462a       0x48 ./Middlewares/Third_Party/FreeRTOS/Source/list.o
                0x000000000800462a                vListInsertEnd
 .text.vListInsert
                0x0000000008004672       0x72 ./Middlewares/Third_Party/FreeRTOS/Source/list.o
                0x0000000008004672                vListInsert
 .text.uxListRemove
                0x00000000080046e4       0x54 ./Middlewares/Third_Party/FreeRTOS/Source/list.o
                0x00000000080046e4                uxListRemove
 .text.xQueueGenericReset
                0x0000000008004738       0xd0 ./Middlewares/Third_Party/FreeRTOS/Source/queue.o
                0x0000000008004738                xQueueGenericReset
 .text.xQueueGenericCreateStatic
                0x0000000008004808       0xf0 ./Middlewares/Third_Party/FreeRTOS/Source/queue.o
                0x0000000008004808                xQueueGenericCreateStatic
 .text.prvInitialiseNewQueue
                0x00000000080048f8       0x46 ./Middlewares/Third_Party/FreeRTOS/Source/queue.o
 *fill*         0x000000000800493e        0x2 
 .text.xQueueGenericSend
                0x0000000008004940      0x1fc ./Middlewares/Third_Party/FreeRTOS/Source/queue.o
                0x0000000008004940                xQueueGenericSend
 .text.xQueueGenericSendFromISR
                0x0000000008004b3c      0x136 ./Middlewares/Third_Party/FreeRTOS/Source/queue.o
                0x0000000008004b3c                xQueueGenericSendFromISR
 *fill*         0x0000000008004c72        0x2 
 .text.xQueueReceive
                0x0000000008004c74      0x1c0 ./Middlewares/Third_Party/FreeRTOS/Source/queue.o
                0x0000000008004c74                xQueueReceive
 .text.prvCopyDataToQueue
                0x0000000008004e34       0xd4 ./Middlewares/Third_Party/FreeRTOS/Source/queue.o
 .text.prvCopyDataFromQueue
                0x0000000008004f08       0x4c ./Middlewares/Third_Party/FreeRTOS/Source/queue.o
 .text.prvUnlockQueue
                0x0000000008004f54       0xa4 ./Middlewares/Third_Party/FreeRTOS/Source/queue.o
 .text.prvIsQueueEmpty
                0x0000000008004ff8       0x2c ./Middlewares/Third_Party/FreeRTOS/Source/queue.o
 .text.prvIsQueueFull
                0x0000000008005024       0x30 ./Middlewares/Third_Party/FreeRTOS/Source/queue.o
 .text.vQueueAddToRegistry
                0x0000000008005054       0x54 ./Middlewares/Third_Party/FreeRTOS/Source/queue.o
                0x0000000008005054                vQueueAddToRegistry
 .text.vQueueWaitForMessageRestricted
                0x00000000080050a8       0x68 ./Middlewares/Third_Party/FreeRTOS/Source/queue.o
                0x00000000080050a8                vQueueWaitForMessageRestricted
 .text.xTaskCreateStatic
                0x0000000008005110       0xba ./Middlewares/Third_Party/FreeRTOS/Source/tasks.o
                0x0000000008005110                xTaskCreateStatic
 .text.xTaskCreate
                0x00000000080051ca       0x8a ./Middlewares/Third_Party/FreeRTOS/Source/tasks.o
                0x00000000080051ca                xTaskCreate
 .text.prvInitialiseNewTask
                0x0000000008005254      0x11e ./Middlewares/Third_Party/FreeRTOS/Source/tasks.o
 *fill*         0x0000000008005372        0x2 
 .text.prvAddNewTaskToReadyList
                0x0000000008005374       0xe0 ./Middlewares/Third_Party/FreeRTOS/Source/tasks.o
 .text.vTaskDelay
                0x0000000008005454       0x68 ./Middlewares/Third_Party/FreeRTOS/Source/tasks.o
                0x0000000008005454                vTaskDelay
 .text.vTaskStartScheduler
                0x00000000080054bc       0xcc ./Middlewares/Third_Party/FreeRTOS/Source/tasks.o
                0x00000000080054bc                vTaskStartScheduler
 .text.vTaskSuspendAll
                0x0000000008005588       0x1c ./Middlewares/Third_Party/FreeRTOS/Source/tasks.o
                0x0000000008005588                vTaskSuspendAll
 .text.xTaskResumeAll
                0x00000000080055a4      0x13c ./Middlewares/Third_Party/FreeRTOS/Source/tasks.o
                0x00000000080055a4                xTaskResumeAll
 .text.xTaskGetTickCount
                0x00000000080056e0       0x20 ./Middlewares/Third_Party/FreeRTOS/Source/tasks.o
                0x00000000080056e0                xTaskGetTickCount
 .text.xTaskIncrementTick
                0x0000000008005700      0x174 ./Middlewares/Third_Party/FreeRTOS/Source/tasks.o
                0x0000000008005700                xTaskIncrementTick
 .text.vTaskSwitchContext
                0x0000000008005874       0xbc ./Middlewares/Third_Party/FreeRTOS/Source/tasks.o
                0x0000000008005874                vTaskSwitchContext
 .text.vTaskPlaceOnEventList
                0x0000000008005930       0x48 ./Middlewares/Third_Party/FreeRTOS/Source/tasks.o
                0x0000000008005930                vTaskPlaceOnEventList
 .text.vTaskPlaceOnEventListRestricted
                0x0000000008005978       0x58 ./Middlewares/Third_Party/FreeRTOS/Source/tasks.o
                0x0000000008005978                vTaskPlaceOnEventListRestricted
 .text.xTaskRemoveFromEventList
                0x00000000080059d0       0xc8 ./Middlewares/Third_Party/FreeRTOS/Source/tasks.o
                0x00000000080059d0                xTaskRemoveFromEventList
 .text.vTaskSetTimeOutState
                0x0000000008005a98       0x4c ./Middlewares/Third_Party/FreeRTOS/Source/tasks.o
                0x0000000008005a98                vTaskSetTimeOutState
 .text.vTaskInternalSetTimeOutState
                0x0000000008005ae4       0x2c ./Middlewares/Third_Party/FreeRTOS/Source/tasks.o
                0x0000000008005ae4                vTaskInternalSetTimeOutState
 .text.xTaskCheckForTimeOut
                0x0000000008005b10       0xc4 ./Middlewares/Third_Party/FreeRTOS/Source/tasks.o
                0x0000000008005b10                xTaskCheckForTimeOut
 .text.vTaskMissedYield
                0x0000000008005bd4       0x18 ./Middlewares/Third_Party/FreeRTOS/Source/tasks.o
                0x0000000008005bd4                vTaskMissedYield
 .text.prvIdleTask
                0x0000000008005bec       0x30 ./Middlewares/Third_Party/FreeRTOS/Source/tasks.o
 .text.prvInitialiseTaskLists
                0x0000000008005c1c       0x80 ./Middlewares/Third_Party/FreeRTOS/Source/tasks.o
 .text.prvCheckTasksWaitingTermination
                0x0000000008005c9c       0x5c ./Middlewares/Third_Party/FreeRTOS/Source/tasks.o
 .text.prvDeleteTCB
                0x0000000008005cf8       0x5e ./Middlewares/Third_Party/FreeRTOS/Source/tasks.o
 *fill*         0x0000000008005d56        0x2 
 .text.prvResetNextTaskUnblockTime
                0x0000000008005d58       0x40 ./Middlewares/Third_Party/FreeRTOS/Source/tasks.o
 .text.xTaskGetSchedulerState
                0x0000000008005d98       0x3c ./Middlewares/Third_Party/FreeRTOS/Source/tasks.o
                0x0000000008005d98                xTaskGetSchedulerState
 .text.xTaskPriorityDisinherit
                0x0000000008005dd4       0xdc ./Middlewares/Third_Party/FreeRTOS/Source/tasks.o
                0x0000000008005dd4                xTaskPriorityDisinherit
 .text.prvAddCurrentTaskToDelayedList
                0x0000000008005eb0       0xa8 ./Middlewares/Third_Party/FreeRTOS/Source/tasks.o
 .text.xTimerCreateTimerTask
                0x0000000008005f58       0x90 ./Middlewares/Third_Party/FreeRTOS/Source/timers.o
                0x0000000008005f58                xTimerCreateTimerTask
 .text.xTimerGenericCommand
                0x0000000008005fe8       0x9c ./Middlewares/Third_Party/FreeRTOS/Source/timers.o
                0x0000000008005fe8                xTimerGenericCommand
 .text.prvProcessExpiredTimer
                0x0000000008006084       0x98 ./Middlewares/Third_Party/FreeRTOS/Source/timers.o
 .text.prvTimerTask
                0x000000000800611c       0x24 ./Middlewares/Third_Party/FreeRTOS/Source/timers.o
 .text.prvProcessTimerOrBlockTask
                0x0000000008006140       0x9c ./Middlewares/Third_Party/FreeRTOS/Source/timers.o
 .text.prvGetNextExpireTime
                0x00000000080061dc       0x48 ./Middlewares/Third_Party/FreeRTOS/Source/timers.o
 .text.prvSampleTimeNow
                0x0000000008006224       0x40 ./Middlewares/Third_Party/FreeRTOS/Source/timers.o
 .text.prvInsertTimerInActiveList
                0x0000000008006264       0x84 ./Middlewares/Third_Party/FreeRTOS/Source/timers.o
 .text.prvProcessReceivedCommands
                0x00000000080062e8      0x1c4 ./Middlewares/Third_Party/FreeRTOS/Source/timers.o
 .text.prvSwitchTimerLists
                0x00000000080064ac       0xc8 ./Middlewares/Third_Party/FreeRTOS/Source/timers.o
 .text.prvCheckForValidListAndQueue
                0x0000000008006574       0x80 ./Middlewares/Third_Party/FreeRTOS/Source/timers.o
 .text.pxPortInitialiseStack
                0x00000000080065f4       0x68 ./Middlewares/Third_Party/FreeRTOS/Source/portable/GCC/ARM_CM4F/port.o
                0x00000000080065f4                pxPortInitialiseStack
 .text.prvTaskExitError
                0x000000000800665c       0x58 ./Middlewares/Third_Party/FreeRTOS/Source/portable/GCC/ARM_CM4F/port.o
 *fill*         0x00000000080066b4        0xc 
 .text.SVC_Handler
                0x00000000080066c0       0x28 ./Middlewares/Third_Party/FreeRTOS/Source/portable/GCC/ARM_CM4F/port.o
                0x00000000080066c0                SVC_Handler
 .text.prvPortStartFirstTask
                0x00000000080066e8       0x28 ./Middlewares/Third_Party/FreeRTOS/Source/portable/GCC/ARM_CM4F/port.o
 .text.xPortStartScheduler
                0x0000000008006710      0x144 ./Middlewares/Third_Party/FreeRTOS/Source/portable/GCC/ARM_CM4F/port.o
                0x0000000008006710                xPortStartScheduler
 .text.vPortEnterCritical
                0x0000000008006854       0x60 ./Middlewares/Third_Party/FreeRTOS/Source/portable/GCC/ARM_CM4F/port.o
                0x0000000008006854                vPortEnterCritical
 .text.vPortExitCritical
                0x00000000080068b4       0x54 ./Middlewares/Third_Party/FreeRTOS/Source/portable/GCC/ARM_CM4F/port.o
                0x00000000080068b4                vPortExitCritical
 *fill*         0x0000000008006908        0x8 
 .text.PendSV_Handler
                0x0000000008006910       0x68 ./Middlewares/Third_Party/FreeRTOS/Source/portable/GCC/ARM_CM4F/port.o
                0x0000000008006910                PendSV_Handler
 .text.xPortSysTickHandler
                0x0000000008006978       0x44 ./Middlewares/Third_Party/FreeRTOS/Source/portable/GCC/ARM_CM4F/port.o
                0x0000000008006978                xPortSysTickHandler
 .text.vPortSetupTimerInterrupt
                0x00000000080069bc       0x48 ./Middlewares/Third_Party/FreeRTOS/Source/portable/GCC/ARM_CM4F/port.o
                0x00000000080069bc                vPortSetupTimerInterrupt
 .text.vPortEnableVFP
                0x0000000008006a04       0x14 ./Middlewares/Third_Party/FreeRTOS/Source/portable/GCC/ARM_CM4F/port.o
 .text.vPortValidateInterruptPriority
                0x0000000008006a18       0x80 ./Middlewares/Third_Party/FreeRTOS/Source/portable/GCC/ARM_CM4F/port.o
                0x0000000008006a18                vPortValidateInterruptPriority
 .text.pvPortMalloc
                0x0000000008006a98      0x198 ./Middlewares/Third_Party/FreeRTOS/Source/portable/MemMang/heap_4.o
                0x0000000008006a98                pvPortMalloc
 .text.vPortFree
                0x0000000008006c30       0xc4 ./Middlewares/Third_Party/FreeRTOS/Source/portable/MemMang/heap_4.o
                0x0000000008006c30                vPortFree
 .text.prvHeapInit
                0x0000000008006cf4       0xc4 ./Middlewares/Third_Party/FreeRTOS/Source/portable/MemMang/heap_4.o
 .text.prvInsertBlockIntoFreeList
                0x0000000008006db8       0xb4 ./Middlewares/Third_Party/FreeRTOS/Source/portable/MemMang/heap_4.o
 .text.rcl_get_zero_initialized_publisher
                0x0000000008006e6c        0xc ../micro_ros_stm32cubemx_utils/microros_static_library_ide/libmicroros/libmicroros.a(librcl-publisher.c.obj)
                0x0000000008006e6c                rcl_get_zero_initialized_publisher
 .text.rcl_publisher_init
                0x0000000008006e78      0x12c ../micro_ros_stm32cubemx_utils/microros_static_library_ide/libmicroros/libmicroros.a(librcl-publisher.c.obj)
                0x0000000008006e78                rcl_publisher_init
 .text.rcl_publisher_get_default_options
                0x0000000008006fa4       0x5c ../micro_ros_stm32cubemx_utils/microros_static_library_ide/libmicroros/libmicroros.a(librcl-publisher.c.obj)
                0x0000000008006fa4                rcl_publisher_get_default_options
 .text.rcl_publish
                0x0000000008007000       0x48 ../micro_ros_stm32cubemx_utils/microros_static_library_ide/libmicroros/libmicroros.a(librcl-publisher.c.obj)
                0x0000000008007000                rcl_publish
 .text.rclc_support_init
                0x0000000008007048       0x94 ../micro_ros_stm32cubemx_utils/microros_static_library_ide/libmicroros/libmicroros.a(librclc-init.c.obj)
                0x0000000008007048                rclc_support_init
 .text.rclc_node_init_default
                0x00000000080070dc       0x78 ../micro_ros_stm32cubemx_utils/microros_static_library_ide/libmicroros/libmicroros.a(librclc-node.c.obj)
                0x00000000080070dc                rclc_node_init_default
 .text.rclc_publisher_init_default
                0x0000000008007154       0x68 ../micro_ros_stm32cubemx_utils/microros_static_library_ide/libmicroros/libmicroros.a(librclc-publisher.c.obj)
                0x0000000008007154                rclc_publisher_init_default
 .text.__default_zero_allocate
                0x00000000080071bc        0x4 ../micro_ros_stm32cubemx_utils/microros_static_library_ide/libmicroros/libmicroros.a(librcutils-allocator.c.obj)
 .text.__default_reallocate
                0x00000000080071c0        0x4 ../micro_ros_stm32cubemx_utils/microros_static_library_ide/libmicroros/libmicroros.a(librcutils-allocator.c.obj)
 .text.__default_deallocate
                0x00000000080071c4        0x4 ../micro_ros_stm32cubemx_utils/microros_static_library_ide/libmicroros/libmicroros.a(librcutils-allocator.c.obj)
 .text.__default_allocate
                0x00000000080071c8        0x4 ../micro_ros_stm32cubemx_utils/microros_static_library_ide/libmicroros/libmicroros.a(librcutils-allocator.c.obj)
 .text.rcutils_get_zero_initialized_allocator
                0x00000000080071cc       0x1c ../micro_ros_stm32cubemx_utils/microros_static_library_ide/libmicroros/libmicroros.a(librcutils-allocator.c.obj)
                0x00000000080071cc                rcutils_get_zero_initialized_allocator
 .text.rcutils_set_default_allocator
                0x00000000080071e8       0x3c ../micro_ros_stm32cubemx_utils/microros_static_library_ide/libmicroros/libmicroros.a(librcutils-allocator.c.obj)
                0x00000000080071e8                rcutils_set_default_allocator
 .text.rcutils_get_default_allocator
                0x0000000008007224       0x1c ../micro_ros_stm32cubemx_utils/microros_static_library_ide/libmicroros/libmicroros.a(librcutils-allocator.c.obj)
                0x0000000008007224                rcutils_get_default_allocator
 .text.rcutils_allocator_is_valid
                0x0000000008007240       0x1c ../micro_ros_stm32cubemx_utils/microros_static_library_ide/libmicroros/libmicroros.a(librcutils-allocator.c.obj)
                0x0000000008007240                rcutils_allocator_is_valid
 .text.rcutils_get_error_string
                0x000000000800725c       0x2c ../micro_ros_stm32cubemx_utils/microros_static_library_ide/libmicroros/libmicroros.a(librcutils-error_handling.c.obj)
                0x000000000800725c                rcutils_get_error_string
 .text.rcutils_reset_error
                0x0000000008007288       0x38 ../micro_ros_stm32cubemx_utils/microros_static_library_ide/libmicroros/libmicroros.a(librcutils-error_handling.c.obj)
                0x0000000008007288                rcutils_reset_error
 .text.rmw_get_default_publisher_options
                0x00000000080072c0        0x8 ../micro_ros_stm32cubemx_utils/microros_static_library_ide/libmicroros/libmicroros.a(librmw-publisher_options.c.obj)
                0x00000000080072c0                rmw_get_default_publisher_options
 .text.rmw_uros_set_custom_transport
                0x00000000080072c8       0x2c ../micro_ros_stm32cubemx_utils/microros_static_library_ide/libmicroros/libmicroros.a(librmw_microxrcedds-custom_transport.c.obj)
                0x00000000080072c8                rmw_uros_set_custom_transport
 .text.flush_session
                0x00000000080072f4        0x8 ../micro_ros_stm32cubemx_utils/microros_static_library_ide/libmicroros/libmicroros.a(librmw_microxrcedds-rmw_publish.c.obj)
                0x00000000080072f4                flush_session
 .text.rmw_publish
                0x00000000080072fc       0xc0 ../micro_ros_stm32cubemx_utils/microros_static_library_ide/libmicroros/libmicroros.a(librmw_microxrcedds-rmw_publish.c.obj)
                0x00000000080072fc                rmw_publish
 .text.rmw_create_publisher
                0x00000000080073bc      0x1bc ../micro_ros_stm32cubemx_utils/microros_static_library_ide/libmicroros/libmicroros.a(librmw_microxrcedds-rmw_publisher.c.obj)
                0x00000000080073bc                rmw_create_publisher
 .text.rmw_publisher_get_actual_qos
                0x0000000008007578       0x20 ../micro_ros_stm32cubemx_utils/microros_static_library_ide/libmicroros/libmicroros.a(librmw_microxrcedds-rmw_publisher.c.obj)
                0x0000000008007578                rmw_publisher_get_actual_qos
 .text.rmw_destroy_publisher
                0x0000000008007598       0xa4 ../micro_ros_stm32cubemx_utils/microros_static_library_ide/libmicroros/libmicroros.a(librmw_microxrcedds-rmw_publisher.c.obj)
                0x0000000008007598                rmw_destroy_publisher
 .text.rmw_uxrce_init_service_memory
                0x000000000800763c       0x40 ../micro_ros_stm32cubemx_utils/microros_static_library_ide/libmicroros/libmicroros.a(librmw_microxrcedds-types.c.obj)
                0x000000000800763c                rmw_uxrce_init_service_memory
 .text.rmw_uxrce_init_client_memory
                0x000000000800767c       0x40 ../micro_ros_stm32cubemx_utils/microros_static_library_ide/libmicroros/libmicroros.a(librmw_microxrcedds-types.c.obj)
                0x000000000800767c                rmw_uxrce_init_client_memory
 .text.rmw_uxrce_init_publisher_memory
                0x00000000080076bc       0x40 ../micro_ros_stm32cubemx_utils/microros_static_library_ide/libmicroros/libmicroros.a(librmw_microxrcedds-types.c.obj)
                0x00000000080076bc                rmw_uxrce_init_publisher_memory
 .text.rmw_uxrce_init_subscription_memory
                0x00000000080076fc       0x40 ../micro_ros_stm32cubemx_utils/microros_static_library_ide/libmicroros/libmicroros.a(librmw_microxrcedds-types.c.obj)
                0x00000000080076fc                rmw_uxrce_init_subscription_memory
 .text.rmw_uxrce_init_node_memory
                0x000000000800773c       0x40 ../micro_ros_stm32cubemx_utils/microros_static_library_ide/libmicroros/libmicroros.a(librmw_microxrcedds-types.c.obj)
                0x000000000800773c                rmw_uxrce_init_node_memory
 .text.rmw_uxrce_init_session_memory
                0x000000000800777c       0x40 ../micro_ros_stm32cubemx_utils/microros_static_library_ide/libmicroros/libmicroros.a(librmw_microxrcedds-types.c.obj)
                0x000000000800777c                rmw_uxrce_init_session_memory
 .text.rmw_uxrce_init_topic_memory
                0x00000000080077bc       0x40 ../micro_ros_stm32cubemx_utils/microros_static_library_ide/libmicroros/libmicroros.a(librmw_microxrcedds-types.c.obj)
                0x00000000080077bc                rmw_uxrce_init_topic_memory
 .text.rmw_uxrce_init_static_input_buffer_memory
                0x00000000080077fc       0x40 ../micro_ros_stm32cubemx_utils/microros_static_library_ide/libmicroros/libmicroros.a(librmw_microxrcedds-types.c.obj)
                0x00000000080077fc                rmw_uxrce_init_static_input_buffer_memory
 .text.rmw_uxrce_init_init_options_impl_memory
                0x000000000800783c       0x40 ../micro_ros_stm32cubemx_utils/microros_static_library_ide/libmicroros/libmicroros.a(librmw_microxrcedds-types.c.obj)
                0x000000000800783c                rmw_uxrce_init_init_options_impl_memory
 .text.rmw_uxrce_init_wait_set_memory
                0x000000000800787c       0x40 ../micro_ros_stm32cubemx_utils/microros_static_library_ide/libmicroros/libmicroros.a(librmw_microxrcedds-types.c.obj)
                0x000000000800787c                rmw_uxrce_init_wait_set_memory
 .text.rmw_uxrce_init_guard_condition_memory
                0x00000000080078bc       0x40 ../micro_ros_stm32cubemx_utils/microros_static_library_ide/libmicroros/libmicroros.a(librmw_microxrcedds-types.c.obj)
                0x00000000080078bc                rmw_uxrce_init_guard_condition_memory
 .text.rmw_uxrce_fini_session_memory
                0x00000000080078fc        0xc ../micro_ros_stm32cubemx_utils/microros_static_library_ide/libmicroros/libmicroros.a(librmw_microxrcedds-types.c.obj)
                0x00000000080078fc                rmw_uxrce_fini_session_memory
 .text.rmw_uxrce_fini_node_memory
                0x0000000008007908       0x30 ../micro_ros_stm32cubemx_utils/microros_static_library_ide/libmicroros/libmicroros.a(librmw_microxrcedds-types.c.obj)
                0x0000000008007908                rmw_uxrce_fini_node_memory
 .text.rmw_uxrce_fini_publisher_memory
                0x0000000008007938       0x2c ../micro_ros_stm32cubemx_utils/microros_static_library_ide/libmicroros/libmicroros.a(librmw_microxrcedds-types.c.obj)
                0x0000000008007938                rmw_uxrce_fini_publisher_memory
 .text.rmw_uxrce_fini_subscription_memory
                0x0000000008007964       0x2c ../micro_ros_stm32cubemx_utils/microros_static_library_ide/libmicroros/libmicroros.a(librmw_microxrcedds-types.c.obj)
                0x0000000008007964                rmw_uxrce_fini_subscription_memory
 .text.rmw_uxrce_fini_service_memory
                0x0000000008007990       0x2c ../micro_ros_stm32cubemx_utils/microros_static_library_ide/libmicroros/libmicroros.a(librmw_microxrcedds-types.c.obj)
                0x0000000008007990                rmw_uxrce_fini_service_memory
 .text.rmw_uxrce_fini_client_memory
                0x00000000080079bc       0x2c ../micro_ros_stm32cubemx_utils/microros_static_library_ide/libmicroros/libmicroros.a(librmw_microxrcedds-types.c.obj)
                0x00000000080079bc                rmw_uxrce_fini_client_memory
 .text.rmw_uxrce_fini_topic_memory
                0x00000000080079e8       0x18 ../micro_ros_stm32cubemx_utils/microros_static_library_ide/libmicroros/libmicroros.a(librmw_microxrcedds-types.c.obj)
                0x00000000080079e8                rmw_uxrce_fini_topic_memory
 .text.rmw_uxrce_get_static_input_buffer_for_entity
                0x0000000008007a00       0xa0 ../micro_ros_stm32cubemx_utils/microros_static_library_ide/libmicroros/libmicroros.a(librmw_microxrcedds-types.c.obj)
                0x0000000008007a00                rmw_uxrce_get_static_input_buffer_for_entity
 .text.run_xrce_session
                0x0000000008007aa0       0x38 ../micro_ros_stm32cubemx_utils/microros_static_library_ide/libmicroros/libmicroros.a(librmw_microxrcedds-utils.c.obj)
                0x0000000008007aa0                run_xrce_session
 .text.convert_qos_profile
                0x0000000008007ad8       0x34 ../micro_ros_stm32cubemx_utils/microros_static_library_ide/libmicroros/libmicroros.a(librmw_microxrcedds-utils.c.obj)
                0x0000000008007ad8                convert_qos_profile
 .text.generate_type_name
                0x0000000008007b0c       0x60 ../micro_ros_stm32cubemx_utils/microros_static_library_ide/libmicroros/libmicroros.a(librmw_microxrcedds-utils.c.obj)
                0x0000000008007b0c                generate_type_name
 .text.generate_topic_name
                0x0000000008007b6c       0x34 ../micro_ros_stm32cubemx_utils/microros_static_library_ide/libmicroros/libmicroros.a(librmw_microxrcedds-utils.c.obj)
                0x0000000008007b6c                generate_topic_name
 .text.is_uxrce_rmw_identifier_valid
                0x0000000008007ba0       0x1c ../micro_ros_stm32cubemx_utils/microros_static_library_ide/libmicroros/libmicroros.a(librmw_microxrcedds-utils.c.obj)
                0x0000000008007ba0                is_uxrce_rmw_identifier_valid
 .text.get_message_typesupport_handle
                0x0000000008007bbc        0x4 ../micro_ros_stm32cubemx_utils/microros_static_library_ide/libmicroros/libmicroros.a(librosidl_runtime_c-message_type_support.c.obj)
                0x0000000008007bbc                get_message_typesupport_handle
 .text.get_message_typesupport_handle_function
                0x0000000008007bc0       0x14 ../micro_ros_stm32cubemx_utils/microros_static_library_ide/libmicroros/libmicroros.a(librosidl_runtime_c-message_type_support.c.obj)
                0x0000000008007bc0                get_message_typesupport_handle_function
 .text.rosidl_typesupport_c__get_message_type_support_handle__std_msgs__msg__Int32
                0x0000000008007bd4       0x1c ../micro_ros_stm32cubemx_utils/microros_static_library_ide/libmicroros/libmicroros.a(libstd_msgs__rosidl_typesupport_c-int32__type_support.cpp.obj)
                0x0000000008007bd4                rosidl_typesupport_c__get_message_type_support_handle__std_msgs__msg__Int32
 .text.startup._GLOBAL__sub_I_rosidl_typesupport_c__get_message_type_support_handle__std_msgs__msg__Int32
                0x0000000008007bf0       0x14 ../micro_ros_stm32cubemx_utils/microros_static_library_ide/libmicroros/libmicroros.a(libstd_msgs__rosidl_typesupport_c-int32__type_support.cpp.obj)
 .text.std_msgs__msg__Int32__rosidl_typesupport_introspection_c__Int32_init_function
                0x0000000008007c04        0x4 ../micro_ros_stm32cubemx_utils/microros_static_library_ide/libmicroros/libmicroros.a(libstd_msgs__rosidl_typesupport_introspection_c-int32__type_support.c.obj)
                0x0000000008007c04                std_msgs__msg__Int32__rosidl_typesupport_introspection_c__Int32_init_function
 .text.std_msgs__msg__Int32__rosidl_typesupport_introspection_c__Int32_fini_function
                0x0000000008007c08        0x4 ../micro_ros_stm32cubemx_utils/microros_static_library_ide/libmicroros/libmicroros.a(libstd_msgs__rosidl_typesupport_introspection_c-int32__type_support.c.obj)
                0x0000000008007c08                std_msgs__msg__Int32__rosidl_typesupport_introspection_c__Int32_fini_function
 .text.rosidl_typesupport_introspection_c__get_message_type_support_handle__std_msgs__msg__Int32
                0x0000000008007c0c       0x1c ../micro_ros_stm32cubemx_utils/microros_static_library_ide/libmicroros/libmicroros.a(libstd_msgs__rosidl_typesupport_introspection_c-int32__type_support.c.obj)
                0x0000000008007c0c                rosidl_typesupport_introspection_c__get_message_type_support_handle__std_msgs__msg__Int32
 .text._Int32__max_serialized_size
                0x0000000008007c28       0x10 ../micro_ros_stm32cubemx_utils/microros_static_library_ide/libmicroros/libmicroros.a(libstd_msgs__rosidl_typesupport_microxrcedds_c-int32__type_support_c.c.obj)
 .text._Int32__cdr_deserialize
                0x0000000008007c38        0xc ../micro_ros_stm32cubemx_utils/microros_static_library_ide/libmicroros/libmicroros.a(libstd_msgs__rosidl_typesupport_microxrcedds_c-int32__type_support_c.c.obj)
 .text.get_serialized_size_std_msgs__msg__Int32
                0x0000000008007c44       0x14 ../micro_ros_stm32cubemx_utils/microros_static_library_ide/libmicroros/libmicroros.a(libstd_msgs__rosidl_typesupport_microxrcedds_c-int32__type_support_c.c.obj)
                0x0000000008007c44                get_serialized_size_std_msgs__msg__Int32
 .text._Int32__cdr_serialize
                0x0000000008007c58       0x10 ../micro_ros_stm32cubemx_utils/microros_static_library_ide/libmicroros/libmicroros.a(libstd_msgs__rosidl_typesupport_microxrcedds_c-int32__type_support_c.c.obj)
 .text._Int32__get_serialized_size
                0x0000000008007c68       0x14 ../micro_ros_stm32cubemx_utils/microros_static_library_ide/libmicroros/libmicroros.a(libstd_msgs__rosidl_typesupport_microxrcedds_c-int32__type_support_c.c.obj)
 .text.rosidl_typesupport_microxrcedds_c__get_message_type_support_handle__std_msgs__msg__Int32
                0x0000000008007c7c        0x8 ../micro_ros_stm32cubemx_utils/microros_static_library_ide/libmicroros/libmicroros.a(libstd_msgs__rosidl_typesupport_microxrcedds_c-int32__type_support_c.c.obj)
                0x0000000008007c7c                rosidl_typesupport_microxrcedds_c__get_message_type_support_handle__std_msgs__msg__Int32
 .text.ucdr_serialize_bool
                0x0000000008007c84       0x2c ../micro_ros_stm32cubemx_utils/microros_static_library_ide/libmicroros/libmicroros.a(libmicrocdr-basic.c.obj)
                0x0000000008007c84                ucdr_serialize_bool
 .text.ucdr_deserialize_bool
                0x0000000008007cb0       0x30 ../micro_ros_stm32cubemx_utils/microros_static_library_ide/libmicroros/libmicroros.a(libmicrocdr-basic.c.obj)
                0x0000000008007cb0                ucdr_deserialize_bool
 .text.ucdr_serialize_uint8_t
                0x0000000008007ce0       0x2c ../micro_ros_stm32cubemx_utils/microros_static_library_ide/libmicroros/libmicroros.a(libmicrocdr-basic.c.obj)
                0x0000000008007ce0                ucdr_serialize_uint8_t
 .text.ucdr_deserialize_uint8_t
                0x0000000008007d0c       0x2c ../micro_ros_stm32cubemx_utils/microros_static_library_ide/libmicroros/libmicroros.a(libmicrocdr-basic.c.obj)
                0x0000000008007d0c                ucdr_deserialize_uint8_t
 .text.ucdr_serialize_uint16_t
                0x0000000008007d38      0x100 ../micro_ros_stm32cubemx_utils/microros_static_library_ide/libmicroros/libmicroros.a(libmicrocdr-basic.c.obj)
                0x0000000008007d38                ucdr_serialize_uint16_t
 .text.ucdr_serialize_endian_uint16_t
                0x0000000008007e38      0x100 ../micro_ros_stm32cubemx_utils/microros_static_library_ide/libmicroros/libmicroros.a(libmicrocdr-basic.c.obj)
                0x0000000008007e38                ucdr_serialize_endian_uint16_t
 .text.ucdr_deserialize_uint16_t
                0x0000000008007f38       0xe8 ../micro_ros_stm32cubemx_utils/microros_static_library_ide/libmicroros/libmicroros.a(libmicrocdr-basic.c.obj)
                0x0000000008007f38                ucdr_deserialize_uint16_t
 .text.ucdr_deserialize_endian_uint16_t
                0x0000000008008020       0xec ../micro_ros_stm32cubemx_utils/microros_static_library_ide/libmicroros/libmicroros.a(libmicrocdr-basic.c.obj)
                0x0000000008008020                ucdr_deserialize_endian_uint16_t
 .text.ucdr_serialize_uint32_t
                0x000000000800810c      0x130 ../micro_ros_stm32cubemx_utils/microros_static_library_ide/libmicroros/libmicroros.a(libmicrocdr-basic.c.obj)
                0x000000000800810c                ucdr_serialize_uint32_t
 .text.ucdr_serialize_endian_uint32_t
                0x000000000800823c      0x130 ../micro_ros_stm32cubemx_utils/microros_static_library_ide/libmicroros/libmicroros.a(libmicrocdr-basic.c.obj)
                0x000000000800823c                ucdr_serialize_endian_uint32_t
 .text.ucdr_deserialize_uint32_t
                0x000000000800836c      0x120 ../micro_ros_stm32cubemx_utils/microros_static_library_ide/libmicroros/libmicroros.a(libmicrocdr-basic.c.obj)
                0x000000000800836c                ucdr_deserialize_uint32_t
 .text.ucdr_deserialize_endian_uint32_t
                0x000000000800848c      0x12c ../micro_ros_stm32cubemx_utils/microros_static_library_ide/libmicroros/libmicroros.a(libmicrocdr-basic.c.obj)
                0x000000000800848c                ucdr_deserialize_endian_uint32_t
 .text.ucdr_serialize_uint64_t
                0x00000000080085b8      0x1a0 ../micro_ros_stm32cubemx_utils/microros_static_library_ide/libmicroros/libmicroros.a(libmicrocdr-basic.c.obj)
                0x00000000080085b8                ucdr_serialize_uint64_t
 .text.ucdr_serialize_int16_t
                0x0000000008008758      0x100 ../micro_ros_stm32cubemx_utils/microros_static_library_ide/libmicroros/libmicroros.a(libmicrocdr-basic.c.obj)
                0x0000000008008758                ucdr_serialize_int16_t
 .text.ucdr_deserialize_int16_t
                0x0000000008008858       0xe8 ../micro_ros_stm32cubemx_utils/microros_static_library_ide/libmicroros/libmicroros.a(libmicrocdr-basic.c.obj)
                0x0000000008008858                ucdr_deserialize_int16_t
 .text.ucdr_serialize_int32_t
                0x0000000008008940      0x130 ../micro_ros_stm32cubemx_utils/microros_static_library_ide/libmicroros/libmicroros.a(libmicrocdr-basic.c.obj)
                0x0000000008008940                ucdr_serialize_int32_t
 .text.ucdr_deserialize_int32_t
                0x0000000008008a70      0x120 ../micro_ros_stm32cubemx_utils/microros_static_library_ide/libmicroros/libmicroros.a(libmicrocdr-basic.c.obj)
                0x0000000008008a70                ucdr_deserialize_int32_t
 .text.ucdr_check_buffer_available_for
                0x0000000008008b90       0x18 ../micro_ros_stm32cubemx_utils/microros_static_library_ide/libmicroros/libmicroros.a(libmicrocdr-common.c.obj)
                0x0000000008008b90                ucdr_check_buffer_available_for
 .text.ucdr_check_final_buffer_behavior
                0x0000000008008ba8       0x38 ../micro_ros_stm32cubemx_utils/microros_static_library_ide/libmicroros/libmicroros.a(libmicrocdr-common.c.obj)
                0x0000000008008ba8                ucdr_check_final_buffer_behavior
 .text.ucdr_set_on_full_buffer_callback
                0x0000000008008be0        0x8 ../micro_ros_stm32cubemx_utils/microros_static_library_ide/libmicroros/libmicroros.a(libmicrocdr-common.c.obj)
                0x0000000008008be0                ucdr_set_on_full_buffer_callback
 .text.ucdr_init_buffer_origin_offset_endian
                0x0000000008008be8       0x2c ../micro_ros_stm32cubemx_utils/microros_static_library_ide/libmicroros/libmicroros.a(libmicrocdr-common.c.obj)
                0x0000000008008be8                ucdr_init_buffer_origin_offset_endian
 .text.ucdr_init_buffer_origin_offset
                0x0000000008008c14       0x14 ../micro_ros_stm32cubemx_utils/microros_static_library_ide/libmicroros/libmicroros.a(libmicrocdr-common.c.obj)
                0x0000000008008c14                ucdr_init_buffer_origin_offset
 .text.ucdr_init_buffer_origin
                0x0000000008008c28       0x10 ../micro_ros_stm32cubemx_utils/microros_static_library_ide/libmicroros/libmicroros.a(libmicrocdr-common.c.obj)
                0x0000000008008c28                ucdr_init_buffer_origin
 .text.ucdr_init_buffer
                0x0000000008008c38        0x8 ../micro_ros_stm32cubemx_utils/microros_static_library_ide/libmicroros/libmicroros.a(libmicrocdr-common.c.obj)
                0x0000000008008c38                ucdr_init_buffer
 .text.ucdr_alignment
                0x0000000008008c40       0x10 ../micro_ros_stm32cubemx_utils/microros_static_library_ide/libmicroros/libmicroros.a(libmicrocdr-common.c.obj)
                0x0000000008008c40                ucdr_alignment
 .text.ucdr_buffer_alignment
                0x0000000008008c50       0x1c ../micro_ros_stm32cubemx_utils/microros_static_library_ide/libmicroros/libmicroros.a(libmicrocdr-common.c.obj)
                0x0000000008008c50                ucdr_buffer_alignment
 .text.ucdr_align_to
                0x0000000008008c6c       0x24 ../micro_ros_stm32cubemx_utils/microros_static_library_ide/libmicroros/libmicroros.a(libmicrocdr-common.c.obj)
                0x0000000008008c6c                ucdr_align_to
 .text.ucdr_buffer_length
                0x0000000008008c90        0x8 ../micro_ros_stm32cubemx_utils/microros_static_library_ide/libmicroros/libmicroros.a(libmicrocdr-common.c.obj)
                0x0000000008008c90                ucdr_buffer_length
 .text.ucdr_buffer_remaining
                0x0000000008008c98        0x8 ../micro_ros_stm32cubemx_utils/microros_static_library_ide/libmicroros/libmicroros.a(libmicrocdr-common.c.obj)
                0x0000000008008c98                ucdr_buffer_remaining
 .text.ucdr_check_final_buffer_behavior_array
                0x0000000008008ca0       0x38 ../micro_ros_stm32cubemx_utils/microros_static_library_ide/libmicroros/libmicroros.a(libmicrocdr-common.c.obj)
                0x0000000008008ca0                ucdr_check_final_buffer_behavior_array
 .text.ucdr_advance_buffer
                0x0000000008008cd8       0x40 ../micro_ros_stm32cubemx_utils/microros_static_library_ide/libmicroros/libmicroros.a(libmicrocdr-common.c.obj)
                0x0000000008008cd8                ucdr_advance_buffer
 .text.uxr_buffer_delete_entity
                0x0000000008008d18       0x40 ../micro_ros_stm32cubemx_utils/microros_static_library_ide/libmicroros/libmicroros.a(libmicroxrcedds_client-common_create_entities.c.obj)
                0x0000000008008d18                uxr_buffer_delete_entity
 .text.uxr_common_create_entity
                0x0000000008008d58       0x58 ../micro_ros_stm32cubemx_utils/microros_static_library_ide/libmicroros/libmicroros.a(libmicroxrcedds_client-common_create_entities.c.obj)
                0x0000000008008d58                uxr_common_create_entity
 .text.uxr_buffer_create_participant_bin
                0x0000000008008db0       0x64 ../micro_ros_stm32cubemx_utils/microros_static_library_ide/libmicroros/libmicroros.a(libmicroxrcedds_client-create_entities_bin.c.obj)
                0x0000000008008db0                uxr_buffer_create_participant_bin
 .text.uxr_buffer_create_topic_bin
                0x0000000008008e14       0x6c ../micro_ros_stm32cubemx_utils/microros_static_library_ide/libmicroros/libmicroros.a(libmicroxrcedds_client-create_entities_bin.c.obj)
                0x0000000008008e14                uxr_buffer_create_topic_bin
 .text.uxr_buffer_create_publisher_bin
                0x0000000008008e80       0x60 ../micro_ros_stm32cubemx_utils/microros_static_library_ide/libmicroros/libmicroros.a(libmicroxrcedds_client-create_entities_bin.c.obj)
                0x0000000008008e80                uxr_buffer_create_publisher_bin
 .text.uxr_buffer_create_datawriter_bin
                0x0000000008008ee0       0xec ../micro_ros_stm32cubemx_utils/microros_static_library_ide/libmicroros/libmicroros.a(libmicroxrcedds_client-create_entities_bin.c.obj)
                0x0000000008008ee0                uxr_buffer_create_datawriter_bin
 .text.uxr_object_id
                0x0000000008008fcc       0x1c ../micro_ros_stm32cubemx_utils/microros_static_library_ide/libmicroros/libmicroros.a(libmicroxrcedds_client-object_id.c.obj)
                0x0000000008008fcc                uxr_object_id
 .text.uxr_object_id_from_raw
                0x0000000008008fe8       0x28 ../micro_ros_stm32cubemx_utils/microros_static_library_ide/libmicroros/libmicroros.a(libmicroxrcedds_client-object_id.c.obj)
                0x0000000008008fe8                uxr_object_id_from_raw
 .text.uxr_object_id_to_raw
                0x0000000008009010       0x1c ../micro_ros_stm32cubemx_utils/microros_static_library_ide/libmicroros/libmicroros.a(libmicroxrcedds_client-object_id.c.obj)
                0x0000000008009010                uxr_object_id_to_raw
 .text.on_get_fragmentation_info
                0x000000000800902c       0x44 ../micro_ros_stm32cubemx_utils/microros_static_library_ide/libmicroros/libmicroros.a(libmicroxrcedds_client-session.c.obj)
 .text.read_submessage_get_info
                0x0000000008009070       0x6c ../micro_ros_stm32cubemx_utils/microros_static_library_ide/libmicroros/libmicroros.a(libmicroxrcedds_client-session.c.obj)
 .text.write_submessage_acknack.isra.0
                0x00000000080090dc       0x6c ../micro_ros_stm32cubemx_utils/microros_static_library_ide/libmicroros/libmicroros.a(libmicroxrcedds_client-session.c.obj)
 .text.uxr_init_session
                0x0000000008009148       0x40 ../micro_ros_stm32cubemx_utils/microros_static_library_ide/libmicroros/libmicroros.a(libmicroxrcedds_client-session.c.obj)
                0x0000000008009148                uxr_init_session
 .text.uxr_set_status_callback
                0x0000000008009188        0x8 ../micro_ros_stm32cubemx_utils/microros_static_library_ide/libmicroros/libmicroros.a(libmicroxrcedds_client-session.c.obj)
                0x0000000008009188                uxr_set_status_callback
 .text.uxr_set_topic_callback
                0x0000000008009190        0x8 ../micro_ros_stm32cubemx_utils/microros_static_library_ide/libmicroros/libmicroros.a(libmicroxrcedds_client-session.c.obj)
                0x0000000008009190                uxr_set_topic_callback
 .text.uxr_set_request_callback
                0x0000000008009198        0x8 ../micro_ros_stm32cubemx_utils/microros_static_library_ide/libmicroros/libmicroros.a(libmicroxrcedds_client-session.c.obj)
                0x0000000008009198                uxr_set_request_callback
 .text.uxr_set_reply_callback
                0x00000000080091a0        0x8 ../micro_ros_stm32cubemx_utils/microros_static_library_ide/libmicroros/libmicroros.a(libmicroxrcedds_client-session.c.obj)
                0x00000000080091a0                uxr_set_reply_callback
 .text.uxr_create_output_best_effort_stream
                0x00000000080091a8       0x24 ../micro_ros_stm32cubemx_utils/microros_static_library_ide/libmicroros/libmicroros.a(libmicroxrcedds_client-session.c.obj)
                0x00000000080091a8                uxr_create_output_best_effort_stream
 .text.uxr_create_output_reliable_stream
                0x00000000080091cc       0x44 ../micro_ros_stm32cubemx_utils/microros_static_library_ide/libmicroros/libmicroros.a(libmicroxrcedds_client-session.c.obj)
                0x00000000080091cc                uxr_create_output_reliable_stream
 .text.uxr_create_input_best_effort_stream
                0x0000000008009210        0xc ../micro_ros_stm32cubemx_utils/microros_static_library_ide/libmicroros/libmicroros.a(libmicroxrcedds_client-session.c.obj)
                0x0000000008009210                uxr_create_input_best_effort_stream
 .text.uxr_create_input_reliable_stream
                0x000000000800921c       0x38 ../micro_ros_stm32cubemx_utils/microros_static_library_ide/libmicroros/libmicroros.a(libmicroxrcedds_client-session.c.obj)
                0x000000000800921c                uxr_create_input_reliable_stream
 .text.uxr_epoch_nanos
                0x0000000008009254       0x14 ../micro_ros_stm32cubemx_utils/microros_static_library_ide/libmicroros/libmicroros.a(libmicroxrcedds_client-session.c.obj)
                0x0000000008009254                uxr_epoch_nanos
 .text.uxr_flash_output_streams
                0x0000000008009268       0xec ../micro_ros_stm32cubemx_utils/microros_static_library_ide/libmicroros/libmicroros.a(libmicroxrcedds_client-session.c.obj)
                0x0000000008009268                uxr_flash_output_streams
 .text.read_submessage_info
                0x0000000008009354       0x90 ../micro_ros_stm32cubemx_utils/microros_static_library_ide/libmicroros/libmicroros.a(libmicroxrcedds_client-session.c.obj)
                0x0000000008009354                read_submessage_info
 .text.read_submessage_list
                0x00000000080093e4      0x310 ../micro_ros_stm32cubemx_utils/microros_static_library_ide/libmicroros/libmicroros.a(libmicroxrcedds_client-session.c.obj)
 .text.listen_message_reliably
                0x00000000080096f4      0x280 ../micro_ros_stm32cubemx_utils/microros_static_library_ide/libmicroros/libmicroros.a(libmicroxrcedds_client-session.c.obj)
 .text.uxr_run_session_until_confirm_delivery
                0x0000000008009974       0x4c ../micro_ros_stm32cubemx_utils/microros_static_library_ide/libmicroros/libmicroros.a(libmicroxrcedds_client-session.c.obj)
                0x0000000008009974                uxr_run_session_until_confirm_delivery
 .text.uxr_run_session_until_all_status
                0x00000000080099c0       0xa4 ../micro_ros_stm32cubemx_utils/microros_static_library_ide/libmicroros/libmicroros.a(libmicroxrcedds_client-session.c.obj)
                0x00000000080099c0                uxr_run_session_until_all_status
 .text.wait_session_status
                0x0000000008009a64      0x1a0 ../micro_ros_stm32cubemx_utils/microros_static_library_ide/libmicroros/libmicroros.a(libmicroxrcedds_client-session.c.obj)
 .text.uxr_delete_session_retries
                0x0000000008009c04       0x50 ../micro_ros_stm32cubemx_utils/microros_static_library_ide/libmicroros/libmicroros.a(libmicroxrcedds_client-session.c.obj)
                0x0000000008009c04                uxr_delete_session_retries
 .text.uxr_create_session
                0x0000000008009c54      0x1bc ../micro_ros_stm32cubemx_utils/microros_static_library_ide/libmicroros/libmicroros.a(libmicroxrcedds_client-session.c.obj)
                0x0000000008009c54                uxr_create_session
 .text.uxr_prepare_stream_to_write_submessage
                0x0000000008009e10       0x88 ../micro_ros_stm32cubemx_utils/microros_static_library_ide/libmicroros/libmicroros.a(libmicroxrcedds_client-session.c.obj)
                0x0000000008009e10                uxr_prepare_stream_to_write_submessage
 .text.uxr_init_session_info
                0x0000000008009e98       0x20 ../micro_ros_stm32cubemx_utils/microros_static_library_ide/libmicroros/libmicroros.a(libmicroxrcedds_client-session_info.c.obj)
                0x0000000008009e98                uxr_init_session_info
 .text.uxr_buffer_create_session
                0x0000000008009eb8       0x54 ../micro_ros_stm32cubemx_utils/microros_static_library_ide/libmicroros/libmicroros.a(libmicroxrcedds_client-session_info.c.obj)
                0x0000000008009eb8                uxr_buffer_create_session
 .text.uxr_buffer_delete_session
                0x0000000008009f0c       0x38 ../micro_ros_stm32cubemx_utils/microros_static_library_ide/libmicroros/libmicroros.a(libmicroxrcedds_client-session_info.c.obj)
                0x0000000008009f0c                uxr_buffer_delete_session
 .text.uxr_read_create_session_status
                0x0000000008009f44       0x18 ../micro_ros_stm32cubemx_utils/microros_static_library_ide/libmicroros/libmicroros.a(libmicroxrcedds_client-session_info.c.obj)
                0x0000000008009f44                uxr_read_create_session_status
 .text.uxr_read_delete_session_status
                0x0000000008009f5c       0x3c ../micro_ros_stm32cubemx_utils/microros_static_library_ide/libmicroros/libmicroros.a(libmicroxrcedds_client-session_info.c.obj)
                0x0000000008009f5c                uxr_read_delete_session_status
 .text.uxr_stamp_create_session_header
                0x0000000008009f98       0x28 ../micro_ros_stm32cubemx_utils/microros_static_library_ide/libmicroros/libmicroros.a(libmicroxrcedds_client-session_info.c.obj)
                0x0000000008009f98                uxr_stamp_create_session_header
 .text.uxr_stamp_session_header
                0x0000000008009fc0       0x28 ../micro_ros_stm32cubemx_utils/microros_static_library_ide/libmicroros/libmicroros.a(libmicroxrcedds_client-session_info.c.obj)
                0x0000000008009fc0                uxr_stamp_session_header
 .text.uxr_read_session_header
                0x0000000008009fe8       0x84 ../micro_ros_stm32cubemx_utils/microros_static_library_ide/libmicroros/libmicroros.a(libmicroxrcedds_client-session_info.c.obj)
                0x0000000008009fe8                uxr_read_session_header
 .text.uxr_session_header_offset
                0x000000000800a06c       0x10 ../micro_ros_stm32cubemx_utils/microros_static_library_ide/libmicroros/libmicroros.a(libmicroxrcedds_client-session_info.c.obj)
                0x000000000800a06c                uxr_session_header_offset
 .text.uxr_init_base_object_request
                0x000000000800a07c       0x3c ../micro_ros_stm32cubemx_utils/microros_static_library_ide/libmicroros/libmicroros.a(libmicroxrcedds_client-session_info.c.obj)
                0x000000000800a07c                uxr_init_base_object_request
 .text.uxr_parse_base_object_request
                0x000000000800a0b8       0x24 ../micro_ros_stm32cubemx_utils/microros_static_library_ide/libmicroros/libmicroros.a(libmicroxrcedds_client-session_info.c.obj)
                0x000000000800a0b8                uxr_parse_base_object_request
 .text.uxr_stream_id
                0x000000000800a0dc       0x54 ../micro_ros_stm32cubemx_utils/microros_static_library_ide/libmicroros/libmicroros.a(libmicroxrcedds_client-stream_id.c.obj)
                0x000000000800a0dc                uxr_stream_id
 .text.uxr_stream_id_from_raw
                0x000000000800a130       0x54 ../micro_ros_stm32cubemx_utils/microros_static_library_ide/libmicroros/libmicroros.a(libmicroxrcedds_client-stream_id.c.obj)
                0x000000000800a130                uxr_stream_id_from_raw
 .text.uxr_init_stream_storage
                0x000000000800a184       0x14 ../micro_ros_stm32cubemx_utils/microros_static_library_ide/libmicroros/libmicroros.a(libmicroxrcedds_client-stream_storage.c.obj)
                0x000000000800a184                uxr_init_stream_storage
 .text.uxr_reset_stream_storage
                0x000000000800a198       0x80 ../micro_ros_stm32cubemx_utils/microros_static_library_ide/libmicroros/libmicroros.a(libmicroxrcedds_client-stream_storage.c.obj)
                0x000000000800a198                uxr_reset_stream_storage
 .text.uxr_add_output_best_effort_buffer
                0x000000000800a218       0x28 ../micro_ros_stm32cubemx_utils/microros_static_library_ide/libmicroros/libmicroros.a(libmicroxrcedds_client-stream_storage.c.obj)
                0x000000000800a218                uxr_add_output_best_effort_buffer
 .text.uxr_add_output_reliable_buffer
                0x000000000800a240       0x34 ../micro_ros_stm32cubemx_utils/microros_static_library_ide/libmicroros/libmicroros.a(libmicroxrcedds_client-stream_storage.c.obj)
                0x000000000800a240                uxr_add_output_reliable_buffer
 .text.uxr_add_input_best_effort_buffer
                0x000000000800a274       0x2c ../micro_ros_stm32cubemx_utils/microros_static_library_ide/libmicroros/libmicroros.a(libmicroxrcedds_client-stream_storage.c.obj)
                0x000000000800a274                uxr_add_input_best_effort_buffer
 .text.uxr_add_input_reliable_buffer
                0x000000000800a2a0       0x34 ../micro_ros_stm32cubemx_utils/microros_static_library_ide/libmicroros/libmicroros.a(libmicroxrcedds_client-stream_storage.c.obj)
                0x000000000800a2a0                uxr_add_input_reliable_buffer
 .text.uxr_get_output_best_effort_stream
                0x000000000800a2d4       0x10 ../micro_ros_stm32cubemx_utils/microros_static_library_ide/libmicroros/libmicroros.a(libmicroxrcedds_client-stream_storage.c.obj)
                0x000000000800a2d4                uxr_get_output_best_effort_stream
 .text.uxr_get_output_reliable_stream
                0x000000000800a2e4       0x14 ../micro_ros_stm32cubemx_utils/microros_static_library_ide/libmicroros/libmicroros.a(libmicroxrcedds_client-stream_storage.c.obj)
                0x000000000800a2e4                uxr_get_output_reliable_stream
 .text.uxr_get_input_best_effort_stream
                0x000000000800a2f8       0x14 ../micro_ros_stm32cubemx_utils/microros_static_library_ide/libmicroros/libmicroros.a(libmicroxrcedds_client-stream_storage.c.obj)
                0x000000000800a2f8                uxr_get_input_best_effort_stream
 .text.uxr_get_input_reliable_stream
                0x000000000800a30c       0x14 ../micro_ros_stm32cubemx_utils/microros_static_library_ide/libmicroros/libmicroros.a(libmicroxrcedds_client-stream_storage.c.obj)
                0x000000000800a30c                uxr_get_input_reliable_stream
 .text.uxr_output_streams_confirmed
                0x000000000800a320       0x2c ../micro_ros_stm32cubemx_utils/microros_static_library_ide/libmicroros/libmicroros.a(libmicroxrcedds_client-stream_storage.c.obj)
                0x000000000800a320                uxr_output_streams_confirmed
 .text.uxr_buffer_submessage_header
                0x000000000800a34c       0x34 ../micro_ros_stm32cubemx_utils/microros_static_library_ide/libmicroros/libmicroros.a(libmicroxrcedds_client-submessage.c.obj)
                0x000000000800a34c                uxr_buffer_submessage_header
 .text.uxr_read_submessage_header
                0x000000000800a380       0x4c ../micro_ros_stm32cubemx_utils/microros_static_library_ide/libmicroros/libmicroros.a(libmicroxrcedds_client-submessage.c.obj)
                0x000000000800a380                uxr_read_submessage_header
 .text.uxr_submessage_padding
                0x000000000800a3cc        0xc ../micro_ros_stm32cubemx_utils/microros_static_library_ide/libmicroros/libmicroros.a(libmicroxrcedds_client-submessage.c.obj)
                0x000000000800a3cc                uxr_submessage_padding
 .text.uxr_millis
                0x000000000800a3d8       0x34 ../micro_ros_stm32cubemx_utils/microros_static_library_ide/libmicroros/libmicroros.a(libmicroxrcedds_client-time.c.obj)
                0x000000000800a3d8                uxr_millis
 .text.uxr_nanos
                0x000000000800a40c       0x2c ../micro_ros_stm32cubemx_utils/microros_static_library_ide/libmicroros/libmicroros.a(libmicroxrcedds_client-time.c.obj)
                0x000000000800a40c                uxr_nanos
 .text.on_full_output_buffer_fragmented
                0x000000000800a438      0x114 ../micro_ros_stm32cubemx_utils/microros_static_library_ide/libmicroros/libmicroros.a(libmicroxrcedds_client-write_access.c.obj)
                0x000000000800a438                on_full_output_buffer_fragmented
 .text.uxr_prepare_output_stream
                0x000000000800a54c       0x60 ../micro_ros_stm32cubemx_utils/microros_static_library_ide/libmicroros/libmicroros.a(libmicroxrcedds_client-write_access.c.obj)
                0x000000000800a54c                uxr_prepare_output_stream
 .text.uxr_prepare_output_stream_fragmented
                0x000000000800a5ac      0x194 ../micro_ros_stm32cubemx_utils/microros_static_library_ide/libmicroros/libmicroros.a(libmicroxrcedds_client-write_access.c.obj)
                0x000000000800a5ac                uxr_prepare_output_stream_fragmented
 .text.uxr_serialize_message_header
                0x000000000800a740       0x3c ../micro_ros_stm32cubemx_utils/microros_static_library_ide/libmicroros/libmicroros.a(libmicroxrcedds_client-xrce_header.c.obj)
                0x000000000800a740                uxr_serialize_message_header
 .text.uxr_deserialize_message_header
                0x000000000800a77c       0x40 ../micro_ros_stm32cubemx_utils/microros_static_library_ide/libmicroros/libmicroros.a(libmicroxrcedds_client-xrce_header.c.obj)
                0x000000000800a77c                uxr_deserialize_message_header
 .text.uxr_serialize_submessage_header
                0x000000000800a7bc       0x28 ../micro_ros_stm32cubemx_utils/microros_static_library_ide/libmicroros/libmicroros.a(libmicroxrcedds_client-xrce_subheader.c.obj)
                0x000000000800a7bc                uxr_serialize_submessage_header
 .text.uxr_deserialize_submessage_header
                0x000000000800a7e4       0x28 ../micro_ros_stm32cubemx_utils/microros_static_library_ide/libmicroros/libmicroros.a(libmicroxrcedds_client-xrce_subheader.c.obj)
                0x000000000800a7e4                uxr_deserialize_submessage_header
 .text.uxr_serialize_CLIENT_Representation
                0x000000000800a80c       0xb0 ../micro_ros_stm32cubemx_utils/microros_static_library_ide/libmicroros/libmicroros.a(libmicroxrcedds_client-xrce_types.c.obj)
                0x000000000800a80c                uxr_serialize_CLIENT_Representation
 .text.uxr_deserialize_CLIENT_Representation
                0x000000000800a8bc       0xc8 ../micro_ros_stm32cubemx_utils/microros_static_library_ide/libmicroros/libmicroros.a(libmicroxrcedds_client-xrce_types.c.obj)
                0x000000000800a8bc                uxr_deserialize_CLIENT_Representation
 .text.uxr_serialize_AGENT_Representation
                0x000000000800a984       0x94 ../micro_ros_stm32cubemx_utils/microros_static_library_ide/libmicroros/libmicroros.a(libmicroxrcedds_client-xrce_types.c.obj)
                0x000000000800a984                uxr_serialize_AGENT_Representation
 .text.uxr_serialize_DATAWRITER_Representation
                0x000000000800aa18       0x50 ../micro_ros_stm32cubemx_utils/microros_static_library_ide/libmicroros/libmicroros.a(libmicroxrcedds_client-xrce_types.c.obj)
                0x000000000800aa18                uxr_serialize_DATAWRITER_Representation
 .text.uxr_serialize_ObjectVariant.part.0
                0x000000000800aa68       0xe8 ../micro_ros_stm32cubemx_utils/microros_static_library_ide/libmicroros/libmicroros.a(libmicroxrcedds_client-xrce_types.c.obj)
 .text.uxr_deserialize_DATAWRITER_Representation
                0x000000000800ab50       0x54 ../micro_ros_stm32cubemx_utils/microros_static_library_ide/libmicroros/libmicroros.a(libmicroxrcedds_client-xrce_types.c.obj)
                0x000000000800ab50                uxr_deserialize_DATAWRITER_Representation
 .text.uxr_serialize_OBJK_DomainParticipant_Binary
                0x000000000800aba4       0x44 ../micro_ros_stm32cubemx_utils/microros_static_library_ide/libmicroros/libmicroros.a(libmicroxrcedds_client-xrce_types.c.obj)
                0x000000000800aba4                uxr_serialize_OBJK_DomainParticipant_Binary
 .text.uxr_serialize_OBJK_Topic_Binary
                0x000000000800abe8       0x4c ../micro_ros_stm32cubemx_utils/microros_static_library_ide/libmicroros/libmicroros.a(libmicroxrcedds_client-xrce_types.c.obj)
                0x000000000800abe8                uxr_serialize_OBJK_Topic_Binary
 .text.uxr_serialize_OBJK_Publisher_Binary_Qos
                0x000000000800ac34      0x11c ../micro_ros_stm32cubemx_utils/microros_static_library_ide/libmicroros/libmicroros.a(libmicroxrcedds_client-xrce_types.c.obj)
                0x000000000800ac34                uxr_serialize_OBJK_Publisher_Binary_Qos
 .text.uxr_serialize_OBJK_Publisher_Binary
                0x000000000800ad50       0x44 ../micro_ros_stm32cubemx_utils/microros_static_library_ide/libmicroros/libmicroros.a(libmicroxrcedds_client-xrce_types.c.obj)
                0x000000000800ad50                uxr_serialize_OBJK_Publisher_Binary
 .text.uxr_serialize_OBJK_Endpoint_QosBinary
                0x000000000800ad94       0xa8 ../micro_ros_stm32cubemx_utils/microros_static_library_ide/libmicroros/libmicroros.a(libmicroxrcedds_client-xrce_types.c.obj)
                0x000000000800ad94                uxr_serialize_OBJK_Endpoint_QosBinary
 .text.uxr_serialize_OBJK_DataWriter_Binary
                0x000000000800ae3c       0x58 ../micro_ros_stm32cubemx_utils/microros_static_library_ide/libmicroros/libmicroros.a(libmicroxrcedds_client-xrce_types.c.obj)
                0x000000000800ae3c                uxr_serialize_OBJK_DataWriter_Binary
 .text.uxr_deserialize_ObjectVariant
                0x000000000800ae94      0x144 ../micro_ros_stm32cubemx_utils/microros_static_library_ide/libmicroros/libmicroros.a(libmicroxrcedds_client-xrce_types.c.obj)
                0x000000000800ae94                uxr_deserialize_ObjectVariant
 .text.uxr_deserialize_BaseObjectRequest
                0x000000000800afd8       0x20 ../micro_ros_stm32cubemx_utils/microros_static_library_ide/libmicroros/libmicroros.a(libmicroxrcedds_client-xrce_types.c.obj)
                0x000000000800afd8                uxr_deserialize_BaseObjectRequest
 .text.uxr_serialize_ActivityInfoVariant
                0x000000000800aff8      0x14c ../micro_ros_stm32cubemx_utils/microros_static_library_ide/libmicroros/libmicroros.a(libmicroxrcedds_client-xrce_types.c.obj)
                0x000000000800aff8                uxr_serialize_ActivityInfoVariant
 .text.uxr_deserialize_BaseObjectReply
                0x000000000800b144       0x3c ../micro_ros_stm32cubemx_utils/microros_static_library_ide/libmicroros/libmicroros.a(libmicroxrcedds_client-xrce_types.c.obj)
                0x000000000800b144                uxr_deserialize_BaseObjectReply