12:25:00 **** Incremental Build of configuration Debug for project QTR_F4 ****
make -j8 all 
arm-none-eabi-gcc "../Core/Src/main.c" -mcpu=cortex-m4 -std=gnu11 -g3 -DDEBUG -DUSE_HAL_DRIVER -DSTM32F407xx -c -I../USB_HOST/App -I../USB_HOST/Target -I../Core/Inc -I../Drivers/STM32F4xx_HAL_Driver/Inc -I../Drivers/STM32F4xx_HAL_Driver/Inc/Legacy -I../Middlewares/ST/STM32_USB_Host_Library/Core/Inc -I../Middlewares/ST/STM32_USB_Host_Library/Class/CDC/Inc -I../Drivers/CMSIS/Device/ST/STM32F4xx/Include -I../Drivers/CMSIS/Include -O0 -ffunction-sections -fdata-sections -Wall -fstack-usage -fcyclomatic-complexity -MMD -MP -MF"Core/Src/main.d" -MT"Core/Src/main.o" --specs=nano.specs -mfpu=fpv4-sp-d16 -mfloat-abi=hard -mthumb -o "Core/Src/main.o"
arm-none-eabi-gcc -o "QTR_F4.elf" @"objects.list"   -mcpu=cortex-m4 -T"/home/emirhan/STM32CubeIDE/workspace_1.13.1/QTR_F4/STM32F407VGTX_FLASH.ld" --specs=nosys.specs -Wl,-Map="QTR_F4.map" -Wl,--gc-sections -static --specs=nano.specs -mfpu=fpv4-sp-d16 -mfloat-abi=hard -mthumb -Wl,--start-group -lc -lm -Wl,--end-group
Finished building target: QTR_F4.elf
 
arm-none-eabi-size   QTR_F4.elf 
arm-none-eabi-objdump -h -S  QTR_F4.elf  > "QTR_F4.list"
   text	   data	    bss	    dec	    hex	filename
  36836	    132	   4260	  41228	   a10c	QTR_F4.elf
Finished building: default.size.stdout
 
Finished building: QTR_F4.list
 

12:25:01 Build Finished. 0 errors, 0 warnings. (took 1s.36ms)

