18:12:44 **** Incremental Build of configuration Debug for project Subscriber_microros ****
make -j8 all 
docker pull microros/micro_ros_static_library_builder:humble && docker run --rm -v /home/emirhan/STM32CubeIDE/workspace_1.13.1/Subscriber_microros:/project --env MICROROS_LIBRARY_FOLDER=micro_ros_stm32cubemx_utils/microros_static_library_ide microros/micro_ros_static_library_builder:humble
humble: Pulling from microros/micro_ros_static_library_builder
Digest: sha256:3c13fee7e7d6814ebc87c7ccd4c5d7592310b8adc86c5ff2a1f4de179776a0fb
Status: Image is up to date for microros/micro_ros_static_library_builder:humble
docker.io/microros/micro_ros_static_library_builder:humble
dos2unix: converting file /project/micro_ros_stm32cubemx_utils/microros_static_library_ide/library_generation/library_generation.sh to Unix format...
micro-ROS library found. Skipping...
Delete micro_ros_stm32cubemx_utils/microros_static_library_ide/libmicroros/ for rebuild.
 
arm-none-eabi-size   Subscriber_microros.elf 
   text	   data	    bss	    dec	    hex	filename
  73168	    284	  57600	 131052	  1ffec	Subscriber_microros.elf
Finished building: default.size.stdout
 

18:12:47 Build Finished. 0 errors, 0 warnings. (took 3s.402ms)

