../Core/Src/main.c:97:6:timer_callback	32	static
../Core/Src/main.c:112:5:main	312	static
../Core/Src/main.c:232:6:SystemClock_Config	88	static
../Core/Src/main.c:278:13:MX_I2C1_Init	8	static
../Core/Src/main.c:312:13:MX_I2S3_Init	8	static
../Core/Src/main.c:346:13:MX_SPI1_Init	8	static
../Core/Src/main.c:384:13:MX_USART2_UART_Init	8	static
../Core/Src/main.c:415:13:MX_DMA_Init	16	static
../Core/Src/main.c:436:13:MX_GPIO_Init	56	static
../Core/Src/main.c:546:6:StartDefaultTask	48	static
../Core/Src/main.c:574:6:Error_Handler	4	static,ignoring_inline_asm
